Archive member included to satisfy reference by file (symbol)

c:/st/stm32cubeide_1.11.0/stm32cubeide/plugins/com.st.stm32cube.ide.mcu.externaltools.gnu-tools-for-stm32.10.3-2021.10.win32_1.0.100.202210260954/tools/bin/../lib/gcc/arm-none-eabi/10.3.1/../../../../arm-none-eabi/lib/thumb/v7-m/nofp\libc_nano.a(lib_a-errno.o)
                              ./Core/Src/syscalls.o (__errno)
c:/st/stm32cubeide_1.11.0/stm32cubeide/plugins/com.st.stm32cube.ide.mcu.externaltools.gnu-tools-for-stm32.10.3-2021.10.win32_1.0.100.202210260954/tools/bin/../lib/gcc/arm-none-eabi/10.3.1/../../../../arm-none-eabi/lib/thumb/v7-m/nofp\libc_nano.a(lib_a-exit.o)
                              c:/st/stm32cubeide_1.11.0/stm32cubeide/plugins/com.st.stm32cube.ide.mcu.externaltools.gnu-tools-for-stm32.10.3-2021.10.win32_1.0.100.202210260954/tools/bin/../lib/gcc/arm-none-eabi/10.3.1/../../../../arm-none-eabi/lib/thumb/v7-m/nofp/crt0.o (exit)
c:/st/stm32cubeide_1.11.0/stm32cubeide/plugins/com.st.stm32cube.ide.mcu.externaltools.gnu-tools-for-stm32.10.3-2021.10.win32_1.0.100.202210260954/tools/bin/../lib/gcc/arm-none-eabi/10.3.1/../../../../arm-none-eabi/lib/thumb/v7-m/nofp\libc_nano.a(lib_a-impure.o)
                              c:/st/stm32cubeide_1.11.0/stm32cubeide/plugins/com.st.stm32cube.ide.mcu.externaltools.gnu-tools-for-stm32.10.3-2021.10.win32_1.0.100.202210260954/tools/bin/../lib/gcc/arm-none-eabi/10.3.1/../../../../arm-none-eabi/lib/thumb/v7-m/nofp\libc_nano.a(lib_a-exit.o) (_global_impure_ptr)
c:/st/stm32cubeide_1.11.0/stm32cubeide/plugins/com.st.stm32cube.ide.mcu.externaltools.gnu-tools-for-stm32.10.3-2021.10.win32_1.0.100.202210260954/tools/bin/../lib/gcc/arm-none-eabi/10.3.1/../../../../arm-none-eabi/lib/thumb/v7-m/nofp\libc_nano.a(lib_a-init.o)
                              c:/st/stm32cubeide_1.11.0/stm32cubeide/plugins/com.st.stm32cube.ide.mcu.externaltools.gnu-tools-for-stm32.10.3-2021.10.win32_1.0.100.202210260954/tools/bin/../lib/gcc/arm-none-eabi/10.3.1/../../../../arm-none-eabi/lib/thumb/v7-m/nofp/crt0.o (__libc_init_array)
c:/st/stm32cubeide_1.11.0/stm32cubeide/plugins/com.st.stm32cube.ide.mcu.externaltools.gnu-tools-for-stm32.10.3-2021.10.win32_1.0.100.202210260954/tools/bin/../lib/gcc/arm-none-eabi/10.3.1/../../../../arm-none-eabi/lib/thumb/v7-m/nofp\libc_nano.a(lib_a-memcpy-stub.o)
                              ./Core/Src/main.o (memcpy)
c:/st/stm32cubeide_1.11.0/stm32cubeide/plugins/com.st.stm32cube.ide.mcu.externaltools.gnu-tools-for-stm32.10.3-2021.10.win32_1.0.100.202210260954/tools/bin/../lib/gcc/arm-none-eabi/10.3.1/../../../../arm-none-eabi/lib/thumb/v7-m/nofp\libc_nano.a(lib_a-memset.o)
                              c:/st/stm32cubeide_1.11.0/stm32cubeide/plugins/com.st.stm32cube.ide.mcu.externaltools.gnu-tools-for-stm32.10.3-2021.10.win32_1.0.100.202210260954/tools/bin/../lib/gcc/arm-none-eabi/10.3.1/../../../../arm-none-eabi/lib/thumb/v7-m/nofp/crt0.o (memset)
c:/st/stm32cubeide_1.11.0/stm32cubeide/plugins/com.st.stm32cube.ide.mcu.externaltools.gnu-tools-for-stm32.10.3-2021.10.win32_1.0.100.202210260954/tools/bin/../lib/gcc/arm-none-eabi/10.3.1/../../../../arm-none-eabi/lib/thumb/v7-m/nofp\libc_nano.a(lib_a-sprintf.o)
                              ./Core/Src/main.o (sprintf)
c:/st/stm32cubeide_1.11.0/stm32cubeide/plugins/com.st.stm32cube.ide.mcu.externaltools.gnu-tools-for-stm32.10.3-2021.10.win32_1.0.100.202210260954/tools/bin/../lib/gcc/arm-none-eabi/10.3.1/../../../../arm-none-eabi/lib/thumb/v7-m/nofp\libc_nano.a(lib_a-strlen.o)
                              ./Core/Src/lcd16x2.o (strlen)
c:/st/stm32cubeide_1.11.0/stm32cubeide/plugins/com.st.stm32cube.ide.mcu.externaltools.gnu-tools-for-stm32.10.3-2021.10.win32_1.0.100.202210260954/tools/bin/../lib/gcc/arm-none-eabi/10.3.1/../../../../arm-none-eabi/lib/thumb/v7-m/nofp\libc_nano.a(lib_a-vsprintf.o)
                              ./Core/Src/lcd16x2.o (vsprintf)
c:/st/stm32cubeide_1.11.0/stm32cubeide/plugins/com.st.stm32cube.ide.mcu.externaltools.gnu-tools-for-stm32.10.3-2021.10.win32_1.0.100.202210260954/tools/bin/../lib/gcc/arm-none-eabi/10.3.1/../../../../arm-none-eabi/lib/thumb/v7-m/nofp\libc_nano.a(lib_a-nano-svfprintf.o)
                              c:/st/stm32cubeide_1.11.0/stm32cubeide/plugins/com.st.stm32cube.ide.mcu.externaltools.gnu-tools-for-stm32.10.3-2021.10.win32_1.0.100.202210260954/tools/bin/../lib/gcc/arm-none-eabi/10.3.1/../../../../arm-none-eabi/lib/thumb/v7-m/nofp\libc_nano.a(lib_a-sprintf.o) (_svfprintf_r)
c:/st/stm32cubeide_1.11.0/stm32cubeide/plugins/com.st.stm32cube.ide.mcu.externaltools.gnu-tools-for-stm32.10.3-2021.10.win32_1.0.100.202210260954/tools/bin/../lib/gcc/arm-none-eabi/10.3.1/../../../../arm-none-eabi/lib/thumb/v7-m/nofp\libc_nano.a(lib_a-nano-vfprintf_i.o)
[...]
Memory Configuration

Name             Origin             Length             Attributes
RAM              0x0000000020000000 0x0000000000005000 xrw
FLASH            0x0000000008000000 0x0000000000010000 xr
*default*        0x0000000000000000 0xffffffffffffffff

Linker script and memory map

LOAD c:/st/stm32cubeide_1.11.0/stm32cubeide/plugins/com.st.stm32cube.ide.mcu.externaltools.gnu-tools-for-stm32.10.3-2021.10.win32_1.0.100.202210260954/tools/bin/../lib/gcc/arm-none-eabi/10.3.1/thumb/v7-m/nofp/crti.o
LOAD c:/st/stm32cubeide_1.11.0/stm32cubeide/plugins/com.st.stm32cube.ide.mcu.externaltools.gnu-tools-for-stm32.10.3-2021.10.win32_1.0.100.202210260954/tools/bin/../lib/gcc/arm-none-eabi/10.3.1/thumb/v7-m/nofp/crtbegin.o
LOAD c:/st/stm32cubeide_1.11.0/stm32cubeide/plugins/com.st.stm32cube.ide.mcu.externaltools.gnu-tools-for-stm32.10.3-2021.10.win32_1.0.100.202210260954/tools/bin/../lib/gcc/arm-none-eabi/10.3.1/../../../../arm-none-eabi/lib/thumb/v7-m/nofp/crt0.o
LOAD ./Core/Src/lcd16x2.o
LOAD ./Core/Src/main.o
LOAD ./Core/Src/stm32f1xx_hal_msp.o
LOAD ./Core/Src/stm32f1xx_it.o
LOAD ./Core/Src/syscalls.o
LOAD ./Core/Src/sysmem.o
LOAD ./Core/Src/system_stm32f1xx.o
LOAD ./Core/Startup/startup_stm32f103c8tx.o
LOAD ./Drivers/STM32F1xx_HAL_Driver/Src/stm32f1xx_hal.o
LOAD ./Drivers/STM32F1xx_HAL_Driver/Src/stm32f1xx_hal_cortex.o
LOAD ./Drivers/STM32F1xx_HAL_Driver/Src/stm32f1xx_hal_dma.o
LOAD ./Drivers/STM32F1xx_HAL_Driver/Src/stm32f1xx_hal_exti.o
LOAD ./Drivers/STM32F1xx_HAL_Driver/Src/stm32f1xx_hal_flash.o
LOAD ./Drivers/STM32F1xx_HAL_Driver/Src/stm32f1xx_hal_flash_ex.o
LOAD ./Drivers/STM32F1xx_HAL_Driver/Src/stm32f1xx_hal_gpio.o
LOAD ./Drivers/STM32F1xx_HAL_Driver/Src/stm32f1xx_hal_gpio_ex.o
LOAD ./Drivers/STM32F1xx_HAL_Driver/Src/stm32f1xx_hal_pwr.o
LOAD ./Drivers/STM32F1xx_HAL_Driver/Src/stm32f1xx_hal_rcc.o
LOAD ./Drivers/STM32F1xx_HAL_Driver/Src/stm32f1xx_hal_rcc_ex.o
LOAD ./Drivers/STM32F1xx_HAL_Driver/Src/stm32f1xx_hal_tim.o
LOAD ./Drivers/STM32F1xx_HAL_Driver/Src/stm32f1xx_hal_tim_ex.o
LOAD ./Drivers/STM32F1xx_HAL_Driver/Src/stm32f1xx_hal_uart.o
START GROUP
LOAD c:/st/stm32cubeide_1.11.0/stm32cubeide/plugins/com.st.stm32cube.ide.mcu.externaltools.gnu-tools-for-stm32.10.3-2021.10.win32_1.0.100.202210260954/tools/bin/../lib/gcc/arm-none-eabi/10.3.1/../../../../arm-none-eabi/lib/thumb/v7-m/nofp\libc_nano.a
LOAD c:/st/stm32cubeide_1.11.0/stm32cubeide/plugins/com.st.stm32cube.ide.mcu.externaltools.gnu-tools-for-stm32.10.3-2021.10.win32_1.0.100.202210260954/tools/bin/../lib/gcc/arm-none-eabi/10.3.1/../../../../arm-none-eabi/lib/thumb/v7-m/nofp\libm.a
END GROUP
START GROUP
LOAD c:/st/stm32cubeide_1.11.0/stm32cubeide/plugins/com.st.stm32cube.ide.mcu.externaltools.gnu-tools-for-stm32.10.3-2021.10.win32_1.0.100.202210260954/tools/bin/../lib/gcc/arm-none-eabi/10.3.1/thumb/v7-m/nofp\libgcc.a
LOAD c:/st/stm32cubeide_1.11.0/stm32cubeide/plugins/com.st.stm32cube.ide.mcu.externaltools.gnu-tools-for-stm32.10.3-2021.10.win32_1.0.100.202210260954/tools/bin/../lib/gcc/arm-none-eabi/10.3.1/../../../../arm-none-eabi/lib/thumb/v7-m/nofp\libc_nano.a
END GROUP
START GROUP
LOAD c:/st/stm32cubeide_1.11.0/stm32cubeide/plugins/com.st.stm32cube.ide.mcu.externaltools.gnu-tools-for-stm32.10.3-2021.10.win32_1.0.100.202210260954/tools/bin/../lib/gcc/arm-none-eabi/10.3.1/thumb/v7-m/nofp\libgcc.a
LOAD c:/st/stm32cubeide_1.11.0/stm32cubeide/plugins/com.st.stm32cube.ide.mcu.externaltools.gnu-tools-for-stm32.10.3-2021.10.win32_1.0.100.202210260954/tools/bin/../lib/gcc/arm-none-eabi/10.3.1/../../../../arm-none-eabi/lib/thumb/v7-m/nofp\libc_nano.a
LOAD c:/st/stm32cubeide_1.11.0/stm32cubeide/plugins/com.st.stm32cube.ide.mcu.externaltools.gnu-tools-for-stm32.10.3-2021.10.win32_1.0.100.202210260954/tools/bin/../lib/gcc/arm-none-eabi/10.3.1/../../../../arm-none-eabi/lib/thumb/v7-m/nofp\libnosys.a
END GROUP
START GROUP
LOAD c:/st/stm32cubeide_1.11.0/stm32cubeide/plugins/com.st.stm32cube.ide.mcu.externaltools.gnu-tools-for-stm32.10.3-2021.10.win32_1.0.100.202210260954/tools/bin/../lib/gcc/arm-none-eabi/10.3.1/thumb/v7-m/nofp\libgcc.a
LOAD c:/st/stm32cubeide_1.11.0/stm32cubeide/plugins/com.st.stm32cube.ide.mcu.externaltools.gnu-tools-for-stm32.10.3-2021.10.win32_1.0.100.202210260954/tools/bin/../lib/gcc/arm-none-eabi/10.3.1/../../../../arm-none-eabi/lib/thumb/v7-m/nofp\libc_nano.a
LOAD c:/st/stm32cubeide_1.11.0/stm32cubeide/plugins/com.st.stm32cube.ide.mcu.externaltools.gnu-tools-for-stm32.10.3-2021.10.win32_1.0.100.202210260954/tools/bin/../lib/gcc/arm-none-eabi/10.3.1/../../../../arm-none-eabi/lib/thumb/v7-m/nofp\libnosys.a
END GROUP
LOAD c:/st/stm32cubeide_1.11.0/stm32cubeide/plugins/com.st.stm32cube.ide.mcu.externaltools.gnu-tools-for-stm32.10.3-2021.10.win32_1.0.100.202210260954/tools/bin/../lib/gcc/arm-none-eabi/10.3.1/thumb/v7-m/nofp/crtend.o
LOAD c:/st/stm32cubeide_1.11.0/stm32cubeide/plugins/com.st.stm32cube.ide.mcu.externaltools.gnu-tools-for-stm32.10.3-2021.10.win32_1.0.100.202210260954/tools/bin/../lib/gcc/arm-none-eabi/10.3.1/thumb/v7-m/nofp/crtn.o
                0x0000000020005000                _estack = (ORIGIN (RAM) + LENGTH (RAM))
                0x0000000000000200                _Min_Heap_Size = 0x200
                0x0000000000000400                _Min_Stack_Size = 0x400

.isr_vector     0x0000000008000000      0x10c
                0x0000000008000000                . = ALIGN (0x4)
 *(.isr_vector)
 .isr_vector    0x0000000008000000      0x10c ./Core/Startup/startup_stm32f103c8tx.o
                0x0000000008000000                g_pfnVectors
                0x000000000800010c                . = ALIGN (0x4)

.text           0x0000000008000110     0x670c
                0x0000000008000110                . = ALIGN (0x4)
 *(.text)
 .text          0x0000000008000110       0x40 c:/st/stm32cubeide_1.11.0/stm32cubeide/plugins/com.st.stm32cube.ide.mcu.externaltools.gnu-tools-for-stm32.10.3-2021.10.win32_1.0.100.202210260954/tools/bin/../lib/gcc/arm-none-eabi/10.3.1/thumb/v7-m/nofp/crtbegin.o
 .text          0x0000000008000150       0x10 c:/st/stm32cubeide_1.11.0/stm32cubeide/plugins/com.st.stm32cube.ide.mcu.externaltools.gnu-tools-for-stm32.10.3-2021.10.win32_1.0.100.202210260954/tools/bin/../lib/gcc/arm-none-eabi/10.3.1/../../../../arm-none-eabi/lib/thumb/v7-m/nofp\libc_nano.a(lib_a-strlen.o)
                0x0000000008000150                strlen
 .text          0x0000000008000160      0x378 c:/st/stm32cubeide_1.11.0/stm32cubeide/plugins/com.st.stm32cube.ide.mcu.externaltools.gnu-tools-for-stm32.10.3-2021.10.win32_1.0.100.202210260954/tools/bin/../lib/gcc/arm-none-eabi/10.3.1/thumb/v7-m/nofp\libgcc.a(_arm_addsubdf3.o)
                0x0000000008000160                __aeabi_drsub
                0x0000000008000168                __aeabi_dsub
                0x0000000008000168                __subdf3
                0x000000000800016c                __aeabi_dadd
                0x000000000800016c                __adddf3
                0x00000000080003e4                __floatunsidf
                0x00000000080003e4                __aeabi_ui2d
                0x0000000008000404                __floatsidf
                0x0000000008000404                __aeabi_i2d
                0x0000000008000428                __aeabi_f2d
                0x0000000008000428                __extendsfdf2
                0x000000000800046c                __floatundidf
                0x000000000800046c                __aeabi_ul2d
                0x000000000800047c                __floatdidf
                0x000000000800047c                __aeabi_l2d
 .text          0x00000000080004d8      0x424 c:/st/stm32cubeide_1.11.0/stm32cubeide/plugins/com.st.stm32cube.ide.mcu.externaltools.gnu-tools-for-stm32.10.3-2021.10.win32_1.0.100.202210260954/tools/bin/../lib/gcc/arm-none-eabi/10.3.1/thumb/v7-m/nofp\libgcc.a(_arm_muldivdf3.o)
                0x00000000080004d8                __aeabi_dmul
                0x00000000080004d8                __muldf3
                0x000000000800072c                __divdf3
                0x000000000800072c                __aeabi_ddiv
 .text          0x00000000080008fc       0x40 c:/st/stm32cubeide_1.11.0/stm32cubeide/plugins/com.st.stm32cube.ide.mcu.externaltools.gnu-tools-for-stm32.10.3-2021.10.win32_1.0.100.202210260954/tools/bin/../lib/gcc/arm-none-eabi/10.3.1/thumb/v7-m/nofp\libgcc.a(_arm_fixunsdfsi.o)
                0x00000000080008fc                __aeabi_d2uiz
                0x00000000080008fc                __fixunsdfsi
 .text          0x000000000800093c      0x21c c:/st/stm32cubeide_1.11.0/stm32cubeide/plugins/com.st.stm32cube.ide.mcu.externaltools.gnu-tools-for-stm32.10.3-2021.10.win32_1.0.100.202210260954/tools/bin/../lib/gcc/arm-none-eabi/10.3.1/thumb/v7-m/nofp\libgcc.a(_arm_addsubsf3.o)
                0x000000000800093c                __aeabi_frsub
                0x0000000008000944                __subsf3
                0x0000000008000944                __aeabi_fsub
                0x0000000008000948                __aeabi_fadd
                0x0000000008000948                __addsf3
                0x0000000008000aa8                __aeabi_ui2f
                0x0000000008000aa8                __floatunsisf
                0x0000000008000ab0                __aeabi_i2f
                0x0000000008000ab0                __floatsisf
                0x0000000008000acc                __aeabi_ul2f
                0x0000000008000acc                __floatundisf
                0x0000000008000adc                __aeabi_l2f
                0x0000000008000adc                __floatdisf
 .text          0x0000000008000b58       0x4c c:/st/stm32cubeide_1.11.0/stm32cubeide/plugins/com.st.stm32cube.ide.mcu.externaltools.gnu-tools-for-stm32.10.3-2021.10.win32_1.0.100.202210260954/tools/bin/../lib/gcc/arm-none-eabi/10.3.1/thumb/v7-m/nofp\libgcc.a(_arm_fixsfsi.o)
                0x0000000008000b58                __aeabi_f2iz
                0x0000000008000b58                __fixsfsi
 *(.text*)
 .text.DWT_Delay_Init
                0x0000000008000ba4       0x60 ./Core/Src/lcd16x2.o
 .text.DWT_Delay_us
                0x0000000008000c04       0x48 ./Core/Src/lcd16x2.o
 .text.lcd16x2_enablePulse
                0x0000000008000c4c       0x3c ./Core/Src/lcd16x2.o
 .text.lcd16x2_rs
                0x0000000008000c88       0x2c ./Core/Src/lcd16x2.o
 .text.lcd16x2_write
                0x0000000008000cb4      0x1c4 ./Core/Src/lcd16x2.o
 .text.lcd16x2_writeCommand
                0x0000000008000e78       0x20 ./Core/Src/lcd16x2.o
 .text.lcd16x2_writeData
                0x0000000008000e98       0x20 ./Core/Src/lcd16x2.o
 .text.lcd16x2_write4
                0x0000000008000eb8       0x90 ./Core/Src/lcd16x2.o
 .text.lcd16x2_init_4bits
                0x0000000008000f48       0xd0 ./Core/Src/lcd16x2.o
                0x0000000008000f48                lcd16x2_init_4bits
 .text.lcd16x2_setCursor
                0x0000000008001018       0x48 ./Core/Src/lcd16x2.o
                0x0000000008001018                lcd16x2_setCursor
 .text.lcd16x2_1stLine
                0x0000000008001060       0x10 ./Core/Src/lcd16x2.o
                0x0000000008001060                lcd16x2_1stLine
 .text.lcd16x2_2ndLine
                0x0000000008001070       0x10 ./Core/Src/lcd16x2.o
                0x0000000008001070                lcd16x2_2ndLine
 .text.lcd16x2_printf
                0x0000000008001080       0x5e ./Core/Src/lcd16x2.o
                0x0000000008001080                lcd16x2_printf
 *fill*         0x00000000080010de        0x2 
 .text.HAL_GPIO_EXTI_Callback
                0x00000000080010e0      0x138 ./Core/Src/main.o
                0x00000000080010e0                HAL_GPIO_EXTI_Callback
 .text.delay_us
                0x0000000008001218       0x30 ./Core/Src/main.o
                0x0000000008001218                delay_us
 .text.HAL_TIM_IC_CaptureCallback
                0x0000000008001248      0x140 ./Core/Src/main.o
                0x0000000008001248                HAL_TIM_IC_CaptureCallback
 .text.Read_HCSR04_Sensor
                0x0000000008001388       0x40 ./Core/Src/main.o
                0x0000000008001388                Read_HCSR04_Sensor
 .text.LCD_Display
                0x00000000080013c8       0x70 ./Core/Src/main.o
                0x00000000080013c8                LCD_Display
 .text.DHT11_UART_Transmit
                0x0000000008001438       0xb0 ./Core/Src/main.o
                0x0000000008001438                DHT11_UART_Transmit
 .text.Temp_UART_Transmit
                0x00000000080014e8       0x9c ./Core/Src/main.o
                0x00000000080014e8                Temp_UART_Transmit
 .text.Humi_UART_Transmit
                0x0000000008001584       0x78 ./Core/Src/main.o
                0x0000000008001584                Humi_UART_Transmit
 .text.Humi_HCSR04_UART_Transmit
                0x00000000080015fc       0x7c ./Core/Src/main.o
                0x00000000080015fc                Humi_HCSR04_UART_Transmit
 .text.Temp_HCSR04_UART_Transmit
                0x0000000008001678       0x7c ./Core/Src/main.o
                0x0000000008001678                Temp_HCSR04_UART_Transmit
 .text.HCSR04_UART_Transmit
                0x00000000080016f4       0x70 ./Core/Src/main.o
                0x00000000080016f4                HCSR04_UART_Transmit
 .text.DHT11_HCSR04_UART_Transmit
                0x0000000008001764       0xa4 ./Core/Src/main.o
                0x0000000008001764                DHT11_HCSR04_UART_Transmit
 .text.processRecCmd
                0x0000000008001808      0x240 ./Core/Src/main.o
                0x0000000008001808                processRecCmd
 .text.HAL_UARTEx_RxEventCallback
                0x0000000008001a48       0x94 ./Core/Src/main.o
                0x0000000008001a48                HAL_UARTEx_RxEventCallback
 .text.HAL_TIM_PeriodElapsedCallback
                0x0000000008001adc      0x3fc ./Core/Src/main.o
                0x0000000008001adc                HAL_TIM_PeriodElapsedCallback
 .text.Set_Pin_Output
                0x0000000008001ed8       0x3a ./Core/Src/main.o
                0x0000000008001ed8                Set_Pin_Output
 .text.Set_Pin_Input
                0x0000000008001f12       0x3a ./Core/Src/main.o
                0x0000000008001f12                Set_Pin_Input
 .text.DHT11_Start
                0x0000000008001f4c       0x48 ./Core/Src/main.o
                0x0000000008001f4c                DHT11_Start
 .text.DHT11_Check_Response
                0x0000000008001f94       0x68 ./Core/Src/main.o
                0x0000000008001f94                DHT11_Check_Response
 .text.DHT11_Read
                0x0000000008001ffc       0x98 ./Core/Src/main.o
                0x0000000008001ffc                DHT11_Read
 .text.Read_DHT11_Sensor
                0x0000000008002094       0xb8 ./Core/Src/main.o
                0x0000000008002094                Read_DHT11_Sensor
 .text.main     0x000000000800214c      0x500 ./Core/Src/main.o
                0x000000000800214c                main
 .text.SystemClock_Config
                0x000000000800264c       0x8a ./Core/Src/main.o
                0x000000000800264c                SystemClock_Config
 *fill*         0x00000000080026d6        0x2 
 .text.MX_TIM1_Init
                0x00000000080026d8       0xe8 ./Core/Src/main.o
 .text.MX_TIM4_Init
                0x00000000080027c0       0x9c ./Core/Src/main.o
 .text.MX_USART1_UART_Init
                0x000000000800285c       0x54 ./Core/Src/main.o
 .text.MX_DMA_Init
                0x00000000080028b0       0x4c ./Core/Src/main.o
 .text.MX_GPIO_Init
                0x00000000080028fc      0x138 ./Core/Src/main.o
 .text.Error_Handler
                0x0000000008002a34        0xc ./Core/Src/main.o
                0x0000000008002a34                Error_Handler
 .text.HAL_MspInit
                0x0000000008002a40       0x68 ./Core/Src/stm32f1xx_hal_msp.o
                0x0000000008002a40                HAL_MspInit
 .text.HAL_TIM_Base_MspInit
                0x0000000008002aa8       0xf8 ./Core/Src/stm32f1xx_hal_msp.o
                0x0000000008002aa8                HAL_TIM_Base_MspInit
 .text.HAL_UART_MspInit
                0x0000000008002ba0      0x154 ./Core/Src/stm32f1xx_hal_msp.o
                0x0000000008002ba0                HAL_UART_MspInit
 .text.NMI_Handler
                0x0000000008002cf4        0x6 ./Core/Src/stm32f1xx_it.o
                0x0000000008002cf4                NMI_Handler
 .text.HardFault_Handler
                0x0000000008002cfa        0x6 ./Core/Src/stm32f1xx_it.o
                0x0000000008002cfa                HardFault_Handler
 .text.MemManage_Handler
                0x0000000008002d00        0x6 ./Core/Src/stm32f1xx_it.o
                0x0000000008002d00                MemManage_Handler
 .text.BusFault_Handler
                0x0000000008002d06        0x6 ./Core/Src/stm32f1xx_it.o
                0x0000000008002d06                BusFault_Handler
 .text.UsageFault_Handler
                0x0000000008002d0c        0x6 ./Core/Src/stm32f1xx_it.o
                0x0000000008002d0c                UsageFault_Handler
 .text.SVC_Handler
                0x0000000008002d12        0xc ./Core/Src/stm32f1xx_it.o
                0x0000000008002d12                SVC_Handler
 .text.DebugMon_Handler
                0x0000000008002d1e        0xc ./Core/Src/stm32f1xx_it.o
                0x0000000008002d1e                DebugMon_Handler
 .text.PendSV_Handler
                0x0000000008002d2a        0xc ./Core/Src/stm32f1xx_it.o
                0x0000000008002d2a                PendSV_Handler
 .text.SysTick_Handler
                0x0000000008002d36        0xc ./Core/Src/stm32f1xx_it.o
                0x0000000008002d36                SysTick_Handler
 .text.EXTI0_IRQHandler
                0x0000000008002d42        0xe ./Core/Src/stm32f1xx_it.o
                0x0000000008002d42                EXTI0_IRQHandler
 .text.DMA1_Channel4_IRQHandler
                0x0000000008002d50       0x14 ./Core/Src/stm32f1xx_it.o
                0x0000000008002d50                DMA1_Channel4_IRQHandler
 .text.DMA1_Channel5_IRQHandler
                0x0000000008002d64       0x14 ./Core/Src/stm32f1xx_it.o
                0x0000000008002d64                DMA1_Channel5_IRQHandler
 .text.TIM1_BRK_IRQHandler
                0x0000000008002d78       0x14 ./Core/Src/stm32f1xx_it.o
                0x0000000008002d78                TIM1_BRK_IRQHandler
 .text.TIM1_UP_IRQHandler
                0x0000000008002d8c       0x14 ./Core/Src/stm32f1xx_it.o
                0x0000000008002d8c                TIM1_UP_IRQHandler
 .text.TIM1_TRG_COM_IRQHandler
                0x0000000008002da0       0x14 ./Core/Src/stm32f1xx_it.o
                0x0000000008002da0                TIM1_TRG_COM_IRQHandler
 .text.TIM1_CC_IRQHandler
                0x0000000008002db4       0x14 ./Core/Src/stm32f1xx_it.o
                0x0000000008002db4                TIM1_CC_IRQHandler
 .text.TIM4_IRQHandler
                0x0000000008002dc8       0x14 ./Core/Src/stm32f1xx_it.o
                0x0000000008002dc8                TIM4_IRQHandler
 .text.USART1_IRQHandler
                0x0000000008002ddc       0x14 ./Core/Src/stm32f1xx_it.o
                0x0000000008002ddc                USART1_IRQHandler
 .text._sbrk    0x0000000008002df0       0x6c ./Core/Src/sysmem.o
                0x0000000008002df0                _sbrk
 .text.SystemInit
                0x0000000008002e5c        0xc ./Core/Src/system_stm32f1xx.o
                0x0000000008002e5c                SystemInit
 .text.Reset_Handler
                0x0000000008002e68       0x48 ./Core/Startup/startup_stm32f103c8tx.o
                0x0000000008002e68                Reset_Handler
 .text.Default_Handler
                0x0000000008002eb0        0x2 ./Core/Startup/startup_stm32f103c8tx.o
                0x0000000008002eb0                RTC_Alarm_IRQHandler
                0x0000000008002eb0                EXTI2_IRQHandler
                0x0000000008002eb0                PVD_IRQHandler
                0x0000000008002eb0                EXTI3_IRQHandler
                0x0000000008002eb0                I2C2_EV_IRQHandler
                0x0000000008002eb0                ADC1_2_IRQHandler
                0x0000000008002eb0                SPI1_IRQHandler
                0x0000000008002eb0                TAMPER_IRQHandler
                0x0000000008002eb0                USART3_IRQHandler
                0x0000000008002eb0                RTC_IRQHandler
                0x0000000008002eb0                DMA1_Channel7_IRQHandler
                0x0000000008002eb0                CAN1_RX1_IRQHandler
                0x0000000008002eb0                I2C1_EV_IRQHandler
                0x0000000008002eb0                DMA1_Channel6_IRQHandler
                0x0000000008002eb0                TIM3_IRQHandler
                0x0000000008002eb0                RCC_IRQHandler
                0x0000000008002eb0                DMA1_Channel1_IRQHandler
                0x0000000008002eb0                Default_Handler
                0x0000000008002eb0                EXTI15_10_IRQHandler
                0x0000000008002eb0                EXTI9_5_IRQHandler
                0x0000000008002eb0                SPI2_IRQHandler
                0x0000000008002eb0                EXTI4_IRQHandler
                0x0000000008002eb0                USB_LP_CAN1_RX0_IRQHandler
                0x0000000008002eb0                USB_HP_CAN1_TX_IRQHandler
                0x0000000008002eb0                DMA1_Channel3_IRQHandler
                0x0000000008002eb0                WWDG_IRQHandler
                0x0000000008002eb0                TIM2_IRQHandler
                0x0000000008002eb0                EXTI1_IRQHandler
                0x0000000008002eb0                USART2_IRQHandler
                0x0000000008002eb0                I2C2_ER_IRQHandler
                0x0000000008002eb0                DMA1_Channel2_IRQHandler
                0x0000000008002eb0                CAN1_SCE_IRQHandler
                0x0000000008002eb0                FLASH_IRQHandler
                0x0000000008002eb0                I2C1_ER_IRQHandler
                0x0000000008002eb0                USBWakeUp_IRQHandler
 *fill*         0x0000000008002eb2        0x2 
 .text.HAL_Init
                0x0000000008002eb4       0x2c ./Drivers/STM32F1xx_HAL_Driver/Src/stm32f1xx_hal.o
                0x0000000008002eb4                HAL_Init
 .text.HAL_InitTick
                0x0000000008002ee0       0x60 ./Drivers/STM32F1xx_HAL_Driver/Src/stm32f1xx_hal.o
                0x0000000008002ee0                HAL_InitTick
 .text.HAL_IncTick
                0x0000000008002f40       0x24 ./Drivers/STM32F1xx_HAL_Driver/Src/stm32f1xx_hal.o
                0x0000000008002f40                HAL_IncTick
 .text.HAL_GetTick
                0x0000000008002f64       0x14 ./Drivers/STM32F1xx_HAL_Driver/Src/stm32f1xx_hal.o
                0x0000000008002f64                HAL_GetTick
 .text.HAL_Delay
                0x0000000008002f78       0x48 ./Drivers/STM32F1xx_HAL_Driver/Src/stm32f1xx_hal.o
                0x0000000008002f78                HAL_Delay
 .text.__NVIC_SetPriorityGrouping
                0x0000000008002fc0       0x48 ./Drivers/STM32F1xx_HAL_Driver/Src/stm32f1xx_hal_cortex.o
 .text.__NVIC_GetPriorityGrouping
                0x0000000008003008       0x1c ./Drivers/STM32F1xx_HAL_Driver/Src/stm32f1xx_hal_cortex.o
 .text.__NVIC_EnableIRQ
                0x0000000008003024       0x38 ./Drivers/STM32F1xx_HAL_Driver/Src/stm32f1xx_hal_cortex.o
 .text.__NVIC_SetPriority
                0x000000000800305c       0x54 ./Drivers/STM32F1xx_HAL_Driver/Src/stm32f1xx_hal_cortex.o
 .text.NVIC_EncodePriority
                0x00000000080030b0       0x64 ./Drivers/STM32F1xx_HAL_Driver/Src/stm32f1xx_hal_cortex.o
 .text.SysTick_Config
                0x0000000008003114       0x44 ./Drivers/STM32F1xx_HAL_Driver/Src/stm32f1xx_hal_cortex.o
 .text.HAL_NVIC_SetPriorityGrouping
                0x0000000008003158       0x16 ./Drivers/STM32F1xx_HAL_Driver/Src/stm32f1xx_hal_cortex.o
                0x0000000008003158                HAL_NVIC_SetPriorityGrouping
 .text.HAL_NVIC_SetPriority
                0x000000000800316e       0x38 ./Drivers/STM32F1xx_HAL_Driver/Src/stm32f1xx_hal_cortex.o
                0x000000000800316e                HAL_NVIC_SetPriority
 .text.HAL_NVIC_EnableIRQ
                0x00000000080031a6       0x1c ./Drivers/STM32F1xx_HAL_Driver/Src/stm32f1xx_hal_cortex.o
                0x00000000080031a6                HAL_NVIC_EnableIRQ
 .text.HAL_SYSTICK_Config
                0x00000000080031c2       0x18 ./Drivers/STM32F1xx_HAL_Driver/Src/stm32f1xx_hal_cortex.o
                0x00000000080031c2                HAL_SYSTICK_Config
 *fill*         0x00000000080031da        0x2 
 .text.HAL_DMA_Init
                0x00000000080031dc       0xb4 ./Drivers/STM32F1xx_HAL_Driver/Src/stm32f1xx_hal_dma.o
                0x00000000080031dc                HAL_DMA_Init
 .text.HAL_DMA_Start_IT
                0x0000000008003290       0xbe ./Drivers/STM32F1xx_HAL_Driver/Src/stm32f1xx_hal_dma.o
                0x0000000008003290                HAL_DMA_Start_IT
 .text.HAL_DMA_Abort
                0x000000000800334e       0x74 ./Drivers/STM32F1xx_HAL_Driver/Src/stm32f1xx_hal_dma.o
                0x000000000800334e                HAL_DMA_Abort
 *fill*         0x00000000080033c2        0x2 
 .text.HAL_DMA_Abort_IT
                0x00000000080033c4       0xec ./Drivers/STM32F1xx_HAL_Driver/Src/stm32f1xx_hal_dma.o
                0x00000000080033c4                HAL_DMA_Abort_IT
 .text.HAL_DMA_IRQHandler
                0x00000000080034b0      0x20c ./Drivers/STM32F1xx_HAL_Driver/Src/stm32f1xx_hal_dma.o
                0x00000000080034b0                HAL_DMA_IRQHandler
 .text.DMA_SetConfig
                0x00000000080036bc       0x5a ./Drivers/STM32F1xx_HAL_Driver/Src/stm32f1xx_hal_dma.o
 *fill*         0x0000000008003716        0x2 
 .text.HAL_GPIO_Init
                0x0000000008003718      0x308 ./Drivers/STM32F1xx_HAL_Driver/Src/stm32f1xx_hal_gpio.o
                0x0000000008003718                HAL_GPIO_Init
 .text.HAL_GPIO_ReadPin
                0x0000000008003a20       0x2e ./Drivers/STM32F1xx_HAL_Driver/Src/stm32f1xx_hal_gpio.o
                0x0000000008003a20                HAL_GPIO_ReadPin
 .text.HAL_GPIO_WritePin
                0x0000000008003a4e       0x30 ./Drivers/STM32F1xx_HAL_Driver/Src/stm32f1xx_hal_gpio.o
                0x0000000008003a4e                HAL_GPIO_WritePin
 *fill*         0x0000000008003a7e        0x2 
 .text.HAL_GPIO_EXTI_IRQHandler
                0x0000000008003a80       0x30 ./Drivers/STM32F1xx_HAL_Driver/Src/stm32f1xx_hal_gpio.o
                0x0000000008003a80                HAL_GPIO_EXTI_IRQHandler
 .text.HAL_RCC_OscConfig
                0x0000000008003ab0      0x504 ./Drivers/STM32F1xx_HAL_Driver/Src/stm32f1xx_hal_rcc.o
                0x0000000008003ab0                HAL_RCC_OscConfig
 .text.HAL_RCC_ClockConfig
                0x0000000008003fb4      0x1d4 ./Drivers/STM32F1xx_HAL_Driver/Src/stm32f1xx_hal_rcc.o
                0x0000000008003fb4                HAL_RCC_ClockConfig
 .text.HAL_RCC_GetSysClockFreq
                0x0000000008004188       0xbc ./Drivers/STM32F1xx_HAL_Driver/Src/stm32f1xx_hal_rcc.o
                0x0000000008004188                HAL_RCC_GetSysClockFreq
 .text.HAL_RCC_GetHCLKFreq
                0x0000000008004244       0x14 ./Drivers/STM32F1xx_HAL_Driver/Src/stm32f1xx_hal_rcc.o
                0x0000000008004244                HAL_RCC_GetHCLKFreq
 .text.HAL_RCC_GetPCLK1Freq
                0x0000000008004258       0x28 ./Drivers/STM32F1xx_HAL_Driver/Src/stm32f1xx_hal_rcc.o
                0x0000000008004258                HAL_RCC_GetPCLK1Freq
 .text.HAL_RCC_GetPCLK2Freq
                0x0000000008004280       0x28 ./Drivers/STM32F1xx_HAL_Driver/Src/stm32f1xx_hal_rcc.o
                0x0000000008004280                HAL_RCC_GetPCLK2Freq
 .text.RCC_Delay
                0x00000000080042a8       0x3c ./Drivers/STM32F1xx_HAL_Driver/Src/stm32f1xx_hal_rcc.o
 .text.HAL_TIM_Base_Init
                0x00000000080042e4       0x9e ./Drivers/STM32F1xx_HAL_Driver/Src/stm32f1xx_hal_tim.o
                0x00000000080042e4                HAL_TIM_Base_Init
 *fill*         0x0000000008004382        0x2 
 .text.HAL_TIM_Base_Start
                0x0000000008004384       0x94 ./Drivers/STM32F1xx_HAL_Driver/Src/stm32f1xx_hal_tim.o
                0x0000000008004384                HAL_TIM_Base_Start
 .text.HAL_TIM_Base_Start_IT
                0x0000000008004418       0xa4 ./Drivers/STM32F1xx_HAL_Driver/Src/stm32f1xx_hal_tim.o
                0x0000000008004418                HAL_TIM_Base_Start_IT
 .text.HAL_TIM_IC_Init
                0x00000000080044bc       0x9e ./Drivers/STM32F1xx_HAL_Driver/Src/stm32f1xx_hal_tim.o
                0x00000000080044bc                HAL_TIM_IC_Init
 .text.HAL_TIM_IC_MspInit
                0x000000000800455a       0x12 ./Drivers/STM32F1xx_HAL_Driver/Src/stm32f1xx_hal_tim.o
                0x000000000800455a                HAL_TIM_IC_MspInit
 .text.HAL_TIM_IC_Start_IT
                0x000000000800456c      0x20c ./Drivers/STM32F1xx_HAL_Driver/Src/stm32f1xx_hal_tim.o
                0x000000000800456c                HAL_TIM_IC_Start_IT
 .text.HAL_TIM_IRQHandler
                0x0000000008004778      0x210 ./Drivers/STM32F1xx_HAL_Driver/Src/stm32f1xx_hal_tim.o
                0x0000000008004778                HAL_TIM_IRQHandler
 .text.HAL_TIM_IC_ConfigChannel
                0x0000000008004988      0x128 ./Drivers/STM32F1xx_HAL_Driver/Src/stm32f1xx_hal_tim.o
                0x0000000008004988                HAL_TIM_IC_ConfigChannel
 .text.HAL_TIM_ConfigClockSource
                0x0000000008004ab0      0x188 ./Drivers/STM32F1xx_HAL_Driver/Src/stm32f1xx_hal_tim.o
                0x0000000008004ab0                HAL_TIM_ConfigClockSource
 .text.HAL_TIM_ReadCapturedValue
                0x0000000008004c38       0x88 ./Drivers/STM32F1xx_HAL_Driver/Src/stm32f1xx_hal_tim.o
                0x0000000008004c38                HAL_TIM_ReadCapturedValue
 .text.HAL_TIM_OC_DelayElapsedCallback
                0x0000000008004cc0       0x12 ./Drivers/STM32F1xx_HAL_Driver/Src/stm32f1xx_hal_tim.o
                0x0000000008004cc0                HAL_TIM_OC_DelayElapsedCallback
 .text.HAL_TIM_PWM_PulseFinishedCallback
                0x0000000008004cd2       0x12 ./Drivers/STM32F1xx_HAL_Driver/Src/stm32f1xx_hal_tim.o
                0x0000000008004cd2                HAL_TIM_PWM_PulseFinishedCallback
 .text.HAL_TIM_TriggerCallback
                0x0000000008004ce4       0x12 ./Drivers/STM32F1xx_HAL_Driver/Src/stm32f1xx_hal_tim.o
                0x0000000008004ce4                HAL_TIM_TriggerCallback
 *fill*         0x0000000008004cf6        0x2 
 .text.TIM_Base_SetConfig
                0x0000000008004cf8       0xc4 ./Drivers/STM32F1xx_HAL_Driver/Src/stm32f1xx_hal_tim.o
                0x0000000008004cf8                TIM_Base_SetConfig
 .text.TIM_TI1_SetConfig
                0x0000000008004dbc       0xb4 ./Drivers/STM32F1xx_HAL_Driver/Src/stm32f1xx_hal_tim.o
                0x0000000008004dbc                TIM_TI1_SetConfig
 .text.TIM_TI1_ConfigInputStage
                0x0000000008004e70       0x5c ./Drivers/STM32F1xx_HAL_Driver/Src/stm32f1xx_hal_tim.o
 .text.TIM_TI2_SetConfig
                0x0000000008004ecc       0x78 ./Drivers/STM32F1xx_HAL_Driver/Src/stm32f1xx_hal_tim.o
 .text.TIM_TI2_ConfigInputStage
                0x0000000008004f44       0x5e ./Drivers/STM32F1xx_HAL_Driver/Src/stm32f1xx_hal_tim.o
 .text.TIM_TI3_SetConfig
                0x0000000008004fa2       0x76 ./Drivers/STM32F1xx_HAL_Driver/Src/stm32f1xx_hal_tim.o
 .text.TIM_TI4_SetConfig
                0x0000000008005018       0x78 ./Drivers/STM32F1xx_HAL_Driver/Src/stm32f1xx_hal_tim.o
 .text.TIM_ITRx_SetConfig
                0x0000000008005090       0x34 ./Drivers/STM32F1xx_HAL_Driver/Src/stm32f1xx_hal_tim.o
 .text.TIM_ETR_SetConfig
                0x00000000080050c4       0x3e ./Drivers/STM32F1xx_HAL_Driver/Src/stm32f1xx_hal_tim.o
                0x00000000080050c4                TIM_ETR_SetConfig
 .text.TIM_CCxChannelCmd
                0x0000000008005102       0x48 ./Drivers/STM32F1xx_HAL_Driver/Src/stm32f1xx_hal_tim.o
                0x0000000008005102                TIM_CCxChannelCmd
 *fill*         0x000000000800514a        0x2 
 .text.HAL_TIMEx_MasterConfigSynchronization
                0x000000000800514c       0xbc ./Drivers/STM32F1xx_HAL_Driver/Src/stm32f1xx_hal_tim_ex.o
                0x000000000800514c                HAL_TIMEx_MasterConfigSynchronization
 .text.HAL_TIMEx_CommutCallback
                0x0000000008005208       0x12 ./Drivers/STM32F1xx_HAL_Driver/Src/stm32f1xx_hal_tim_ex.o
                0x0000000008005208                HAL_TIMEx_CommutCallback
 .text.HAL_TIMEx_BreakCallback
                0x000000000800521a       0x12 ./Drivers/STM32F1xx_HAL_Driver/Src/stm32f1xx_hal_tim_ex.o
                0x000000000800521a                HAL_TIMEx_BreakCallback
 .text.HAL_UART_Init
                0x000000000800522c       0x9a ./Drivers/STM32F1xx_HAL_Driver/Src/stm32f1xx_hal_uart.o
                0x000000000800522c                HAL_UART_Init
 *fill*         0x00000000080052c6        0x2 
 .text.HAL_UART_Transmit_DMA
                0x00000000080052c8       0xd8 ./Drivers/STM32F1xx_HAL_Driver/Src/stm32f1xx_hal_uart.o
                0x00000000080052c8                HAL_UART_Transmit_DMA
 .text.HAL_UARTEx_ReceiveToIdle_DMA
                0x00000000080053a0       0x9e ./Drivers/STM32F1xx_HAL_Driver/Src/stm32f1xx_hal_uart.o
                0x00000000080053a0                HAL_UARTEx_ReceiveToIdle_DMA
 *fill*         0x000000000800543e        0x2 
 .text.HAL_UART_IRQHandler
                0x0000000008005440      0x354 ./Drivers/STM32F1xx_HAL_Driver/Src/stm32f1xx_hal_uart.o
                0x0000000008005440                HAL_UART_IRQHandler
 .text.HAL_UART_TxCpltCallback
                0x0000000008005794       0x12 ./Drivers/STM32F1xx_HAL_Driver/Src/stm32f1xx_hal_uart.o
                0x0000000008005794                HAL_UART_TxCpltCallback
 .text.HAL_UART_TxHalfCpltCallback
                0x00000000080057a6       0x12 ./Drivers/STM32F1xx_HAL_Driver/Src/stm32f1xx_hal_uart.o
                0x00000000080057a6                HAL_UART_TxHalfCpltCallback
 .text.HAL_UART_RxCpltCallback
                0x00000000080057b8       0x12 ./Drivers/STM32F1xx_HAL_Driver/Src/stm32f1xx_hal_uart.o
                0x00000000080057b8                HAL_UART_RxCpltCallback
 .text.HAL_UART_RxHalfCpltCallback
                0x00000000080057ca       0x12 ./Drivers/STM32F1xx_HAL_Driver/Src/stm32f1xx_hal_uart.o
                0x00000000080057ca                HAL_UART_RxHalfCpltCallback
 .text.HAL_UART_ErrorCallback
                0x00000000080057dc       0x12 ./Drivers/STM32F1xx_HAL_Driver/Src/stm32f1xx_hal_uart.o
                0x00000000080057dc                HAL_UART_ErrorCallback
 .text.UART_DMATransmitCplt
                0x00000000080057ee       0x52 ./Drivers/STM32F1xx_HAL_Driver/Src/stm32f1xx_hal_uart.o
 .text.UART_DMATxHalfCplt
                0x0000000008005840       0x1c ./Drivers/STM32F1xx_HAL_Driver/Src/stm32f1xx_hal_uart.o
 .text.UART_DMAReceiveCplt
                0x000000000800585c       0x96 ./Drivers/STM32F1xx_HAL_Driver/Src/stm32f1xx_hal_uart.o
 .text.UART_DMARxHalfCplt
                0x00000000080058f2       0x36 ./Drivers/STM32F1xx_HAL_Driver/Src/stm32f1xx_hal_uart.o
 .text.UART_DMAError
                0x0000000008005928       0x94 ./Drivers/STM32F1xx_HAL_Driver/Src/stm32f1xx_hal_uart.o
 .text.UART_Start_Receive_DMA
                0x00000000080059bc       0xc8 ./Drivers/STM32F1xx_HAL_Driver/Src/stm32f1xx_hal_uart.o
                0x00000000080059bc                UART_Start_Receive_DMA
 .text.UART_EndTxTransfer
                0x0000000008005a84       0x2a ./Drivers/STM32F1xx_HAL_Driver/Src/stm32f1xx_hal_uart.o
 .text.UART_EndRxTransfer
                0x0000000008005aae       0x58 ./Drivers/STM32F1xx_HAL_Driver/Src/stm32f1xx_hal_uart.o
 .text.UART_DMAAbortOnError
                0x0000000008005b06       0x28 ./Drivers/STM32F1xx_HAL_Driver/Src/stm32f1xx_hal_uart.o
 .text.UART_Transmit_IT
                0x0000000008005b2e       0x9e ./Drivers/STM32F1xx_HAL_Driver/Src/stm32f1xx_hal_uart.o
 .text.UART_EndTransmit_IT
                0x0000000008005bcc       0x30 ./Drivers/STM32F1xx_HAL_Driver/Src/stm32f1xx_hal_uart.o
 .text.UART_Receive_IT
                0x0000000008005bfc      0x152 ./Drivers/STM32F1xx_HAL_Driver/Src/stm32f1xx_hal_uart.o
 *fill*         0x0000000008005d4e        0x2 
 .text.UART_SetConfig
                0x0000000008005d50      0x11c ./Drivers/STM32F1xx_HAL_Driver/Src/stm32f1xx_hal_uart.o
 .text.__errno  0x0000000008005e6c        0xc c:/st/stm32cubeide_1.11.0/stm32cubeide/plugins/com.st.stm32cube.ide.mcu.externaltools.gnu-tools-for-stm32.10.3-2021.10.win32_1.0.100.202210260954/tools/bin/../lib/gcc/arm-none-eabi/10.3.1/../../../../arm-none-eabi/lib/thumb/v7-m/nofp\libc_nano.a(lib_a-errno.o)
                0x0000000008005e6c                __errno
 .text.__libc_init_array
                0x0000000008005e78       0x48 c:/st/stm32cubeide_1.11.0/stm32cubeide/plugins/com.st.stm32cube.ide.mcu.externaltools.gnu-tools-for-stm32.10.3-2021.10.win32_1.0.100.202210260954/tools/bin/../lib/gcc/arm-none-eabi/10.3.1/../../../../arm-none-eabi/lib/thumb/v7-m/nofp\libc_nano.a(lib_a-init.o)
                0x0000000008005e78                __libc_init_array
 .text.memcpy   0x0000000008005ec0       0x1c c:/st/stm32cubeide_1.11.0/stm32cubeide/plugins/com.st.stm32cube.ide.mcu.externaltools.gnu-tools-for-stm32.10.3-2021.10.win32_1.0.100.202210260954/tools/bin/../lib/gcc/arm-none-eabi/10.3.1/../../../../arm-none-eabi/lib/thumb/v7-m/nofp\libc_nano.a(lib_a-memcpy-stub.o)
                0x0000000008005ec0                memcpy
 .text.memset   0x0000000008005edc       0x10 c:/st/stm32cubeide_1.11.0/stm32cubeide/plugins/com.st.stm32cube.ide.mcu.externaltools.gnu-tools-for-stm32.10.3-2021.10.win32_1.0.100.202210260954/tools/bin/../lib/gcc/arm-none-eabi/10.3.1/../../../../arm-none-eabi/lib/thumb/v7-m/nofp\libc_nano.a(lib_a-memset.o)
                0x0000000008005edc                memset
 .text.sprintf  0x0000000008005eec       0x40 c:/st/stm32cubeide_1.11.0/stm32cubeide/plugins/com.st.stm32cube.ide.mcu.externaltools.gnu-tools-for-stm32.10.3-2021.10.win32_1.0.100.202210260954/tools/bin/../lib/gcc/arm-none-eabi/10.3.1/../../../../arm-none-eabi/lib/thumb/v7-m/nofp\libc_nano.a(lib_a-sprintf.o)
                0x0000000008005eec                siprintf
                0x0000000008005eec                sprintf
 .text._vsprintf_r
                0x0000000008005f2c       0x2c c:/st/stm32cubeide_1.11.0/stm32cubeide/plugins/com.st.stm32cube.ide.mcu.externaltools.gnu-tools-for-stm32.10.3-2021.10.win32_1.0.100.202210260954/tools/bin/../lib/gcc/arm-none-eabi/10.3.1/../../../../arm-none-eabi/lib/thumb/v7-m/nofp\libc_nano.a(lib_a-vsprintf.o)
                0x0000000008005f2c                _vsprintf_r
                0x0000000008005f2c                _vsiprintf_r
 .text.vsprintf
                0x0000000008005f58       0x14 c:/st/stm32cubeide_1.11.0/stm32cubeide/plugins/com.st.stm32cube.ide.mcu.externaltools.gnu-tools-for-stm32.10.3-2021.10.win32_1.0.100.202210260954/tools/bin/../lib/gcc/arm-none-eabi/10.3.1/../../../../arm-none-eabi/lib/thumb/v7-m/nofp\libc_nano.a(lib_a-vsprintf.o)
                0x0000000008005f58                vsiprintf
                0x0000000008005f58                vsprintf
 .text.__ssputs_r
                0x0000000008005f6c       0xb6 c:/st/stm32cubeide_1.11.0/stm32cubeide/plugins/com.st.stm32cube.ide.mcu.externaltools.gnu-tools-for-stm32.10.3-2021.10.win32_1.0.100.202210260954/tools/bin/../lib/gcc/arm-none-eabi/10.3.1/../../../../arm-none-eabi/lib/thumb/v7-m/nofp\libc_nano.a(lib_a-nano-svfprintf.o)
                0x0000000008005f6c                __ssputs_r
 *fill*         0x0000000008006022        0x2 
 .text._svfprintf_r
                0x0000000008006024      0x200 c:/st/stm32cubeide_1.11.0/stm32cubeide/plugins/com.st.stm32cube.ide.mcu.externaltools.gnu-tools-for-stm32.10.3-2021.10.win32_1.0.100.202210260954/tools/bin/../lib/gcc/arm-none-eabi/10.3.1/../../../../arm-none-eabi/lib/thumb/v7-m/nofp\libc_nano.a(lib_a-nano-svfprintf.o)
                0x0000000008006024                _svfiprintf_r
                0x0000000008006024                _svfprintf_r
 .text._printf_common
                0x0000000008006224       0xde c:/st/stm32cubeide_1.11.0/stm32cubeide/plugins/com.st.stm32cube.ide.mcu.externaltools.gnu-tools-for-stm32.10.3-2021.10.win32_1.0.100.202210260954/tools/bin/../lib/gcc/arm-none-eabi/10.3.1/../../../../arm-none-eabi/lib/thumb/v7-m/nofp\libc_nano.a(lib_a-nano-vfprintf_i.o)
                0x0000000008006224                _printf_common
 *fill*         0x0000000008006302        0x2 
 .text._printf_i
                0x0000000008006304      0x24c c:/st/stm32cubeide_1.11.0/stm32cubeide/plugins/com.st.stm32cube.ide.mcu.externaltools.gnu-tools-for-stm32.10.3-2021.10.win32_1.0.100.202210260954/tools/bin/../lib/gcc/arm-none-eabi/10.3.1/../../../../arm-none-eabi/lib/thumb/v7-m/nofp\libc_nano.a(lib_a-nano-vfprintf_i.o)
                0x0000000008006304                _printf_i
 .text.memchr   0x0000000008006550       0x1c c:/st/stm32cubeide_1.11.0/stm32cubeide/plugins/com.st.stm32cube.ide.mcu.externaltools.gnu-tools-for-stm32.10.3-2021.10.win32_1.0.100.202210260954/tools/bin/../lib/gcc/arm-none-eabi/10.3.1/../../../../arm-none-eabi/lib/thumb/v7-m/nofp\libc_nano.a(lib_a-memchr-stub.o)
                0x0000000008006550                memchr
 .text.memmove  0x000000000800656c       0x34 c:/st/stm32cubeide_1.11.0/stm32cubeide/plugins/com.st.stm32cube.ide.mcu.externaltools.gnu-tools-for-stm32.10.3-2021.10.win32_1.0.100.202210260954/tools/bin/../lib/gcc/arm-none-eabi/10.3.1/../../../../arm-none-eabi/lib/thumb/v7-m/nofp\libc_nano.a(lib_a-memmove.o)
                0x000000000800656c                memmove
 .text._free_r  0x00000000080065a0       0x90 c:/st/stm32cubeide_1.11.0/stm32cubeide/plugins/com.st.stm32cube.ide.mcu.externaltools.gnu-tools-for-stm32.10.3-2021.10.win32_1.0.100.202210260954/tools/bin/../lib/gcc/arm-none-eabi/10.3.1/../../../../arm-none-eabi/lib/thumb/v7-m/nofp\libc_nano.a(lib_a-nano-freer.o)
                0x00000000080065a0                _free_r
 .text.sbrk_aligned
                0x0000000008006630       0x40 c:/st/stm32cubeide_1.11.0/stm32cubeide/plugins/com.st.stm32cube.ide.mcu.externaltools.gnu-tools-for-stm32.10.3-2021.10.win32_1.0.100.202210260954/tools/bin/../lib/gcc/arm-none-eabi/10.3.1/../../../../arm-none-eabi/lib/thumb/v7-m/nofp\libc_nano.a(lib_a-nano-mallocr.o)
 .text._malloc_r
                0x0000000008006670       0xe8 c:/st/stm32cubeide_1.11.0/stm32cubeide/plugins/com.st.stm32cube.ide.mcu.externaltools.gnu-tools-for-stm32.10.3-2021.10.win32_1.0.100.202210260954/tools/bin/../lib/gcc/arm-none-eabi/10.3.1/../../../../arm-none-eabi/lib/thumb/v7-m/nofp\libc_nano.a(lib_a-nano-mallocr.o)
                0x0000000008006670                _malloc_r
 .text._realloc_r
                0x0000000008006758       0x5e c:/st/stm32cubeide_1.11.0/stm32cubeide/plugins/com.st.stm32cube.ide.mcu.externaltools.gnu-tools-for-stm32.10.3-2021.10.win32_1.0.100.202210260954/tools/bin/../lib/gcc/arm-none-eabi/10.3.1/../../../../arm-none-eabi/lib/thumb/v7-m/nofp\libc_nano.a(lib_a-nano-reallocr.o)
                0x0000000008006758                _realloc_r
 *fill*         0x00000000080067b6        0x2 
 .text._sbrk_r  0x00000000080067b8       0x20 c:/st/stm32cubeide_1.11.0/stm32cubeide/plugins/com.st.stm32cube.ide.mcu.externaltools.gnu-tools-for-stm32.10.3-2021.10.win32_1.0.100.202210260954/tools/bin/../lib/gcc/arm-none-eabi/10.3.1/../../../../arm-none-eabi/lib/thumb/v7-m/nofp\libc_nano.a(lib_a-sbrkr.o)
                0x00000000080067b8                _sbrk_r
 .text.__malloc_lock
                0x00000000080067d8        0xc c:/st/stm32cubeide_1.11.0/stm32cubeide/plugins/com.st.stm32cube.ide.mcu.externaltools.gnu-tools-for-stm32.10.3-2021.10.win32_1.0.100.202210260954/tools/bin/../lib/gcc/arm-none-eabi/10.3.1/../../../../arm-none-eabi/lib/thumb/v7-m/nofp\libc_nano.a(lib_a-mlock.o)
                0x00000000080067d8                __malloc_lock
 .text.__malloc_unlock
                0x00000000080067e4        0xc c:/st/stm32cubeide_1.11.0/stm32cubeide/plugins/com.st.stm32cube.ide.mcu.externaltools.gnu-tools-for-stm32.10.3-2021.10.win32_1.0.100.202210260954/tools/bin/../lib/gcc/arm-none-eabi/10.3.1/../../../../arm-none-eabi/lib/thumb/v7-m/nofp\libc_nano.a(lib_a-mlock.o)
                0x00000000080067e4                __malloc_unlock
 .text._malloc_usable_size_r
                0x00000000080067f0       0x10 c:/st/stm32cubeide_1.11.0/stm32cubeide/plugins/com.st.stm32cube.ide.mcu.externaltools.gnu-tools-for-stm32.10.3-2021.10.win32_1.0.100.202210260954/tools/bin/../lib/gcc/arm-none-eabi/10.3.1/../../../../arm-none-eabi/lib/thumb/v7-m/nofp\libc_nano.a(lib_a-nano-msizer.o)
                0x00000000080067f0                _malloc_usable_size_r
 .text.__retarget_lock_acquire_recursive
                0x0000000008006800        0x2 c:/st/stm32cubeide_1.11.0/stm32cubeide/plugins/com.st.stm32cube.ide.mcu.externaltools.gnu-tools-for-stm32.10.3-2021.10.win32_1.0.100.202210260954/tools/bin/../lib/gcc/arm-none-eabi/10.3.1/../../../../arm-none-eabi/lib/thumb/v7-m/nofp\libc_nano.a(lib_a-lock.o)
                0x0000000008006800                __retarget_lock_acquire_recursive
 .text.__retarget_lock_release_recursive
                0x0000000008006802        0x2 c:/st/stm32cubeide_1.11.0/stm32cubeide/plugins/com.st.stm32cube.ide.mcu.externaltools.gnu-tools-for-stm32.10.3-2021.10.win32_1.0.100.202210260954/tools/bin/../lib/gcc/arm-none-eabi/10.3.1/../../../../arm-none-eabi/lib/thumb/v7-m/nofp\libc_nano.a(lib_a-lock.o)
                0x0000000008006802                __retarget_lock_release_recursive
 *(.glue_7)
 .glue_7        0x0000000008006804        0x0 linker stubs
 *(.glue_7t)
 .glue_7t       0x0000000008006804        0x0 linker stubs
 *(.eh_frame)
 .eh_frame      0x0000000008006804        0x0 c:/st/stm32cubeide_1.11.0/stm32cubeide/plugins/com.st.stm32cube.ide.mcu.externaltools.gnu-tools-for-stm32.10.3-2021.10.win32_1.0.100.202210260954/tools/bin/../lib/gcc/arm-none-eabi/10.3.1/thumb/v7-m/nofp/crtbegin.o
 *(.init)
 .init          0x0000000008006804        0x4 c:/st/stm32cubeide_1.11.0/stm32cubeide/plugins/com.st.stm32cube.ide.mcu.externaltools.gnu-tools-for-stm32.10.3-2021.10.win32_1.0.100.202210260954/tools/bin/../lib/gcc/arm-none-eabi/10.3.1/thumb/v7-m/nofp/crti.o
                0x0000000008006804                _init
 .init          0x0000000008006808        0x8 c:/st/stm32cubeide_1.11.0/stm32cubeide/plugins/com.st.stm32cube.ide.mcu.externaltools.gnu-tools-for-stm32.10.3-2021.10.win32_1.0.100.202210260954/tools/bin/../lib/gcc/arm-none-eabi/10.3.1/thumb/v7-m/nofp/crtn.o
 *(.fini)
 .fini          0x0000000008006810        0x4 c:/st/stm32cubeide_1.11.0/stm32cubeide/plugins/com.st.stm32cube.ide.mcu.externaltools.gnu-tools-for-stm32.10.3-2021.10.win32_1.0.100.202210260954/tools/bin/../lib/gcc/arm-none-eabi/10.3.1/thumb/v7-m/nofp/crti.o
                0x0000000008006810                _fini
 .fini          0x0000000008006814        0x8 c:/st/stm32cubeide_1.11.0/stm32cubeide/plugins/com.st.stm32cube.ide.mcu.externaltools.gnu-tools-for-stm32.10.3-2021.10.win32_1.0.100.202210260954/tools/bin/../lib/gcc/arm-none-eabi/10.3.1/thumb/v7-m/nofp/crtn.o
                0x000000000800681c                . = ALIGN (0x4)
                0x000000000800681c                _etext = .

.vfp11_veneer   0x000000000800681c        0x0
 .vfp11_veneer  0x000000000800681c        0x0 linker stubs

.v4_bx          0x000000000800681c        0x0
 .v4_bx         0x000000000800681c        0x0 linker stubs

.iplt           0x000000000800681c        0x0
 .iplt          0x000000000800681c        0x0 c:/st/stm32cubeide_1.11.0/stm32cubeide/plugins/com.st.stm32cube.ide.mcu.externaltools.gnu-tools-for-stm32.10.3-2021.10.win32_1.0.100.202210260954/tools/bin/../lib/gcc/arm-none-eabi/10.3.1/thumb/v7-m/nofp/crtbegin.o

.rodata         0x000000000800681c      0x170
                0x000000000800681c                . = ALIGN (0x4)
 *(.rodata)
 .rodata        0x000000000800681c      0x113 ./Core/Src/main.o
 *fill*         0x000000000800692f        0x1 
 .rodata        0x0000000008006930       0x10 ./Drivers/STM32F1xx_HAL_Driver/Src/stm32f1xx_hal_rcc.o
 *(.rodata*)
 .rodata.AHBPrescTable
                0x0000000008006940       0x10 ./Core/Src/system_stm32f1xx.o
                0x0000000008006940                AHBPrescTable
 .rodata.APBPrescTable
                0x0000000008006950        0x8 ./Core/Src/system_stm32f1xx.o
                0x0000000008006950                APBPrescTable
 .rodata._svfprintf_r.str1.1
                0x0000000008006958       0x11 c:/st/stm32cubeide_1.11.0/stm32cubeide/plugins/com.st.stm32cube.ide.mcu.externaltools.gnu-tools-for-stm32.10.3-2021.10.win32_1.0.100.202210260954/tools/bin/../lib/gcc/arm-none-eabi/10.3.1/../../../../arm-none-eabi/lib/thumb/v7-m/nofp\libc_nano.a(lib_a-nano-svfprintf.o)
 .rodata._printf_i.str1.1
                0x0000000008006969       0x22 c:/st/stm32cubeide_1.11.0/stm32cubeide/plugins/com.st.stm32cube.ide.mcu.externaltools.gnu-tools-for-stm32.10.3-2021.10.win32_1.0.100.202210260954/tools/bin/../lib/gcc/arm-none-eabi/10.3.1/../../../../arm-none-eabi/lib/thumb/v7-m/nofp\libc_nano.a(lib_a-nano-vfprintf_i.o)
                0x000000000800698c                . = ALIGN (0x4)
 *fill*         0x000000000800698b        0x1 

.rel.dyn        0x000000000800698c        0x0
 .rel.iplt      0x000000000800698c        0x0 c:/st/stm32cubeide_1.11.0/stm32cubeide/plugins/com.st.stm32cube.ide.mcu.externaltools.gnu-tools-for-stm32.10.3-2021.10.win32_1.0.100.202210260954/tools/bin/../lib/gcc/arm-none-eabi/10.3.1/thumb/v7-m/nofp/crtbegin.o

.ARM.extab      0x000000000800698c        0x0
                0x000000000800698c                . = ALIGN (0x4)
 *(.ARM.extab* .gnu.linkonce.armextab.*)
                0x000000000800698c                . = ALIGN (0x4)

.ARM            0x000000000800698c        0x0
                0x000000000800698c                . = ALIGN (0x4)
                0x000000000800698c                __exidx_start = .
 *(.ARM.exidx*)
                0x000000000800698c                __exidx_end = .
                0x000000000800698c                . = ALIGN (0x4)

.preinit_array  0x000000000800698c        0x0
                0x000000000800698c                . = ALIGN (0x4)
                0x000000000800698c                PROVIDE (__preinit_array_start = .)
 *(.preinit_array*)
                0x000000000800698c                PROVIDE (__preinit_array_end = .)
                0x000000000800698c                . = ALIGN (0x4)

.init_array     0x000000000800698c        0x4
                0x000000000800698c                . = ALIGN (0x4)
                0x000000000800698c                PROVIDE (__init_array_start = .)
 *(SORT_BY_NAME(.init_array.*))
 *(.init_array*)
 .init_array    0x000000000800698c        0x4 c:/st/stm32cubeide_1.11.0/stm32cubeide/plugins/com.st.stm32cube.ide.mcu.externaltools.gnu-tools-for-stm32.10.3-2021.10.win32_1.0.100.202210260954/tools/bin/../lib/gcc/arm-none-eabi/10.3.1/thumb/v7-m/nofp/crtbegin.o
                0x0000000008006990                PROVIDE (__init_array_end = .)
                0x0000000008006990                . = ALIGN (0x4)

.fini_array     0x0000000008006990        0x4
                0x0000000008006990                . = ALIGN (0x4)
                [!provide]                        PROVIDE (__fini_array_start = .)
 *(SORT_BY_NAME(.fini_array.*))
 *(.fini_array*)
 .fini_array    0x0000000008006990        0x4 c:/st/stm32cubeide_1.11.0/stm32cubeide/plugins/com.st.stm32cube.ide.mcu.externaltools.gnu-tools-for-stm32.10.3-2021.10.win32_1.0.100.202210260954/tools/bin/../lib/gcc/arm-none-eabi/10.3.1/thumb/v7-m/nofp/crtbegin.o
                [!provide]                        PROVIDE (__fini_array_end = .)
                0x0000000008006994                . = ALIGN (0x4)
                0x0000000008006994                _sidata = LOADADDR (.data)

.data           0x0000000020000000       0x74 load address 0x0000000008006994
                0x0000000020000000                . = ALIGN (0x4)
                0x0000000020000000                _sdata = .
 *(.data)
 *(.data*)
 .data.is8BitsMode
                0x0000000020000000        0x1 ./Core/Src/lcd16x2.o
 .data.FunctionSet
                0x0000000020000001        0x1 ./Core/Src/lcd16x2.o
 .data.cmd_index
                0x0000000020000002        0x1 ./Core/Src/main.o
                0x0000000020000002                cmd_index
 *fill*         0x0000000020000003        0x1 
 .data.SystemCoreClock
                0x0000000020000004        0x4 ./Core/Src/system_stm32f1xx.o
                0x0000000020000004                SystemCoreClock
 .data.uwTickPrio
                0x0000000020000008        0x4 ./Drivers/STM32F1xx_HAL_Driver/Src/stm32f1xx_hal.o
                0x0000000020000008                uwTickPrio
 .data.uwTickFreq
                0x000000002000000c        0x1 ./Drivers/STM32F1xx_HAL_Driver/Src/stm32f1xx_hal.o
                0x000000002000000c                uwTickFreq
 *fill*         0x000000002000000d        0x3 
 .data._impure_ptr
                0x0000000020000010        0x4 c:/st/stm32cubeide_1.11.0/stm32cubeide/plugins/com.st.stm32cube.ide.mcu.externaltools.gnu-tools-for-stm32.10.3-2021.10.win32_1.0.100.202210260954/tools/bin/../lib/gcc/arm-none-eabi/10.3.1/../../../../arm-none-eabi/lib/thumb/v7-m/nofp\libc_nano.a(lib_a-impure.o)
                0x0000000020000010                _impure_ptr
 .data.impure_data
                0x0000000020000014       0x60 c:/st/stm32cubeide_1.11.0/stm32cubeide/plugins/com.st.stm32cube.ide.mcu.externaltools.gnu-tools-for-stm32.10.3-2021.10.win32_1.0.100.202210260954/tools/bin/../lib/gcc/arm-none-eabi/10.3.1/../../../../arm-none-eabi/lib/thumb/v7-m/nofp\libc_nano.a(lib_a-impure.o)
 *(.RamFunc)
 *(.RamFunc*)
                0x0000000020000074                . = ALIGN (0x4)
                0x0000000020000074                _edata = .

.igot.plt       0x0000000020000074        0x0 load address 0x0000000008006a08
 .igot.plt      0x0000000020000074        0x0 c:/st/stm32cubeide_1.11.0/stm32cubeide/plugins/com.st.stm32cube.ide.mcu.externaltools.gnu-tools-for-stm32.10.3-2021.10.win32_1.0.100.202210260954/tools/bin/../lib/gcc/arm-none-eabi/10.3.1/thumb/v7-m/nofp/crtbegin.o
                0x0000000020000074                . = ALIGN (0x4)

.bss            0x0000000020000074      0x428 load address 0x0000000008006a08
                0x0000000020000074                _sbss = .
                0x0000000020000074                __bss_start__ = _sbss
 *(.bss)
 .bss           0x0000000020000074       0x1c c:/st/stm32cubeide_1.11.0/stm32cubeide/plugins/com.st.stm32cube.ide.mcu.externaltools.gnu-tools-for-stm32.10.3-2021.10.win32_1.0.100.202210260954/tools/bin/../lib/gcc/arm-none-eabi/10.3.1/thumb/v7-m/nofp/crtbegin.o
 *(.bss*)
 .bss.PORT_RS_and_E
                0x0000000020000090        0x4 ./Core/Src/lcd16x2.o
 .bss.PIN_RS    0x0000000020000094        0x2 ./Core/Src/lcd16x2.o
 .bss.PIN_E     0x0000000020000096        0x2 ./Core/Src/lcd16x2.o
 .bss.PORT_LSB  0x0000000020000098        0x4 ./Core/Src/lcd16x2.o
 .bss.D0_PIN    0x000000002000009c        0x2 ./Core/Src/lcd16x2.o
 .bss.D1_PIN    0x000000002000009e        0x2 ./Core/Src/lcd16x2.o
 .bss.D2_PIN    0x00000000200000a0        0x2 ./Core/Src/lcd16x2.o
 .bss.D3_PIN    0x00000000200000a2        0x2 ./Core/Src/lcd16x2.o
 .bss.PORT_MSB  0x00000000200000a4        0x4 ./Core/Src/lcd16x2.o
 .bss.D4_PIN    0x00000000200000a8        0x2 ./Core/Src/lcd16x2.o
 .bss.D5_PIN    0x00000000200000aa        0x2 ./Core/Src/lcd16x2.o
 .bss.D6_PIN    0x00000000200000ac        0x2 ./Core/Src/lcd16x2.o
 .bss.D7_PIN    0x00000000200000ae        0x2 ./Core/Src/lcd16x2.o
 .bss.htim1     0x00000000200000b0       0x48 ./Core/Src/main.o
                0x00000000200000b0                htim1
 .bss.htim4     0x00000000200000f8       0x48 ./Core/Src/main.o
                0x00000000200000f8                htim4
 .bss.huart1    0x0000000020000140       0x44 ./Core/Src/main.o
                0x0000000020000140                huart1
 .bss.hdma_usart1_rx
                0x0000000020000184       0x44 ./Core/Src/main.o
                0x0000000020000184                hdma_usart1_rx
 .bss.hdma_usart1_tx
                0x00000000200001c8       0x44 ./Core/Src/main.o
                0x00000000200001c8                hdma_usart1_tx
 .bss.queue     0x000000002000020c       0xb4 ./Core/Src/main.o
                0x000000002000020c                queue
 .bss.temp      0x00000000200002c0        0x4 ./Core/Src/main.o
                0x00000000200002c0                temp
 .bss.humi      0x00000000200002c4        0x4 ./Core/Src/main.o
                0x00000000200002c4                humi
 .bss.Rh_byte1  0x00000000200002c8        0x1 ./Core/Src/main.o
                0x00000000200002c8                Rh_byte1
 .bss.Rh_byte2  0x00000000200002c9        0x1 ./Core/Src/main.o
                0x00000000200002c9                Rh_byte2
 .bss.Temp_byte1
                0x00000000200002ca        0x1 ./Core/Src/main.o
                0x00000000200002ca                Temp_byte1
 .bss.Temp_byte2
                0x00000000200002cb        0x1 ./Core/Src/main.o
                0x00000000200002cb                Temp_byte2
 .bss.SUM       0x00000000200002cc        0x2 ./Core/Src/main.o
                0x00000000200002cc                SUM
 .bss.RH        0x00000000200002ce        0x2 ./Core/Src/main.o
                0x00000000200002ce                RH
 .bss.TEMP      0x00000000200002d0        0x2 ./Core/Src/main.o
                0x00000000200002d0                TEMP
 .bss.Presence  0x00000000200002d2        0x1 ./Core/Src/main.o
                0x00000000200002d2                Presence
 *fill*         0x00000000200002d3        0x1 
 .bss.data_line_1
                0x00000000200002d4       0x10 ./Core/Src/main.o
                0x00000000200002d4                data_line_1
 .bss.data_line_2
                0x00000000200002e4       0x10 ./Core/Src/main.o
                0x00000000200002e4                data_line_2
 .bss.IC_Val1   0x00000000200002f4        0x4 ./Core/Src/main.o
                0x00000000200002f4                IC_Val1
 .bss.IC_Val2   0x00000000200002f8        0x4 ./Core/Src/main.o
                0x00000000200002f8                IC_Val2
 .bss.Difference
                0x00000000200002fc        0x4 ./Core/Src/main.o
                0x00000000200002fc                Difference
 .bss.Is_First_Captured
                0x0000000020000300        0x1 ./Core/Src/main.o
                0x0000000020000300                Is_First_Captured
 .bss.distance  0x0000000020000301        0x1 ./Core/Src/main.o
                0x0000000020000301                distance
 *fill*         0x0000000020000302        0x2 
 .bss.RxBuffer  0x0000000020000304        0xa ./Core/Src/main.o
                0x0000000020000304                RxBuffer
 *fill*         0x000000002000030e        0x2 
 .bss.TxBuffer  0x0000000020000310       0x46 ./Core/Src/main.o
                0x0000000020000310                TxBuffer
 *fill*         0x0000000020000356        0x2 
 .bss.MainBuffer
                0x0000000020000358        0x9 ./Core/Src/main.o
                0x0000000020000358                MainBuffer
 .bss.HCSR04_transmit_period
                0x0000000020000361        0x1 ./Core/Src/main.o
                0x0000000020000361                HCSR04_transmit_period
 .bss.temp_transmit_period
                0x0000000020000362        0x1 ./Core/Src/main.o
                0x0000000020000362                temp_transmit_period
 .bss.humi_transmit_period
                0x0000000020000363        0x1 ./Core/Src/main.o
                0x0000000020000363                humi_transmit_period
 .bss.temp_threshold
                0x0000000020000364        0x1 ./Core/Src/main.o
                0x0000000020000364                temp_threshold
 .bss.humi_threshold
                0x0000000020000365        0x1 ./Core/Src/main.o
                0x0000000020000365                humi_threshold
 .bss.dist_threshold
                0x0000000020000366        0x1 ./Core/Src/main.o
                0x0000000020000366                dist_threshold
 .bss.len       0x0000000020000367        0x1 ./Core/Src/main.o
                0x0000000020000367                len
 .bss.start_tick
                0x0000000020000368        0x4 ./Core/Src/main.o
                0x0000000020000368                start_tick
 .bss.stop_tick
                0x000000002000036c        0x4 ./Core/Src/main.o
                0x000000002000036c                stop_tick
 .bss.execute_tick
                0x0000000020000370        0x4 ./Core/Src/main.o
                0x0000000020000370                execute_tick
 .bss.humi_cnt  0x0000000020000374        0x1 ./Core/Src/main.o
                0x0000000020000374                humi_cnt
 .bss.temp_cnt  0x0000000020000375        0x1 ./Core/Src/main.o
                0x0000000020000375                temp_cnt
 .bss.dist_cnt  0x0000000020000376        0x1 ./Core/Src/main.o
                0x0000000020000376                dist_cnt
 .bss.read_DHT11_flag
                0x0000000020000377        0x1 ./Core/Src/main.o
                0x0000000020000377                read_DHT11_flag
 .bss.read_HCSR04_flag
                0x0000000020000378        0x1 ./Core/Src/main.o
                0x0000000020000378                read_HCSR04_flag
 .bss.transmit_DHT11_data_flag
                0x0000000020000379        0x1 ./Core/Src/main.o
                0x0000000020000379                transmit_DHT11_data_flag
 .bss.transmit_temp_data_flag
                0x000000002000037a        0x1 ./Core/Src/main.o
                0x000000002000037a                transmit_temp_data_flag
 .bss.transmit_humi_data_flag
                0x000000002000037b        0x1 ./Core/Src/main.o
                0x000000002000037b                transmit_humi_data_flag
 .bss.transmit_dist_data_flag
                0x000000002000037c        0x1 ./Core/Src/main.o
                0x000000002000037c                transmit_dist_data_flag
 .bss.transmit_DHT11_HCSR04_data_flag
                0x000000002000037d        0x1 ./Core/Src/main.o
                0x000000002000037d                transmit_DHT11_HCSR04_data_flag
 .bss.transmit_temp_HCSR04_data_flag
                0x000000002000037e        0x1 ./Core/Src/main.o
                0x000000002000037e                transmit_temp_HCSR04_data_flag
 .bss.transmit_humi_HCSR04_data_flag
                0x000000002000037f        0x1 ./Core/Src/main.o
                0x000000002000037f                transmit_humi_HCSR04_data_flag
 .bss.lcd_display_flag
                0x0000000020000380        0x1 ./Core/Src/main.o
                0x0000000020000380                lcd_display_flag
 .bss.uart_enable_cmd_1
                0x0000000020000381        0x1 ./Core/Src/main.o
                0x0000000020000381                uart_enable_cmd_1
 .bss.uart_enable_cmd_2
                0x0000000020000382        0x1 ./Core/Src/main.o
                0x0000000020000382                uart_enable_cmd_2
 .bss.uart_enable_cmd_1_tmp
                0x0000000020000383        0x1 ./Core/Src/main.o
                0x0000000020000383                uart_enable_cmd_1_tmp
 .bss.uart_enable_cmd_2_tmp
                0x0000000020000384        0x1 ./Core/Src/main.o
                0x0000000020000384                uart_enable_cmd_2_tmp
 .bss.button_enable
                0x0000000020000385        0x1 ./Core/Src/main.o
                0x0000000020000385                button_enable
 .bss.isHumiTrans
                0x0000000020000386        0x1 ./Core/Src/main.o
                0x0000000020000386                isHumiTrans
 .bss.isDistTrans
                0x0000000020000387        0x1 ./Core/Src/main.o
                0x0000000020000387                isDistTrans
 .bss.isr_cnt   0x0000000020000388        0x1 ./Core/Src/main.o
                0x0000000020000388                isr_cnt
 *fill*         0x0000000020000389        0x3 
 .bss.isr_tick_start
                0x000000002000038c        0x4 ./Core/Src/main.o
                0x000000002000038c                isr_tick_start
 .bss.isr_tick_stop
                0x0000000020000390        0x4 ./Core/Src/main.o
                0x0000000020000390                isr_tick_stop
 .bss.isr_execute_tick
                0x0000000020000394        0x4 ./Core/Src/main.o
                0x0000000020000394                isr_execute_tick
 .bss.dht11_tick_old
                0x0000000020000398        0x4 ./Core/Src/main.o
                0x0000000020000398                dht11_tick_old
 .bss.dht11_tick_new
                0x000000002000039c        0x4 ./Core/Src/main.o
                0x000000002000039c                dht11_tick_new
 .bss.dht11_tick_period
                0x00000000200003a0        0x4 ./Core/Src/main.o
                0x00000000200003a0                dht11_tick_period
 .bss.lcd_tick_old
                0x00000000200003a4        0x4 ./Core/Src/main.o
                0x00000000200003a4                lcd_tick_old
 .bss.lcd_tick_new
                0x00000000200003a8        0x4 ./Core/Src/main.o
                0x00000000200003a8                lcd_tick_new
 .bss.lcd_tick_period
                0x00000000200003ac        0x4 ./Core/Src/main.o
                0x00000000200003ac                lcd_tick_period
 .bss.hcsr04_tick_old
                0x00000000200003b0        0x4 ./Core/Src/main.o
                0x00000000200003b0                hcsr04_tick_old
 .bss.hcsr04_tick_new
                0x00000000200003b4        0x4 ./Core/Src/main.o
                0x00000000200003b4                hcsr04_tick_new
 .bss.hcsr04_tick_period
                0x00000000200003b8        0x4 ./Core/Src/main.o
                0x00000000200003b8                hcsr04_tick_period
 .bss.old_tick  0x00000000200003bc        0x4 ./Core/Src/main.o
                0x00000000200003bc                old_tick
 .bss.new_tick  0x00000000200003c0        0x4 ./Core/Src/main.o
                0x00000000200003c0                new_tick
 .bss.task_idx  0x00000000200003c4        0x4 ./Core/Src/main.o
                0x00000000200003c4                task_idx
 .bss.old_task_idx
                0x00000000200003c8        0x4 ./Core/Src/main.o
                0x00000000200003c8                old_task_idx
 .bss.execute_time
                0x00000000200003cc       0xb8 ./Core/Src/main.o
                0x00000000200003cc                execute_time
 .bss.__sbrk_heap_end
                0x0000000020000484        0x4 ./Core/Src/sysmem.o
 .bss.uwTick    0x0000000020000488        0x4 ./Drivers/STM32F1xx_HAL_Driver/Src/stm32f1xx_hal.o
                0x0000000020000488                uwTick
 .bss.__malloc_free_list
                0x000000002000048c        0x4 c:/st/stm32cubeide_1.11.0/stm32cubeide/plugins/com.st.stm32cube.ide.mcu.externaltools.gnu-tools-for-stm32.10.3-2021.10.win32_1.0.100.202210260954/tools/bin/../lib/gcc/arm-none-eabi/10.3.1/../../../../arm-none-eabi/lib/thumb/v7-m/nofp\libc_nano.a(lib_a-nano-mallocr.o)
                0x000000002000048c                __malloc_free_list
 .bss.__malloc_sbrk_start
                0x0000000020000490        0x4 c:/st/stm32cubeide_1.11.0/stm32cubeide/plugins/com.st.stm32cube.ide.mcu.externaltools.gnu-tools-for-stm32.10.3-2021.10.win32_1.0.100.202210260954/tools/bin/../lib/gcc/arm-none-eabi/10.3.1/../../../../arm-none-eabi/lib/thumb/v7-m/nofp\libc_nano.a(lib_a-nano-mallocr.o)
                0x0000000020000490                __malloc_sbrk_start
 .bss.errno     0x0000000020000494        0x4 c:/st/stm32cubeide_1.11.0/stm32cubeide/plugins/com.st.stm32cube.ide.mcu.externaltools.gnu-tools-for-stm32.10.3-2021.10.win32_1.0.100.202210260954/tools/bin/../lib/gcc/arm-none-eabi/10.3.1/../../../../arm-none-eabi/lib/thumb/v7-m/nofp\libc_nano.a(lib_a-reent.o)
                0x0000000020000494                errno
 .bss.__lock___malloc_recursive_mutex
                0x0000000020000498        0x1 c:/st/stm32cubeide_1.11.0/stm32cubeide/plugins/com.st.stm32cube.ide.mcu.externaltools.gnu-tools-for-stm32.10.3-2021.10.win32_1.0.100.202210260954/tools/bin/../lib/gcc/arm-none-eabi/10.3.1/../../../../arm-none-eabi/lib/thumb/v7-m/nofp\libc_nano.a(lib_a-lock.o)
                0x0000000020000498                __lock___malloc_recursive_mutex
 *(COMMON)
                0x000000002000049c                . = ALIGN (0x4)
 *fill*         0x0000000020000499        0x3 
                0x000000002000049c                _ebss = .
                0x000000002000049c                __bss_end__ = _ebss

._user_heap_stack
                0x000000002000049c      0x604 load address 0x0000000008006a08
                0x00000000200004a0                . = ALIGN (0x8)
 *fill*         0x000000002000049c        0x4 
                [!provide]                        PROVIDE (end = .)
                0x00000000200004a0                PROVIDE (_end = .)
                0x00000000200006a0                . = (. + _Min_Heap_Size)
 *fill*         0x00000000200004a0      0x200 
                0x0000000020000aa0                . = (. + _Min_Stack_Size)
 *fill*         0x00000000200006a0      0x400 
                0x0000000020000aa0                . = ALIGN (0x8)

/DISCARD/
 libc.a(*)
 libm.a(*)
 libgcc.a(*)

.ARM.attributes
                0x0000000000000000       0x29
 *(.ARM.attributes)
 .ARM.attributes
                0x0000000000000000       0x1d c:/st/stm32cubeide_1.11.0/stm32cubeide/plugins/com.st.stm32cube.ide.mcu.externaltools.gnu-tools-for-stm32.10.3-2021.10.win32_1.0.100.202210260954/tools/bin/../lib/gcc/arm-none-eabi/10.3.1/thumb/v7-m/nofp/crti.o
 .ARM.attributes
                0x000000000000001d       0x2d c:/st/stm32cubeide_1.11.0/stm32cubeide/plugins/com.st.stm32cube.ide.mcu.externaltools.gnu-tools-for-stm32.10.3-2021.10.win32_1.0.100.202210260954/tools/bin/../lib/gcc/arm-none-eabi/10.3.1/thumb/v7-m/nofp/crtbegin.o
 .ARM.attributes
                0x000000000000004a       0x2d ./Core/Src/lcd16x2.o
 .ARM.attributes
                0x0000000000000077       0x2d ./Core/Src/main.o
 .ARM.attributes
                0x00000000000000a4       0x2d ./Core/Src/stm32f1xx_hal_msp.o
 .ARM.attributes
                0x00000000000000d1       0x2d ./Core/Src/stm32f1xx_it.o
 .ARM.attributes
                0x00000000000000fe       0x2d ./Core/Src/sysmem.o
 .ARM.attributes
                0x000000000000012b       0x2d ./Core/Src/system_stm32f1xx.o
 .ARM.attributes
                0x0000000000000158       0x21 ./Core/Startup/startup_stm32f103c8tx.o
 .ARM.attributes
                0x0000000000000179       0x2d ./Drivers/STM32F1xx_HAL_Driver/Src/stm32f1xx_hal.o
 .ARM.attributes
                0x00000000000001a6       0x2d ./Drivers/STM32F1xx_HAL_Driver/Src/stm32f1xx_hal_cortex.o
 .ARM.attributes
                0x00000000000001d3       0x2d ./Drivers/STM32F1xx_HAL_Driver/Src/stm32f1xx_hal_dma.o
 .ARM.attributes
                0x0000000000000200       0x2d ./Drivers/STM32F1xx_HAL_Driver/Src/stm32f1xx_hal_gpio.o
 .ARM.attributes
                0x000000000000022d       0x2d ./Drivers/STM32F1xx_HAL_Driver/Src/stm32f1xx_hal_rcc.o
 .ARM.attributes
                0x000000000000025a       0x2d ./Drivers/STM32F1xx_HAL_Driver/Src/stm32f1xx_hal_tim.o
 .ARM.attributes
                0x0000000000000287       0x2d ./Drivers/STM32F1xx_HAL_Driver/Src/stm32f1xx_hal_tim_ex.o
 .ARM.attributes
                0x00000000000002b4       0x2d ./Drivers/STM32F1xx_HAL_Driver/Src/stm32f1xx_hal_uart.o
 .ARM.attributes
                0x00000000000002e1       0x2d c:/st/stm32cubeide_1.11.0/stm32cubeide/plugins/com.st.stm32cube.ide.mcu.externaltools.gnu-tools-for-stm32.10.3-2021.10.win32_1.0.100.202210260954/tools/bin/../lib/gcc/arm-none-eabi/10.3.1/../../../../arm-none-eabi/lib/thumb/v7-m/nofp\libc_nano.a(lib_a-errno.o)
 .ARM.attributes
                0x000000000000030e       0x2d c:/st/stm32cubeide_1.11.0/stm32cubeide/plugins/com.st.stm32cube.ide.mcu.externaltools.gnu-tools-for-stm32.10.3-2021.10.win32_1.0.100.202210260954/tools/bin/../lib/gcc/arm-none-eabi/10.3.1/../../../../arm-none-eabi/lib/thumb/v7-m/nofp\libc_nano.a(lib_a-impure.o)
 .ARM.attributes
                0x000000000000033b       0x2d c:/st/stm32cubeide_1.11.0/stm32cubeide/plugins/com.st.stm32cube.ide.mcu.externaltools.gnu-tools-for-stm32.10.3-2021.10.win32_1.0.100.202210260954/tools/bin/../lib/gcc/arm-none-eabi/10.3.1/../../../../arm-none-eabi/lib/thumb/v7-m/nofp\libc_nano.a(lib_a-init.o)
 .ARM.attributes
                0x0000000000000368       0x2d c:/st/stm32cubeide_1.11.0/stm32cubeide/plugins/com.st.stm32cube.ide.mcu.externaltools.gnu-tools-for-stm32.10.3-2021.10.win32_1.0.100.202210260954/tools/bin/../lib/gcc/arm-none-eabi/10.3.1/../../../../arm-none-eabi/lib/thumb/v7-m/nofp\libc_nano.a(lib_a-memcpy-stub.o)
 .ARM.attributes
                0x0000000000000395       0x2d c:/st/stm32cubeide_1.11.0/stm32cubeide/plugins/com.st.stm32cube.ide.mcu.externaltools.gnu-tools-for-stm32.10.3-2021.10.win32_1.0.100.202210260954/tools/bin/../lib/gcc/arm-none-eabi/10.3.1/../../../../arm-none-eabi/lib/thumb/v7-m/nofp\libc_nano.a(lib_a-memset.o)
 .ARM.attributes
                0x00000000000003c2       0x2d c:/st/stm32cubeide_1.11.0/stm32cubeide/plugins/com.st.stm32cube.ide.mcu.externaltools.gnu-tools-for-stm32.10.3-2021.10.win32_1.0.100.202210260954/tools/bin/../lib/gcc/arm-none-eabi/10.3.1/../../../../arm-none-eabi/lib/thumb/v7-m/nofp\libc_nano.a(lib_a-sprintf.o)
 .ARM.attributes
                0x00000000000003ef       0x17 c:/st/stm32cubeide_1.11.0/stm32cubeide/plugins/com.st.stm32cube.ide.mcu.externaltools.gnu-tools-for-stm32.10.3-2021.10.win32_1.0.100.202210260954/tools/bin/../lib/gcc/arm-none-eabi/10.3.1/../../../../arm-none-eabi/lib/thumb/v7-m/nofp\libc_nano.a(lib_a-strlen.o)
 .ARM.attributes
                0x0000000000000406       0x2d c:/st/stm32cubeide_1.11.0/stm32cubeide/plugins/com.st.stm32cube.ide.mcu.externaltools.gnu-tools-for-stm32.10.3-2021.10.win32_1.0.100.202210260954/tools/bin/../lib/gcc/arm-none-eabi/10.3.1/../../../../arm-none-eabi/lib/thumb/v7-m/nofp\libc_nano.a(lib_a-vsprintf.o)
 .ARM.attributes
                0x0000000000000433       0x2d c:/st/stm32cubeide_1.11.0/stm32cubeide/plugins/com.st.stm32cube.ide.mcu.externaltools.gnu-tools-for-stm32.10.3-2021.10.win32_1.0.100.202210260954/tools/bin/../lib/gcc/arm-none-eabi/10.3.1/../../../../arm-none-eabi/lib/thumb/v7-m/nofp\libc_nano.a(lib_a-nano-svfprintf.o)
 .ARM.attributes
                0x0000000000000460       0x2d c:/st/stm32cubeide_1.11.0/stm32cubeide/plugins/com.st.stm32cube.ide.mcu.externaltools.gnu-tools-for-stm32.10.3-2021.10.win32_1.0.100.202210260954/tools/bin/../lib/gcc/arm-none-eabi/10.3.1/../../../../arm-none-eabi/lib/thumb/v7-m/nofp\libc_nano.a(lib_a-nano-vfprintf_i.o)
 .ARM.attributes
                0x000000000000048d       0x2d c:/st/stm32cubeide_1.11.0/stm32cubeide/plugins/com.st.stm32cube.ide.mcu.externaltools.gnu-tools-for-stm32.10.3-2021.10.win32_1.0.100.202210260954/tools/bin/../lib/gcc/arm-none-eabi/10.3.1/../../../../arm-none-eabi/lib/thumb/v7-m/nofp\libc_nano.a(lib_a-memchr-stub.o)
 .ARM.attributes
                0x00000000000004ba       0x2d c:/st/stm32cubeide_1.11.0/stm32cubeide/plugins/com.st.stm32cube.ide.mcu.externaltools.gnu-tools-for-stm32.10.3-2021.10.win32_1.0.100.202210260954/tools/bin/../lib/gcc/arm-none-eabi/10.3.1/../../../../arm-none-eabi/lib/thumb/v7-m/nofp\libc_nano.a(lib_a-memmove.o)
 .ARM.attributes
                0x00000000000004e7       0x2d c:/st/stm32cubeide_1.11.0/stm32cubeide/plugins/com.st.stm32cube.ide.mcu.externaltools.gnu-tools-for-stm32.10.3-2021.10.win32_1.0.100.202210260954/tools/bin/../lib/gcc/arm-none-eabi/10.3.1/../../../../arm-none-eabi/lib/thumb/v7-m/nofp\libc_nano.a(lib_a-nano-freer.o)
 .ARM.attributes
                0x0000000000000514       0x2d c:/st/stm32cubeide_1.11.0/stm32cubeide/plugins/com.st.stm32cube.ide.mcu.externaltools.gnu-tools-for-stm32.10.3-2021.10.win32_1.0.100.202210260954/tools/bin/../lib/gcc/arm-none-eabi/10.3.1/../../../../arm-none-eabi/lib/thumb/v7-m/nofp\libc_nano.a(lib_a-nano-mallocr.o)
 .ARM.attributes
                0x0000000000000541       0x2d c:/st/stm32cubeide_1.11.0/stm32cubeide/plugins/com.st.stm32cube.ide.mcu.externaltools.gnu-tools-for-stm32.10.3-2021.10.win32_1.0.100.202210260954/tools/bin/../lib/gcc/arm-none-eabi/10.3.1/../../../../arm-none-eabi/lib/thumb/v7-m/nofp\libc_nano.a(lib_a-nano-reallocr.o)
 .ARM.attributes
                0x000000000000056e       0x2d c:/st/stm32cubeide_1.11.0/stm32cubeide/plugins/com.st.stm32cube.ide.mcu.externaltools.gnu-tools-for-stm32.10.3-2021.10.win32_1.0.100.202210260954/tools/bin/../lib/gcc/arm-none-eabi/10.3.1/../../../../arm-none-eabi/lib/thumb/v7-m/nofp\libc_nano.a(lib_a-sbrkr.o)
 .ARM.attributes
                0x000000000000059b       0x2d c:/st/stm32cubeide_1.11.0/stm32cubeide/plugins/com.st.stm32cube.ide.mcu.externaltools.gnu-tools-for-stm32.10.3-2021.10.win32_1.0.100.202210260954/tools/bin/../lib/gcc/arm-none-eabi/10.3.1/../../../../arm-none-eabi/lib/thumb/v7-m/nofp\libc_nano.a(lib_a-mlock.o)
 .ARM.attributes
                0x00000000000005c8       0x2d c:/st/stm32cubeide_1.11.0/stm32cubeide/plugins/com.st.stm32cube.ide.mcu.externaltools.gnu-tools-for-stm32.10.3-2021.10.win32_1.0.100.202210260954/tools/bin/../lib/gcc/arm-none-eabi/10.3.1/../../../../arm-none-eabi/lib/thumb/v7-m/nofp\libc_nano.a(lib_a-nano-msizer.o)
 .ARM.attributes
                0x00000000000005f5       0x2d c:/st/stm32cubeide_1.11.0/stm32cubeide/plugins/com.st.stm32cube.ide.mcu.externaltools.gnu-tools-for-stm32.10.3-2021.10.win32_1.0.100.202210260954/tools/bin/../lib/gcc/arm-none-eabi/10.3.1/../../../../arm-none-eabi/lib/thumb/v7-m/nofp\libc_nano.a(lib_a-reent.o)
 .ARM.attributes
                0x0000000000000622       0x2d c:/st/stm32cubeide_1.11.0/stm32cubeide/plugins/com.st.stm32cube.ide.mcu.externaltools.gnu-tools-for-stm32.10.3-2021.10.win32_1.0.100.202210260954/tools/bin/../lib/gcc/arm-none-eabi/10.3.1/../../../../arm-none-eabi/lib/thumb/v7-m/nofp\libc_nano.a(lib_a-lock.o)
 .ARM.attributes
                0x000000000000064f       0x1d c:/st/stm32cubeide_1.11.0/stm32cubeide/plugins/com.st.stm32cube.ide.mcu.externaltools.gnu-tools-for-stm32.10.3-2021.10.win32_1.0.100.202210260954/tools/bin/../lib/gcc/arm-none-eabi/10.3.1/thumb/v7-m/nofp\libgcc.a(_arm_addsubdf3.o)
 .ARM.attributes
                0x000000000000066c       0x1d c:/st/stm32cubeide_1.11.0/stm32cubeide/plugins/com.st.stm32cube.ide.mcu.externaltools.gnu-tools-for-stm32.10.3-2021.10.win32_1.0.100.202210260954/tools/bin/../lib/gcc/arm-none-eabi/10.3.1/thumb/v7-m/nofp\libgcc.a(_arm_muldivdf3.o)
 .ARM.attributes
                0x0000000000000689       0x1d c:/st/stm32cubeide_1.11.0/stm32cubeide/plugins/com.st.stm32cube.ide.mcu.externaltools.gnu-tools-for-stm32.10.3-2021.10.win32_1.0.100.202210260954/tools/bin/../lib/gcc/arm-none-eabi/10.3.1/thumb/v7-m/nofp\libgcc.a(_arm_fixunsdfsi.o)
 .ARM.attributes
                0x00000000000006a6       0x1d c:/st/stm32cubeide_1.11.0/stm32cubeide/plugins/com.st.stm32cube.ide.mcu.externaltools.gnu-tools-for-stm32.10.3-2021.10.win32_1.0.100.202210260954/tools/bin/../lib/gcc/arm-none-eabi/10.3.1/thumb/v7-m/nofp\libgcc.a(_arm_addsubsf3.o)
 .ARM.attributes
                0x00000000000006c3       0x1d c:/st/stm32cubeide_1.11.0/stm32cubeide/plugins/com.st.stm32cube.ide.mcu.externaltools.gnu-tools-for-stm32.10.3-2021.10.win32_1.0.100.202210260954/tools/bin/../lib/gcc/arm-none-eabi/10.3.1/thumb/v7-m/nofp\libgcc.a(_arm_fixsfsi.o)
 .ARM.attributes
                0x00000000000006e0       0x1d c:/st/stm32cubeide_1.11.0/stm32cubeide/plugins/com.st.stm32cube.ide.mcu.externaltools.gnu-tools-for-stm32.10.3-2021.10.win32_1.0.100.202210260954/tools/bin/../lib/gcc/arm-none-eabi/10.3.1/thumb/v7-m/nofp/crtn.o
OUTPUT(ES_Design_Project.elf elf32-littlearm)
LOAD linker stubs
LOAD c:/st/stm32cubeide_1.11.0/stm32cubeide/plugins/com.st.stm32cube.ide.mcu.externaltools.gnu-tools-for-stm32.10.3-2021.10.win32_1.0.100.202210260954/tools/bin/../lib/gcc/arm-none-eabi/10.3.1/../../../../arm-none-eabi/lib/thumb/v7-m/nofp\libc.a
LOAD c:/st/stm32cubeide_1.11.0/stm32cubeide/plugins/com.st.stm32cube.ide.mcu.externaltools.gnu-tools-for-stm32.10.3-2021.10.win32_1.0.100.202210260954/tools/bin/../lib/gcc/arm-none-eabi/10.3.1/../../../../arm-none-eabi/lib/thumb/v7-m/nofp\libm.a
LOAD c:/st/stm32cubeide_1.11.0/stm32cubeide/plugins/com.st.stm32cube.ide.mcu.externaltools.gnu-tools-for-stm32.10.3-2021.10.win32_1.0.100.202210260954/tools/bin/../lib/gcc/arm-none-eabi/10.3.1/thumb/v7-m/nofp\libgcc.a

.debug_info     0x0000000000000000     0xbfbf
 .debug_info    0x0000000000000000      0x9ab ./Core/Src/lcd16x2.o
 .debug_info    0x00000000000009ab     0x1cbd ./Core/Src/main.o
 .debug_info    0x0000000000002668      0xe61 ./Core/Src/stm32f1xx_hal_msp.o
 .debug_info    0x00000000000034c9      0xa55 ./Core/Src/stm32f1xx_it.o
 .debug_info    0x0000000000003f1e      0x171 ./Core/Src/sysmem.o
 .debug_info    0x000000000000408f      0x23d ./Core/Src/system_stm32f1xx.o
 .debug_info    0x00000000000042cc       0x22 ./Core/Startup/startup_stm32f103c8tx.o
 .debug_info    0x00000000000042ee      0x734 ./Drivers/STM32F1xx_HAL_Driver/Src/stm32f1xx_hal.o
 .debug_info    0x0000000000004a22      0xb20 ./Drivers/STM32F1xx_HAL_Driver/Src/stm32f1xx_hal_cortex.o
 .debug_info    0x0000000000005542      0x73f ./Drivers/STM32F1xx_HAL_Driver/Src/stm32f1xx_hal_dma.o
 .debug_info    0x0000000000005c81      0x615 ./Drivers/STM32F1xx_HAL_Driver/Src/stm32f1xx_hal_gpio.o
 .debug_info    0x0000000000006296      0x860 ./Drivers/STM32F1xx_HAL_Driver/Src/stm32f1xx_hal_rcc.o
 .debug_info    0x0000000000006af6     0x29de ./Drivers/STM32F1xx_HAL_Driver/Src/stm32f1xx_hal_tim.o
 .debug_info    0x00000000000094d4     0x1513 ./Drivers/STM32F1xx_HAL_Driver/Src/stm32f1xx_hal_tim_ex.o
 .debug_info    0x000000000000a9e7     0x15d8 ./Drivers/STM32F1xx_HAL_Driver/Src/stm32f1xx_hal_uart.o

.debug_abbrev   0x0000000000000000     0x1dfd
 .debug_abbrev  0x0000000000000000      0x264 ./Core/Src/lcd16x2.o
 .debug_abbrev  0x0000000000000264      0x32c ./Core/Src/main.o
 .debug_abbrev  0x0000000000000590      0x22f ./Core/Src/stm32f1xx_hal_msp.o
 .debug_abbrev  0x00000000000007bf      0x1b3 ./Core/Src/stm32f1xx_it.o
 .debug_abbrev  0x0000000000000972       0xbb ./Core/Src/sysmem.o
 .debug_abbrev  0x0000000000000a2d      0x13b ./Core/Src/system_stm32f1xx.o
 .debug_abbrev  0x0000000000000b68       0x12 ./Core/Startup/startup_stm32f103c8tx.o
 .debug_abbrev  0x0000000000000b7a      0x1fb ./Drivers/STM32F1xx_HAL_Driver/Src/stm32f1xx_hal.o
 .debug_abbrev  0x0000000000000d75      0x2ed ./Drivers/STM32F1xx_HAL_Driver/Src/stm32f1xx_hal_cortex.o
 .debug_abbrev  0x0000000000001062      0x1fe ./Drivers/STM32F1xx_HAL_Driver/Src/stm32f1xx_hal_dma.o
 .debug_abbrev  0x0000000000001260      0x1bb ./Drivers/STM32F1xx_HAL_Driver/Src/stm32f1xx_hal_gpio.o
 .debug_abbrev  0x000000000000141b      0x2a8 ./Drivers/STM32F1xx_HAL_Driver/Src/stm32f1xx_hal_rcc.o
 .debug_abbrev  0x00000000000016c3      0x25d ./Drivers/STM32F1xx_HAL_Driver/Src/stm32f1xx_hal_tim.o
 .debug_abbrev  0x0000000000001920      0x265 ./Drivers/STM32F1xx_HAL_Driver/Src/stm32f1xx_hal_tim_ex.o
 .debug_abbrev  0x0000000000001b85      0x278 ./Drivers/STM32F1xx_HAL_Driver/Src/stm32f1xx_hal_uart.o

.debug_aranges  0x0000000000000000      0xd98
 .debug_aranges
                0x0000000000000000       0xc0 ./Core/Src/lcd16x2.o
 .debug_aranges
                0x00000000000000c0      0x100 ./Core/Src/main.o
 .debug_aranges
                0x00000000000001c0       0x40 ./Core/Src/stm32f1xx_hal_msp.o
 .debug_aranges
                0x0000000000000200       0xa8 ./Core/Src/stm32f1xx_it.o
 .debug_aranges
                0x00000000000002a8       0x20 ./Core/Src/sysmem.o
 .debug_aranges
                0x00000000000002c8       0x28 ./Core/Src/system_stm32f1xx.o
 .debug_aranges
                0x00000000000002f0       0x28 ./Core/Startup/startup_stm32f103c8tx.o
 .debug_aranges
                0x0000000000000318       0xe0 ./Drivers/STM32F1xx_HAL_Driver/Src/stm32f1xx_hal.o
 .debug_aranges
                0x00000000000003f8      0x100 ./Drivers/STM32F1xx_HAL_Driver/Src/stm32f1xx_hal_cortex.o
 .debug_aranges
                0x00000000000004f8       0x80 ./Drivers/STM32F1xx_HAL_Driver/Src/stm32f1xx_hal_dma.o
 .debug_aranges
                0x0000000000000578       0x58 ./Drivers/STM32F1xx_HAL_Driver/Src/stm32f1xx_hal_gpio.o
 .debug_aranges
                0x00000000000005d0       0x90 ./Drivers/STM32F1xx_HAL_Driver/Src/stm32f1xx_hal_rcc.o
 .debug_aranges
                0x0000000000000660      0x3d0 ./Drivers/STM32F1xx_HAL_Driver/Src/stm32f1xx_hal_tim.o
 .debug_aranges
                0x0000000000000a30      0x168 ./Drivers/STM32F1xx_HAL_Driver/Src/stm32f1xx_hal_tim_ex.o
 .debug_aranges
                0x0000000000000b98      0x200 ./Drivers/STM32F1xx_HAL_Driver/Src/stm32f1xx_hal_uart.o

.debug_ranges   0x0000000000000000      0xce0
 .debug_ranges  0x0000000000000000       0xb0 ./Core/Src/lcd16x2.o
 .debug_ranges  0x00000000000000b0       0xf0 ./Core/Src/main.o
 .debug_ranges  0x00000000000001a0       0x30 ./Core/Src/stm32f1xx_hal_msp.o
 .debug_ranges  0x00000000000001d0       0x98 ./Core/Src/stm32f1xx_it.o
 .debug_ranges  0x0000000000000268       0x10 ./Core/Src/sysmem.o
 .debug_ranges  0x0000000000000278       0x18 ./Core/Src/system_stm32f1xx.o
 .debug_ranges  0x0000000000000290       0x20 ./Core/Startup/startup_stm32f103c8tx.o
 .debug_ranges  0x00000000000002b0       0xd0 ./Drivers/STM32F1xx_HAL_Driver/Src/stm32f1xx_hal.o
 .debug_ranges  0x0000000000000380       0xf0 ./Drivers/STM32F1xx_HAL_Driver/Src/stm32f1xx_hal_cortex.o
 .debug_ranges  0x0000000000000470       0x70 ./Drivers/STM32F1xx_HAL_Driver/Src/stm32f1xx_hal_dma.o
 .debug_ranges  0x00000000000004e0       0x48 ./Drivers/STM32F1xx_HAL_Driver/Src/stm32f1xx_hal_gpio.o
 .debug_ranges  0x0000000000000528       0x80 ./Drivers/STM32F1xx_HAL_Driver/Src/stm32f1xx_hal_rcc.o
 .debug_ranges  0x00000000000005a8      0x3c0 ./Drivers/STM32F1xx_HAL_Driver/Src/stm32f1xx_hal_tim.o
 .debug_ranges  0x0000000000000968      0x158 ./Drivers/STM32F1xx_HAL_Driver/Src/stm32f1xx_hal_tim_ex.o
 .debug_ranges  0x0000000000000ac0      0x220 ./Drivers/STM32F1xx_HAL_Driver/Src/stm32f1xx_hal_uart.o

.debug_macro    0x0000000000000000    0x181ef
 .debug_macro   0x0000000000000000      0x3e1 ./Core/Src/lcd16x2.o
 .debug_macro   0x00000000000003e1      0xa6c ./Core/Src/lcd16x2.o
 .debug_macro   0x0000000000000e4d       0x22 ./Core/Src/lcd16x2.o
 .debug_macro   0x0000000000000e6f      0x221 ./Core/Src/lcd16x2.o
 .debug_macro   0x0000000000001090       0x2e ./Core/Src/lcd16x2.o
 .debug_macro   0x00000000000010be       0x22 ./Core/Src/lcd16x2.o
 .debug_macro   0x00000000000010e0       0x22 ./Core/Src/lcd16x2.o
 .debug_macro   0x0000000000001102       0x8e ./Core/Src/lcd16x2.o
 .debug_macro   0x0000000000001190       0x51 ./Core/Src/lcd16x2.o
 .debug_macro   0x00000000000011e1      0x103 ./Core/Src/lcd16x2.o
 .debug_macro   0x00000000000012e4       0x6a ./Core/Src/lcd16x2.o
 .debug_macro   0x000000000000134e      0x1df ./Core/Src/lcd16x2.o
 .debug_macro   0x000000000000152d       0x1c ./Core/Src/lcd16x2.o
 .debug_macro   0x0000000000001549       0x22 ./Core/Src/lcd16x2.o
 .debug_macro   0x000000000000156b       0xbd ./Core/Src/lcd16x2.o
 .debug_macro   0x0000000000001628      0xd23 ./Core/Src/lcd16x2.o
 .debug_macro   0x000000000000234b     0xe09e ./Core/Src/lcd16x2.o
 .debug_macro   0x00000000000103e9       0x6d ./Core/Src/lcd16x2.o
 .debug_macro   0x0000000000010456     0x3468 ./Core/Src/lcd16x2.o
 .debug_macro   0x00000000000138be      0x174 ./Core/Src/lcd16x2.o
 .debug_macro   0x0000000000013a32       0x5c ./Core/Src/lcd16x2.o
 .debug_macro   0x0000000000013a8e      0x5be ./Core/Src/lcd16x2.o
 .debug_macro   0x000000000001404c      0x289 ./Core/Src/lcd16x2.o
 .debug_macro   0x00000000000142d5      0x1cb ./Core/Src/lcd16x2.o
 .debug_macro   0x00000000000144a0      0x114 ./Core/Src/lcd16x2.o
 .debug_macro   0x00000000000145b4      0x1b2 ./Core/Src/lcd16x2.o
 .debug_macro   0x0000000000014766       0x27 ./Core/Src/lcd16x2.o
 .debug_macro   0x000000000001478d      0x136 ./Core/Src/lcd16x2.o
 .debug_macro   0x00000000000148c3      0x1bc ./Core/Src/lcd16x2.o
 .debug_macro   0x0000000000014a7f       0x34 ./Core/Src/lcd16x2.o
 .debug_macro   0x0000000000014ab3       0x3c ./Core/Src/lcd16x2.o
 .debug_macro   0x0000000000014aef       0x57 ./Core/Src/lcd16x2.o
 .debug_macro   0x0000000000014b46       0x88 ./Core/Src/lcd16x2.o
 .debug_macro   0x0000000000014bce      0x241 ./Core/Src/lcd16x2.o
 .debug_macro   0x0000000000014e0f      0x141 ./Core/Src/lcd16x2.o
 .debug_macro   0x0000000000014f50      0x8d1 ./Core/Src/lcd16x2.o
 .debug_macro   0x0000000000015821      0x279 ./Core/Src/lcd16x2.o
 .debug_macro   0x0000000000015a9a       0x83 ./Core/Src/lcd16x2.o
 .debug_macro   0x0000000000015b1d       0x34 ./Core/Src/lcd16x2.o
 .debug_macro   0x0000000000015b51       0x52 ./Core/Src/lcd16x2.o
 .debug_macro   0x0000000000015ba3       0x18 ./Core/Src/lcd16x2.o
 .debug_macro   0x0000000000015bbb       0x3c ./Core/Src/lcd16x2.o
 .debug_macro   0x0000000000015bf7       0x34 ./Core/Src/lcd16x2.o
 .debug_macro   0x0000000000015c2b       0x16 ./Core/Src/lcd16x2.o
 .debug_macro   0x0000000000015c41       0x43 ./Core/Src/lcd16x2.o
 .debug_macro   0x0000000000015c84       0x34 ./Core/Src/lcd16x2.o
 .debug_macro   0x0000000000015cb8       0x10 ./Core/Src/lcd16x2.o
 .debug_macro   0x0000000000015cc8       0x58 ./Core/Src/lcd16x2.o
 .debug_macro   0x0000000000015d20       0x71 ./Core/Src/lcd16x2.o
 .debug_macro   0x0000000000015d91       0x1c ./Core/Src/lcd16x2.o
 .debug_macro   0x0000000000015dad      0x12a ./Core/Src/lcd16x2.o
 .debug_macro   0x0000000000015ed7      0x341 ./Core/Src/lcd16x2.o
 .debug_macro   0x0000000000016218       0x10 ./Core/Src/lcd16x2.o
 .debug_macro   0x0000000000016228       0x35 ./Core/Src/lcd16x2.o
 .debug_macro   0x000000000001625d       0x20 ./Core/Src/lcd16x2.o
 .debug_macro   0x000000000001627d       0x1c ./Core/Src/lcd16x2.o
 .debug_macro   0x0000000000016299       0x10 ./Core/Src/lcd16x2.o
 .debug_macro   0x00000000000162a9       0x10 ./Core/Src/lcd16x2.o
 .debug_macro   0x00000000000162b9       0x1c ./Core/Src/lcd16x2.o
 .debug_macro   0x00000000000162d5       0x52 ./Core/Src/lcd16x2.o
 .debug_macro   0x0000000000016327       0x22 ./Core/Src/lcd16x2.o
 .debug_macro   0x0000000000016349       0x10 ./Core/Src/lcd16x2.o
 .debug_macro   0x0000000000016359       0x52 ./Core/Src/lcd16x2.o
 .debug_macro   0x00000000000163ab       0xd5 ./Core/Src/lcd16x2.o
 .debug_macro   0x0000000000016480       0x1c ./Core/Src/lcd16x2.o
 .debug_macro   0x000000000001649c       0x3d ./Core/Src/lcd16x2.o
 .debug_macro   0x00000000000164d9       0x16 ./Core/Src/lcd16x2.o
 .debug_macro   0x00000000000164ef      0x145 ./Core/Src/lcd16x2.o
 .debug_macro   0x0000000000016634       0x4c ./Core/Src/lcd16x2.o
 .debug_macro   0x0000000000016680      0x38c ./Core/Src/main.o
 .debug_macro   0x0000000000016a0c       0x16 ./Core/Src/main.o
 .debug_macro   0x0000000000016a22       0x16 ./Core/Src/main.o
 .debug_macro   0x0000000000016a38       0x16 ./Core/Src/main.o
 .debug_macro   0x0000000000016a4e      0x19b ./Core/Src/main.o
 .debug_macro   0x0000000000016be9      0x1b2 ./Core/Src/stm32f1xx_hal_msp.o
 .debug_macro   0x0000000000016d9b      0x1bc ./Core/Src/stm32f1xx_it.o
 .debug_macro   0x0000000000016f57       0xff ./Core/Src/sysmem.o
 .debug_macro   0x0000000000017056      0x23b ./Core/Src/sysmem.o
 .debug_macro   0x0000000000017291      0x1a3 ./Core/Src/system_stm32f1xx.o
 .debug_macro   0x0000000000017434      0x1c7 ./Drivers/STM32F1xx_HAL_Driver/Src/stm32f1xx_hal.o
 .debug_macro   0x00000000000175fb      0x1a3 ./Drivers/STM32F1xx_HAL_Driver/Src/stm32f1xx_hal_cortex.o
 .debug_macro   0x000000000001779e      0x1a3 ./Drivers/STM32F1xx_HAL_Driver/Src/stm32f1xx_hal_dma.o
 .debug_macro   0x0000000000017941      0x20e ./Drivers/STM32F1xx_HAL_Driver/Src/stm32f1xx_hal_gpio.o
 .debug_macro   0x0000000000017b4f      0x1b5 ./Drivers/STM32F1xx_HAL_Driver/Src/stm32f1xx_hal_rcc.o
 .debug_macro   0x0000000000017d04      0x1a4 ./Drivers/STM32F1xx_HAL_Driver/Src/stm32f1xx_hal_tim.o
 .debug_macro   0x0000000000017ea8      0x1a3 ./Drivers/STM32F1xx_HAL_Driver/Src/stm32f1xx_hal_tim_ex.o
 .debug_macro   0x000000000001804b      0x1a4 ./Drivers/STM32F1xx_HAL_Driver/Src/stm32f1xx_hal_uart.o

.debug_line     0x0000000000000000     0xdb53
 .debug_line    0x0000000000000000      0xc6d ./Core/Src/lcd16x2.o
 .debug_line    0x0000000000000c6d     0x150b ./Core/Src/main.o
 .debug_line    0x0000000000002178      0x78e ./Core/Src/stm32f1xx_hal_msp.o
 .debug_line    0x0000000000002906      0x814 ./Core/Src/stm32f1xx_it.o
 .debug_line    0x000000000000311a      0x4f4 ./Core/Src/sysmem.o
 .debug_line    0x000000000000360e      0x6f8 ./Core/Src/system_stm32f1xx.o
 .debug_line    0x0000000000003d06       0x87 ./Core/Startup/startup_stm32f103c8tx.o
 .debug_line    0x0000000000003d8d      0x925 ./Drivers/STM32F1xx_HAL_Driver/Src/stm32f1xx_hal.o
 .debug_line    0x00000000000046b2      0xb0d ./Drivers/STM32F1xx_HAL_Driver/Src/stm32f1xx_hal_cortex.o
 .debug_line    0x00000000000051bf      0xd7d ./Drivers/STM32F1xx_HAL_Driver/Src/stm32f1xx_hal_dma.o
 .debug_line    0x0000000000005f3c      0x9bc ./Drivers/STM32F1xx_HAL_Driver/Src/stm32f1xx_hal_gpio.o
 .debug_line    0x00000000000068f8      0xd33 ./Drivers/STM32F1xx_HAL_Driver/Src/stm32f1xx_hal_rcc.o
 .debug_line    0x000000000000762b     0x32db ./Drivers/STM32F1xx_HAL_Driver/Src/stm32f1xx_hal_tim.o
 .debug_line    0x000000000000a906     0x184d ./Drivers/STM32F1xx_HAL_Driver/Src/stm32f1xx_hal_tim_ex.o
 .debug_line    0x000000000000c153     0x1a00 ./Drivers/STM32F1xx_HAL_Driver/Src/stm32f1xx_hal_uart.o

.debug_str      0x0000000000000000    0x8babb
 .debug_str     0x0000000000000000    0x873d0 ./Core/Src/lcd16x2.o
                                      0x8779c (size before relaxing)
 .debug_str     0x00000000000873d0     0x1b32 ./Core/Src/main.o
                                      0x88e37 (size before relaxing)
 .debug_str     0x0000000000088f02      0x107 ./Core/Src/stm32f1xx_hal_msp.o
                                      0x83e4e (size before relaxing)
 .debug_str     0x0000000000089009      0x194 ./Core/Src/stm32f1xx_it.o
                                      0x83b39 (size before relaxing)