Component: ARM Compiler 5.06 update 6 (build 750) Tool: armlink [4d35ed]

==============================================================================

Section Cross References

    startup_stm32f103xb.o(STACK) refers (Special) to heapauxi.o(.text) for __use_two_region_memory
    startup_stm32f103xb.o(HEAP) refers (Special) to heapauxi.o(.text) for __use_two_region_memory
    startup_stm32f103xb.o(RESET) refers (Special) to heapauxi.o(.text) for __use_two_region_memory
    startup_stm32f103xb.o(RESET) refers to startup_stm32f103xb.o(STACK) for __initial_sp
    startup_stm32f103xb.o(RESET) refers to startup_stm32f103xb.o(.text) for Reset_Handler
    startup_stm32f103xb.o(RESET) refers to stm32f1xx_it.o(i.NMI_Handler) for NMI_Handler
    startup_stm32f103xb.o(RESET) refers to stm32f1xx_it.o(i.HardFault_Handler) for HardFault_Handler
    startup_stm32f103xb.o(RESET) refers to stm32f1xx_it.o(i.MemManage_Handler) for MemManage_Handler
    startup_stm32f103xb.o(RESET) refers to stm32f1xx_it.o(i.BusFault_Handler) for BusFault_Handler
    startup_stm32f103xb.o(RESET) refers to stm32f1xx_it.o(i.UsageFault_Handler) for UsageFault_Handler
    startup_stm32f103xb.o(RESET) refers to port.o(.emb_text) for SVC_Handler
    startup_stm32f103xb.o(RESET) refers to stm32f1xx_it.o(i.DebugMon_Handler) for DebugMon_Handler
    startup_stm32f103xb.o(RESET) refers to port.o(i.SysTick_Handler) for SysTick_Handler
    startup_stm32f103xb.o(RESET) refers to stm32f1xx_it.o(i.DMA1_Channel4_IRQHandler) for DMA1_Channel4_IRQHandler
    startup_stm32f103xb.o(RESET) refers to stm32f1xx_it.o(i.DMA1_Channel5_IRQHandler) for DMA1_Channel5_IRQHandler
    startup_stm32f103xb.o(RESET) refers to stm32f1xx_it.o(i.TIM1_BRK_IRQHandler) for TIM1_BRK_IRQHandler
    startup_stm32f103xb.o(RESET) refers to stm32f1xx_it.o(i.TIM1_UP_IRQHandler) for TIM1_UP_IRQHandler
    startup_stm32f103xb.o(RESET) refers to stm32f1xx_it.o(i.TIM1_TRG_COM_IRQHandler) for TIM1_TRG_COM_IRQHandler
    startup_stm32f103xb.o(RESET) refers to stm32f1xx_it.o(i.TIM1_CC_IRQHandler) for TIM1_CC_IRQHandler
    startup_stm32f103xb.o(RESET) refers to stm32f1xx_it.o(i.TIM2_IRQHandler) for TIM2_IRQHandler
    startup_stm32f103xb.o(RESET) refers to stm32f1xx_it.o(i.TIM4_IRQHandler) for TIM4_IRQHandler
    startup_stm32f103xb.o(RESET) refers to stm32f1xx_it.o(i.USART1_IRQHandler) for USART1_IRQHandler
    startup_stm32f103xb.o(.text) refers (Special) to heapauxi.o(.text) for __use_two_region_memory
    startup_stm32f103xb.o(.text) refers to system_stm32f1xx.o(i.SystemInit) for SystemInit
    startup_stm32f103xb.o(.text) refers to __main.o(!!!main) for __main
    startup_stm32f103xb.o(.text) refers to startup_stm32f103xb.o(HEAP) for Heap_Mem
    startup_stm32f103xb.o(.text) refers to startup_stm32f103xb.o(STACK) for Stack_Mem
    main.o(i.ButtonTask) refers to cmsis_os.o(i.osMailAlloc) for osMailAlloc
    main.o(i.ButtonTask) refers to tasks.o(i.vTaskSuspend) for vTaskSuspend
    main.o(i.ButtonTask) refers to stm32f1xx_hal_gpio.o(i.HAL_GPIO_WritePin) for HAL_GPIO_WritePin
    main.o(i.ButtonTask) refers to cmsis_os.o(i.osMailPut) for osMailPut
    main.o(i.ButtonTask) refers to main.o(.data) for .data
    main.o(i.DHT11_Check_Response) refers to main.o(i.delay_us) for delay_us
    main.o(i.DHT11_Check_Response) refers to stm32f1xx_hal_gpio.o(i.HAL_GPIO_ReadPin) for HAL_GPIO_ReadPin
    main.o(i.DHT11_HCSR04_UART_Transmit) refers to _printf_percent.o(.ARM.Collect$$_printf_percent$$00000000) for _printf_percent
    main.o(i.DHT11_HCSR04_UART_Transmit) refers to _printf_d.o(.ARM.Collect$$_printf_percent$$00000009) for _printf_d
    main.o(i.DHT11_HCSR04_UART_Transmit) refers to _printf_dec.o(.text) for _printf_int_dec
    main.o(i.DHT11_HCSR04_UART_Transmit) refers to rt_memclr.o(.text) for __aeabi_memclr
    main.o(i.DHT11_HCSR04_UART_Transmit) refers to stm32f1xx_hal.o(i.HAL_GetTick) for HAL_GetTick
    main.o(i.DHT11_HCSR04_UART_Transmit) refers to ffix.o(x$fpl$ffix) for __aeabi_f2iz
    main.o(i.DHT11_HCSR04_UART_Transmit) refers to __2sprintf.o(.text) for __2sprintf
    main.o(i.DHT11_HCSR04_UART_Transmit) refers to stm32f1xx_hal_uart.o(i.HAL_UART_Transmit_DMA) for HAL_UART_Transmit_DMA
    main.o(i.DHT11_HCSR04_UART_Transmit) refers to main.o(.bss) for .bss
    main.o(i.DHT11_HCSR04_UART_Transmit) refers to main.o(.data) for .data
    main.o(i.DHT11_Read) refers to stm32f1xx_hal_gpio.o(i.HAL_GPIO_ReadPin) for HAL_GPIO_ReadPin
    main.o(i.DHT11_Read) refers to main.o(i.delay_us) for delay_us
    main.o(i.DHT11_Start) refers to main.o(i.Set_Pin_Output) for Set_Pin_Output
    main.o(i.DHT11_Start) refers to stm32f1xx_hal_gpio.o(i.HAL_GPIO_WritePin) for HAL_GPIO_WritePin
    main.o(i.DHT11_Start) refers to main.o(i.delay_us) for delay_us
    main.o(i.DHT11_Start) refers to main.o(i.Set_Pin_Input) for Set_Pin_Input
    main.o(i.DHT11_UART_Transmit) refers to _printf_percent.o(.ARM.Collect$$_printf_percent$$00000000) for _printf_percent
[...]
    i.prvResetNextTaskUnblockTime            0x0800380c   Section        0  tasks.o(i.prvResetNextTaskUnblockTime)
    prvResetNextTaskUnblockTime              0x0800380d   Thumb Code    26  tasks.o(i.prvResetNextTaskUnblockTime)
    i.prvTaskExitError                       0x0800382c   Section        0  port.o(i.prvTaskExitError)
    prvTaskExitError                         0x0800382d   Thumb Code    36  port.o(i.prvTaskExitError)
    i.prvTaskIsTaskSuspended                 0x08003854   Section        0  tasks.o(i.prvTaskIsTaskSuspended)
    prvTaskIsTaskSuspended                   0x08003855   Thumb Code    48  tasks.o(i.prvTaskIsTaskSuspended)
    i.prvUnlockQueue                         0x08003888   Section        0  queue.o(i.prvUnlockQueue)
    prvUnlockQueue                           0x08003889   Thumb Code   106  queue.o(i.prvUnlockQueue)
    i.pvPortMalloc                           0x080038f4   Section        0  heap_4.o(i.pvPortMalloc)
    i.pxPortInitialiseStack                  0x080039cc   Section        0  port.o(i.pxPortInitialiseStack)
    i.uxListRemove                           0x080039f0   Section        0  list.o(i.uxListRemove)
    i.vApplicationGetIdleTaskMemory          0x08003a18   Section        0  freertos.o(i.vApplicationGetIdleTaskMemory)
    i.vListInitialise                        0x08003a2c   Section        0  list.o(i.vListInitialise)
    i.vListInitialiseItem                    0x08003a42   Section        0  list.o(i.vListInitialiseItem)
    i.vListInsert                            0x08003a48   Section        0  list.o(i.vListInsert)
    i.vListInsertEnd                         0x08003a78   Section        0  list.o(i.vListInsertEnd)
    i.vPortEnterCritical                     0x08003a90   Section        0  port.o(i.vPortEnterCritical)
    i.vPortExitCritical                      0x08003ad0   Section        0  port.o(i.vPortExitCritical)
    i.vPortFree                              0x08003af8   Section        0  heap_4.o(i.vPortFree)
    i.vPortSetupTimerInterrupt               0x08003b54   Section        0  port.o(i.vPortSetupTimerInterrupt)
    i.vPortValidateInterruptPriority         0x08003b78   Section        0  port.o(i.vPortValidateInterruptPriority)
    i.vTaskDelay                             0x08003bcc   Section        0  tasks.o(i.vTaskDelay)
    i.vTaskInternalSetTimeOutState           0x08003c18   Section        0  tasks.o(i.vTaskInternalSetTimeOutState)
    i.vTaskMissedYield                       0x08003c28   Section        0  tasks.o(i.vTaskMissedYield)
    i.vTaskPlaceOnEventList                  0x08003c34   Section        0  tasks.o(i.vTaskPlaceOnEventList)
    i.vTaskStartScheduler                    0x08003c64   Section        0  tasks.o(i.vTaskStartScheduler)
    i.vTaskSuspend                           0x08003cd0   Section        0  tasks.o(i.vTaskSuspend)
    i.vTaskSuspendAll                        0x08003d8c   Section        0  tasks.o(i.vTaskSuspendAll)
    i.vTaskSwitchContext                     0x08003d9c   Section        0  tasks.o(i.vTaskSwitchContext)
    i.xPortStartScheduler                    0x08003df8   Section        0  port.o(i.xPortStartScheduler)
    i.xQueueGenericCreate                    0x08003ea0   Section        0  queue.o(i.xQueueGenericCreate)
    i.xQueueGenericReset                     0x08003ee8   Section        0  queue.o(i.xQueueGenericReset)
    i.xQueueGenericSend                      0x08003f70   Section        0  queue.o(i.xQueueGenericSend)
    i.xQueueGenericSendFromISR               0x080040d0   Section        0  queue.o(i.xQueueGenericSendFromISR)
    i.xQueueReceive                          0x0800418c   Section        0  queue.o(i.xQueueReceive)
    i.xQueueReceiveFromISR                   0x080042c4   Section        0  queue.o(i.xQueueReceiveFromISR)
    i.xTaskCheckForTimeOut                   0x08004360   Section        0  tasks.o(i.xTaskCheckForTimeOut)
    i.xTaskCreate                            0x080043d4   Section        0  tasks.o(i.xTaskCreate)
    i.xTaskCreateStatic                      0x0800442e   Section        0  tasks.o(i.xTaskCreateStatic)
    i.xTaskGetSchedulerState                 0x08004484   Section        0  tasks.o(i.xTaskGetSchedulerState)
    i.xTaskGetTickCount                      0x080044a0   Section        0  tasks.o(i.xTaskGetTickCount)
    i.xTaskIncrementTick                     0x080044ac   Section        0  tasks.o(i.xTaskIncrementTick)
    i.xTaskPriorityDisinherit                0x08004574   Section        0  tasks.o(i.xTaskPriorityDisinherit)
    i.xTaskRemoveFromEventList               0x0800460c   Section        0  tasks.o(i.xTaskRemoveFromEventList)
    i.xTaskResumeAll                         0x08004680   Section        0  tasks.o(i.xTaskResumeAll)
    i.xTaskResumeFromISR                     0x08004744   Section        0  tasks.o(i.xTaskResumeFromISR)
    x$fpl$dcheck1                            0x080047cc   Section       16  dcheck1.o(x$fpl$dcheck1)
    x$fpl$dfixu                              0x080047dc   Section       90  dfixu.o(x$fpl$dfixu)
    x$fpl$dfltu                              0x08004836   Section       38  dflt_clz.o(x$fpl$dfltu)
    x$fpl$dmul                               0x0800485c   Section      340  dmul.o(x$fpl$dmul)
    x$fpl$dnaninf                            0x080049b0   Section      156  dnaninf.o(x$fpl$dnaninf)
    x$fpl$dretinf                            0x08004a4c   Section       12  dretinf.o(x$fpl$dretinf)
    x$fpl$ffix                               0x08004a58   Section       54  ffix.o(x$fpl$ffix)
    x$fpl$ffixu                              0x08004a90   Section       62  ffixu.o(x$fpl$ffixu)
    x$fpl$ffltu                              0x08004ad0   Section       38  fflt_clz.o(x$fpl$ffltu)
    x$fpl$fnaninf                            0x08004af6   Section      140  fnaninf.o(x$fpl$fnaninf)
    x$fpl$retnan                             0x08004b82   Section      100  retnan.o(x$fpl$retnan)
    x$fpl$scalbn                             0x08004be6   Section       92  scalbn.o(x$fpl$scalbn)
    x$fpl$trapveneer                         0x08004c42   Section       48  trapv.o(x$fpl$trapveneer)
    x$fpl$usenofp                            0x08004c72   Section        0  usenofp.o(x$fpl$usenofp)
    .constdata                               0x08004c74   Section      232  main.o(.constdata)
    .constdata                               0x08004d5c   Section       16  system_stm32f1xx.o(.constdata)
    .constdata                               0x08004d6c   Section        8  system_stm32f1xx.o(.constdata)
    .constdata                               0x08004d74   Section       17  __printf_flags_ss_wp.o(.constdata)
    maptable                                 0x08004d74   Data          17  __printf_flags_ss_wp.o(.constdata)
    .conststring                             0x08004d88   Section      168  main.o(.conststring)
    .data                                    0x20000000   Section      188  main.o(.data)
    .data                                    0x200000bc   Section       12  stm32f1xx_hal.o(.data)
    .data                                    0x200000c8   Section        4  system_stm32f1xx.o(.data)
    .data                                    0x200000cc   Section       60  tasks.o(.data)
    pxDelayedTaskList                        0x200000d0   Data           4  tasks.o(.data)
    pxOverflowDelayedTaskList                0x200000d4   Data           4  tasks.o(.data)
    uxDeletedTasksWaitingCleanUp             0x200000d8   Data           4  tasks.o(.data)
    uxCurrentNumberOfTasks                   0x200000dc   Data           4  tasks.o(.data)
    xTickCount                               0x200000e0   Data           4  tasks.o(.data)
    uxTopReadyPriority                       0x200000e4   Data           4  tasks.o(.data)
    xSchedulerRunning                        0x200000e8   Data           4  tasks.o(.data)
    uxPendedTicks                            0x200000ec   Data           4  tasks.o(.data)
    xYieldPending                            0x200000f0   Data           4  tasks.o(.data)
    xNumOfOverflows                          0x200000f4   Data           4  tasks.o(.data)
    uxTaskNumber                             0x200000f8   Data           4  tasks.o(.data)
    xNextTaskUnblockTime                     0x200000fc   Data           4  tasks.o(.data)
    xIdleTaskHandle                          0x20000100   Data           4  tasks.o(.data)
    uxSchedulerSuspended                     0x20000104   Data           4  tasks.o(.data)
    .data                                    0x20000108   Section       24  heap_4.o(.data)
    pxEnd                                    0x20000108   Data           4  heap_4.o(.data)
    xFreeBytesRemaining                      0x2000010c   Data           4  heap_4.o(.data)
    xMinimumEverFreeBytesRemaining           0x20000110   Data           4  heap_4.o(.data)
    xBlockAllocatedBit                       0x20000114   Data           4  heap_4.o(.data)
    xStart                                   0x20000118   Data           8  heap_4.o(.data)
    .data                                    0x20000120   Section       12  port.o(.data)
    ucMaxSysCallPriority                     0x20000120   Data           1  port.o(.data)
    uxCriticalNesting                        0x20000124   Data           4  port.o(.data)
    ulMaxPRIGROUPValue                       0x20000128   Data           4  port.o(.data)
    .bss                                     0x2000012c   Section      736  main.o(.bss)
    .bss                                     0x2000040c   Section       68  main.o(.bss)
    .bss                                     0x20000450   Section      596  freertos.o(.bss)
    xIdleTaskTCBBuffer                       0x20000450   Data          84  freertos.o(.bss)
    xIdleStack                               0x200004a4   Data         512  freertos.o(.bss)
    .bss                                     0x200006a4   Section       72  stm32f1xx_hal_timebase_tim.o(.bss)
    .bss                                     0x200006ec   Section      240  tasks.o(.bss)
    pxReadyTasksLists                        0x200006ec   Data         140  tasks.o(.bss)
    xDelayedTaskList1                        0x20000778   Data          20  tasks.o(.bss)
    xDelayedTaskList2                        0x2000078c   Data          20  tasks.o(.bss)
    xPendingReadyList                        0x200007a0   Data          20  tasks.o(.bss)
    xTasksWaitingTermination                 0x200007b4   Data          20  tasks.o(.bss)
    xSuspendedTaskList                       0x200007c8   Data          20  tasks.o(.bss)
    .bss                                     0x200007dc   Section    10240  heap_4.o(.bss)
    ucHeap                                   0x200007dc   Data       10240  heap_4.o(.bss)
    .bss                                     0x20002fdc   Section       96  libspace.o(.bss)
    HEAP                                     0x20003040   Section      512  startup_stm32f103xb.o(HEAP)
    Heap_Mem                                 0x20003040   Data         512  startup_stm32f103xb.o(HEAP)
    STACK                                    0x20003240   Section     1024  startup_stm32f103xb.o(STACK)
    Stack_Mem                                0x20003240   Data        1024  startup_stm32f103xb.o(STACK)
    __initial_sp                             0x20003640   Data           0  startup_stm32f103xb.o(STACK)

    Global Symbols

    Symbol Name                              Value     Ov Type        Size  Object(Section)

    BuildAttributes$$THM_ISAv4$P$D$K$B$S$PE$A:L22UL41UL21$X:L11$S22US41US21$IEEE1$IW$USESV6$~STKCKD$USESV7$~SHL$OTIME$ROPI$IEEEJ$EBA8$UX$STANDARDLIB$REQ8$PRES8$EABIv2 0x00000000   Number         0  anon$$obj.o ABSOLUTE
    __ARM_use_no_argv                        0x00000000   Number         0  main.o ABSOLUTE
    _printf_flags                            0x00000000   Number         0  printf_stubs.o ABSOLUTE
    _printf_return_value                     0x00000000   Number         0  printf_stubs.o ABSOLUTE
    _printf_sizespec                         0x00000000   Number         0  printf_stubs.o ABSOLUTE
    _printf_widthprec                        0x00000000   Number         0  printf_stubs.o ABSOLUTE
    __ARM_exceptions_init                     - Undefined Weak Reference
    __alloca_initialize                       - Undefined Weak Reference
    __arm_preinit_                            - Undefined Weak Reference
    __cpp_initialize__aeabi_                  - Undefined Weak Reference
    __cxa_finalize                            - Undefined Weak Reference
    __sigvec_lookup                           - Undefined Weak Reference
    _atexit_init                              - Undefined Weak Reference
    _call_atexit_fns                          - Undefined Weak Reference
    _clock_init                               - Undefined Weak Reference
    _fp_trap_init                             - Undefined Weak Reference
    _fp_trap_shutdown                         - Undefined Weak Reference
    _get_lc_collate                           - Undefined Weak Reference
    _get_lc_monetary                          - Undefined Weak Reference
    _get_lc_time                              - Undefined Weak Reference
    _getenv_init                              - Undefined Weak Reference
    _handle_redirection                       - Undefined Weak Reference
    _init_alloc                               - Undefined Weak Reference
    _init_user_alloc                          - Undefined Weak Reference
    _initio                                   - Undefined Weak Reference
    _printf_mbtowc                            - Undefined Weak Reference
    _printf_wc                                - Undefined Weak Reference
    _rand_init                                - Undefined Weak Reference
    _signal_finish                            - Undefined Weak Reference
    _signal_init                              - Undefined Weak Reference
    _terminate_alloc                          - Undefined Weak Reference
    _terminate_user_alloc                     - Undefined Weak Reference
    _terminateio                              - Undefined Weak Reference
    __Vectors_Size                           0x000000ec   Number         0  startup_stm32f103xb.o ABSOLUTE
    __Vectors                                0x08000000   Data           4  startup_stm32f103xb.o(RESET)
    __Vectors_End                            0x080000ec   Data           0  startup_stm32f103xb.o(RESET)
    __main                                   0x080000ed   Thumb Code     8  __main.o(!!!main)
    __scatterload                            0x080000f5   Thumb Code     0  __scatter.o(!!!scatter)
    __scatterload_rt2                        0x080000f5   Thumb Code    44  __scatter.o(!!!scatter)
    __scatterload_rt2_thumb_only             0x080000f5   Thumb Code     0  __scatter.o(!!!scatter)
    __scatterload_null                       0x08000103   Thumb Code     0  __scatter.o(!!!scatter)
    __decompress                             0x08000129   Thumb Code    90  __dczerorl2.o(!!dczerorl2)
    __decompress1                            0x08000129   Thumb Code     0  __dczerorl2.o(!!dczerorl2)
    __scatterload_zeroinit                   0x08000185   Thumb Code    28  __scatter_zi.o(!!handler_zi)
    _printf_d                                0x080001a1   Thumb Code     0  _printf_d.o(.ARM.Collect$$_printf_percent$$00000009)
    _printf_percent                          0x080001a1   Thumb Code     0  _printf_percent.o(.ARM.Collect$$_printf_percent$$00000000)
    _printf_percent_end                      0x080001a7   Thumb Code     0  _printf_percent_end.o(.ARM.Collect$$_printf_percent$$00000017)
    __rt_lib_init                            0x080001ab   Thumb Code     0  libinit.o(.ARM.Collect$$libinit$$00000000)
    __rt_lib_init_alloca_1                   0x080001ad   Thumb Code     0  libinit2.o(.ARM.Collect$$libinit$$0000002E)
    __rt_lib_init_argv_1                     0x080001ad   Thumb Code     0  libinit2.o(.ARM.Collect$$libinit$$0000002C)
    __rt_lib_init_atexit_1                   0x080001ad   Thumb Code     0  libinit2.o(.ARM.Collect$$libinit$$0000001B)
    __rt_lib_init_clock_1                    0x080001ad   Thumb Code     0  libinit2.o(.ARM.Collect$$libinit$$00000021)
    __rt_lib_init_cpp_1                      0x080001ad   Thumb Code     0  libinit2.o(.ARM.Collect$$libinit$$00000032)
    __rt_lib_init_exceptions_1               0x080001ad   Thumb Code     0  libinit2.o(.ARM.Collect$$libinit$$00000030)
    __rt_lib_init_fp_1                       0x080001ad   Thumb Code     0  libinit2.o(.ARM.Collect$$libinit$$00000002)
    __rt_lib_init_fp_trap_1                  0x080001ad   Thumb Code     0  libinit2.o(.ARM.Collect$$libinit$$0000001F)
    __rt_lib_init_getenv_1                   0x080001ad   Thumb Code     0  libinit2.o(.ARM.Collect$$libinit$$00000023)
    __rt_lib_init_heap_1                     0x080001ad   Thumb Code     0  libinit2.o(.ARM.Collect$$libinit$$0000000A)
    __rt_lib_init_lc_collate_1               0x080001ad   Thumb Code     0  libinit2.o(.ARM.Collect$$libinit$$00000011)
    __rt_lib_init_lc_ctype_1                 0x080001ad   Thumb Code     0  libinit2.o(.ARM.Collect$$libinit$$00000013)
    __rt_lib_init_lc_monetary_1              0x080001ad   Thumb Code     0  libinit2.o(.ARM.Collect$$libinit$$00000015)
    __rt_lib_init_lc_numeric_1               0x080001ad   Thumb Code     0  libinit2.o(.ARM.Collect$$libinit$$00000017)
    __rt_lib_init_lc_time_1                  0x080001ad   Thumb Code     0  libinit2.o(.ARM.Collect$$libinit$$00000019)
    __rt_lib_init_preinit_1                  0x080001ad   Thumb Code     0  libinit2.o(.ARM.Collect$$libinit$$00000004)
    __rt_lib_init_rand_1                     0x080001ad   Thumb Code     0  libinit2.o(.ARM.Collect$$libinit$$0000000E)
    __rt_lib_init_return                     0x080001ad   Thumb Code     0  libinit2.o(.ARM.Collect$$libinit$$00000033)
    __rt_lib_init_signal_1                   0x080001ad   Thumb Code     0  libinit2.o(.ARM.Collect$$libinit$$0000001D)
    __rt_lib_init_stdio_1                    0x080001ad   Thumb Code     0  libinit2.o(.ARM.Collect$$libinit$$00000025)
    __rt_lib_init_user_alloc_1               0x080001ad   Thumb Code     0  libinit2.o(.ARM.Collect$$libinit$$0000000C)
    __rt_lib_shutdown                        0x080001af   Thumb Code     0  libshutdown.o(.ARM.Collect$$libshutdown$$00000000)
    __rt_lib_shutdown_cpp_1                  0x080001b1   Thumb Code     0  libshutdown2.o(.ARM.Collect$$libshutdown$$00000002)
    __rt_lib_shutdown_fp_trap_1              0x080001b1   Thumb Code     0  libshutdown2.o(.ARM.Collect$$libshutdown$$00000007)
    __rt_lib_shutdown_heap_1                 0x080001b1   Thumb Code     0  libshutdown2.o(.ARM.Collect$$libshutdown$$0000000F)
    __rt_lib_shutdown_return                 0x080001b1   Thumb Code     0  libshutdown2.o(.ARM.Collect$$libshutdown$$00000010)
    __rt_lib_shutdown_signal_1               0x080001b1   Thumb Code     0  libshutdown2.o(.ARM.Collect$$libshutdown$$0000000A)
    __rt_lib_shutdown_stdio_1                0x080001b1   Thumb Code     0  libshutdown2.o(.ARM.Collect$$libshutdown$$00000004)
    __rt_lib_shutdown_user_alloc_1           0x080001b1   Thumb Code     0  libshutdown2.o(.ARM.Collect$$libshutdown$$0000000C)
    __rt_entry                               0x080001b3   Thumb Code     0  __rtentry.o(.ARM.Collect$$rtentry$$00000000)
    __rt_entry_presh_1                       0x080001b3   Thumb Code     0  __rtentry2.o(.ARM.Collect$$rtentry$$00000002)
    __rt_entry_sh                            0x080001b3   Thumb Code     0  __rtentry4.o(.ARM.Collect$$rtentry$$00000004)
    __rt_entry_li                            0x080001b9   Thumb Code     0  __rtentry2.o(.ARM.Collect$$rtentry$$0000000A)
    __rt_entry_postsh_1                      0x080001b9   Thumb Code     0  __rtentry2.o(.ARM.Collect$$rtentry$$00000009)
    __rt_entry_main                          0x080001bd   Thumb Code     0  __rtentry2.o(.ARM.Collect$$rtentry$$0000000D)
    __rt_entry_postli_1                      0x080001bd   Thumb Code     0  __rtentry2.o(.ARM.Collect$$rtentry$$0000000C)
    __rt_exit                                0x080001c5   Thumb Code     0  rtexit.o(.ARM.Collect$$rtexit$$00000000)
    __rt_exit_ls                             0x080001c7   Thumb Code     0  rtexit2.o(.ARM.Collect$$rtexit$$00000003)
    __rt_exit_prels_1                        0x080001c7   Thumb Code     0  rtexit2.o(.ARM.Collect$$rtexit$$00000002)
    __rt_exit_exit                           0x080001cb   Thumb Code     0  rtexit2.o(.ARM.Collect$$rtexit$$00000004)
    SVC_Handler                              0x080001d1   Thumb Code    32  port.o(.emb_text)
    __asm___6_port_c_39a90d8d__prvStartFirstTask 0x080001f5   Thumb Code    28  port.o(.emb_text)
    PendSV_Handler                           0x08000215   Thumb Code    72  port.o(.emb_text)
    vPortGetIPSR                             0x08000261   Thumb Code     6  port.o(.emb_text)
    Reset_Handler                            0x08000269   Thumb Code     8  startup_stm32f103xb.o(.text)
    ADC1_2_IRQHandler                        0x08000283   Thumb Code     0  startup_stm32f103xb.o(.text)
    CAN1_RX1_IRQHandler                      0x08000283   Thumb Code     0  startup_stm32f103xb.o(.text)
    CAN1_SCE_IRQHandler                      0x08000283   Thumb Code     0  startup_stm32f103xb.o(.text)
    DMA1_Channel1_IRQHandler                 0x08000283   Thumb Code     0  startup_stm32f103xb.o(.text)
    DMA1_Channel2_IRQHandler                 0x08000283   Thumb Code     0  startup_stm32f103xb.o(.text)
    DMA1_Channel3_IRQHandler                 0x08000283   Thumb Code     0  startup_stm32f103xb.o(.text)
    DMA1_Channel6_IRQHandler                 0x08000283   Thumb Code     0  startup_stm32f103xb.o(.text)
    DMA1_Channel7_IRQHandler                 0x08000283   Thumb Code     0  startup_stm32f103xb.o(.text)
    EXTI0_IRQHandler                         0x08000283   Thumb Code     0  startup_stm32f103xb.o(.text)
    EXTI15_10_IRQHandler                     0x08000283   Thumb Code     0  startup_stm32f103xb.o(.text)
    EXTI1_IRQHandler                         0x08000283   Thumb Code     0  startup_stm32f103xb.o(.text)
    EXTI2_IRQHandler                         0x08000283   Thumb Code     0  startup_stm32f103xb.o(.text)
    EXTI3_IRQHandler                         0x08000283   Thumb Code     0  startup_stm32f103xb.o(.text)
    EXTI4_IRQHandler                         0x08000283   Thumb Code     0  startup_stm32f103xb.o(.text)
    EXTI9_5_IRQHandler                       0x08000283   Thumb Code     0  startup_stm32f103xb.o(.text)
    FLASH_IRQHandler                         0x08000283   Thumb Code     0  startup_stm32f103xb.o(.text)
    I2C1_ER_IRQHandler                       0x08000283   Thumb Code     0  startup_stm32f103xb.o(.text)
    I2C1_EV_IRQHandler                       0x08000283   Thumb Code     0  startup_stm32f103xb.o(.text)
    I2C2_ER_IRQHandler                       0x08000283   Thumb Code     0  startup_stm32f103xb.o(.text)
    I2C2_EV_IRQHandler                       0x08000283   Thumb Code     0  startup_stm32f103xb.o(.text)
    PVD_IRQHandler                           0x08000283   Thumb Code     0  startup_stm32f103xb.o(.text)
    RCC_IRQHandler                           0x08000283   Thumb Code     0  startup_stm32f103xb.o(.text)
    RTC_Alarm_IRQHandler                     0x08000283   Thumb Code     0  startup_stm32f103xb.o(.text)
    RTC_IRQHandler                           0x08000283   Thumb Code     0  startup_stm32f103xb.o(.text)
    SPI1_IRQHandler                          0x08000283   Thumb Code     0  startup_stm32f103xb.o(.text)
    SPI2_IRQHandler                          0x08000283   Thumb Code     0  startup_stm32f103xb.o(.text)
    TAMPER_IRQHandler                        0x08000283   Thumb Code     0  startup_stm32f103xb.o(.text)
    TIM3_IRQHandler                          0x08000283   Thumb Code     0  startup_stm32f103xb.o(.text)
    USART2_IRQHandler                        0x08000283   Thumb Code     0  startup_stm32f103xb.o(.text)
    USART3_IRQHandler                        0x08000283   Thumb Code     0  startup_stm32f103xb.o(.text)
    USBWakeUp_IRQHandler                     0x08000283   Thumb Code     0  startup_stm32f103xb.o(.text)
    USB_HP_CAN1_TX_IRQHandler                0x08000283   Thumb Code     0  startup_stm32f103xb.o(.text)
    USB_LP_CAN1_RX0_IRQHandler               0x08000283   Thumb Code     0  startup_stm32f103xb.o(.text)
    WWDG_IRQHandler                          0x08000283   Thumb Code     0  startup_stm32f103xb.o(.text)
    __user_initial_stackheap                 0x08000285   Thumb Code     0  startup_stm32f103xb.o(.text)
    __2sprintf                               0x080002a9   Thumb Code    38  __2sprintf.o(.text)
    _printf_int_dec                          0x080002d5   Thumb Code   104  _printf_dec.o(.text)
    __printf                                 0x0800034d   Thumb Code   388  __printf_flags_ss_wp.o(.text)
    __aeabi_memcpy                           0x080004d5   Thumb Code     0  rt_memcpy_v6.o(.text)
    __rt_memcpy                              0x080004d5   Thumb Code   138  rt_memcpy_v6.o(.text)
    _memcpy_lastbytes                        0x0800053b   Thumb Code     0  rt_memcpy_v6.o(.text)
    __aeabi_memcpy4                          0x0800055f   Thumb Code     0  rt_memcpy_w.o(.text)
    __aeabi_memcpy8                          0x0800055f   Thumb Code     0  rt_memcpy_w.o(.text)
    __rt_memcpy_w                            0x0800055f   Thumb Code   100  rt_memcpy_w.o(.text)
    _memcpy_lastbytes_aligned                0x080005a7   Thumb Code     0  rt_memcpy_w.o(.text)
    __aeabi_memclr                           0x080005c3   Thumb Code     0  rt_memclr.o(.text)
    __rt_memclr                              0x080005c3   Thumb Code    68  rt_memclr.o(.text)
    _memset                                  0x080005c7   Thumb Code     0  rt_memclr.o(.text)
    __aeabi_memclr4                          0x08000607   Thumb Code     0  rt_memclr_w.o(.text)
    __aeabi_memclr8                          0x08000607   Thumb Code     0  rt_memclr_w.o(.text)
    __rt_memclr_w                            0x08000607   Thumb Code    78  rt_memclr_w.o(.text)
    _memset_w                                0x0800060b   Thumb Code     0  rt_memclr_w.o(.text)
    __use_two_region_memory                  0x08000655   Thumb Code     2  heapauxi.o(.text)
    __rt_heap_escrow$2region                 0x08000657   Thumb Code     2  heapauxi.o(.text)
    __rt_heap_expand$2region                 0x08000659   Thumb Code     2  heapauxi.o(.text)
    _printf_int_common                       0x0800065b   Thumb Code   178  _printf_intcommon.o(.text)
    _printf_char_common                      0x08000717   Thumb Code    32  _printf_char_common.o(.text)
    _sputc                                   0x0800073d   Thumb Code    10  _sputc.o(.text)
    __user_setup_stackheap                   0x08000747   Thumb Code    74  sys_stackheap_outer.o(.text)
    exit                                     0x08000791   Thumb Code    18  exit.o(.text)
    __user_libspace                          0x080007a5   Thumb Code     8  libspace.o(.text)
    __user_perproc_libspace                  0x080007a5   Thumb Code     0  libspace.o(.text)
    __user_perthread_libspace                0x080007a5   Thumb Code     0  libspace.o(.text)
    _sys_exit                                0x080007ad   Thumb Code     8  sys_exit.o(.text)
    __I$use$semihosting                      0x080007b9   Thumb Code     0  use_no_semi.o(.text)
    __use_no_semihosting_swi                 0x080007b9   Thumb Code     2  use_no_semi.o(.text)
    BusFault_Handler                         0x080007bb   Thumb Code     2  stm32f1xx_it.o(i.BusFault_Handler)
    __semihosting_library_function           0x080007bb   Thumb Code     0  indicate_semi.o(.text)
    ButtonTask                               0x080007bd   Thumb Code   182  main.o(i.ButtonTask)
    DHT11_Check_Response                     0x0800087d   Thumb Code    64  main.o(i.DHT11_Check_Response)
    DHT11_Read                               0x080008c1   Thumb Code    88  main.o(i.DHT11_Read)
    DHT11_Start                              0x0800091d   Thumb Code    62  main.o(i.DHT11_Start)
    DHT11_UART_Transmit                      0x08000961   Thumb Code    90  main.o(i.DHT11_UART_Transmit)
    DHTTask                                  0x080009ed   Thumb Code   140  main.o(i.DHTTask)
    DMA1_Channel4_IRQHandler                 0x08000a7d   Thumb Code     6  stm32f1xx_it.o(i.DMA1_Channel4_IRQHandler)
    DMA1_Channel5_IRQHandler                 0x08000a89   Thumb Code     6  stm32f1xx_it.o(i.DMA1_Channel5_IRQHandler)
    DebugMon_Handler                         0x08000abf   Thumb Code     2  stm32f1xx_it.o(i.DebugMon_Handler)
    Error_Handler                            0x08000ac1   Thumb Code     4  main.o(i.Error_Handler)
    HAL_DMA_Abort                            0x08000ac5   Thumb Code    70  stm32f1xx_hal_dma.o(i.HAL_DMA_Abort)
    HAL_DMA_Abort_IT                         0x08000b0d   Thumb Code   148  stm32f1xx_hal_dma.o(i.HAL_DMA_Abort_IT)
    HAL_DMA_IRQHandler                       0x08000ba5   Thumb Code   316  stm32f1xx_hal_dma.o(i.HAL_DMA_IRQHandler)
    HAL_DMA_Init                             0x08000cf9   Thumb Code    84  stm32f1xx_hal_dma.o(i.HAL_DMA_Init)
    HAL_DMA_Start_IT                         0x08000d55   Thumb Code   112  stm32f1xx_hal_dma.o(i.HAL_DMA_Start_IT)
    HAL_GPIO_Init                            0x08000dc5   Thumb Code   446  stm32f1xx_hal_gpio.o(i.HAL_GPIO_Init)
    HAL_GPIO_ReadPin                         0x08000fa5   Thumb Code    10  stm32f1xx_hal_gpio.o(i.HAL_GPIO_ReadPin)
    HAL_GPIO_WritePin                        0x08000faf   Thumb Code    10  stm32f1xx_hal_gpio.o(i.HAL_GPIO_WritePin)
    HAL_GetTick                              0x08000fb9   Thumb Code     6  stm32f1xx_hal.o(i.HAL_GetTick)
    HAL_Init                                 0x08000fc5   Thumb Code    32  stm32f1xx_hal.o(i.HAL_Init)
    HAL_InitTick                             0x08000fe9   Thumb Code   134  stm32f1xx_hal_timebase_tim.o(i.HAL_InitTick)
    HAL_MspInit                              0x08001081   Thumb Code    62  stm32f1xx_hal_msp.o(i.HAL_MspInit)
    HAL_NVIC_EnableIRQ                       0x080010c9   Thumb Code    26  stm32f1xx_hal_cortex.o(i.HAL_NVIC_EnableIRQ)
    HAL_NVIC_SetPriority                     0x080010e5   Thumb Code    60  stm32f1xx_hal_cortex.o(i.HAL_NVIC_SetPriority)
    HAL_NVIC_SetPriorityGrouping             0x08001125   Thumb Code    26  stm32f1xx_hal_cortex.o(i.HAL_NVIC_SetPriorityGrouping)
    HAL_RCC_ClockConfig                      0x08001149   Thumb Code   280  stm32f1xx_hal_rcc.o(i.HAL_RCC_ClockConfig)
    HAL_RCC_GetClockConfig                   0x08001275   Thumb Code    54  stm32f1xx_hal_rcc.o(i.HAL_RCC_GetClockConfig)
    HAL_RCC_GetPCLK1Freq                     0x080012b5   Thumb Code    20  stm32f1xx_hal_rcc.o(i.HAL_RCC_GetPCLK1Freq)
    HAL_RCC_GetPCLK2Freq                     0x080012d5   Thumb Code    20  stm32f1xx_hal_rcc.o(i.HAL_RCC_GetPCLK2Freq)
    HAL_RCC_GetSysClockFreq                  0x080012f5   Thumb Code    74  stm32f1xx_hal_rcc.o(i.HAL_RCC_GetSysClockFreq)
    HAL_RCC_OscConfig                        0x08001361   Thumb Code   778  stm32f1xx_hal_rcc.o(i.HAL_RCC_OscConfig)
    HAL_TIMEx_BreakCallback                  0x08001681   Thumb Code     2  stm32f1xx_hal_tim_ex.o(i.HAL_TIMEx_BreakCallback)
    HAL_TIMEx_CommutCallback                 0x08001683   Thumb Code     2  stm32f1xx_hal_tim_ex.o(i.HAL_TIMEx_CommutCallback)
    HAL_TIMEx_MasterConfigSynchronization    0x08001685   Thumb Code    92  stm32f1xx_hal_tim_ex.o(i.HAL_TIMEx_MasterConfigSynchronization)
    HAL_TIM_Base_Init                        0x080016ed   Thumb Code    90  stm32f1xx_hal_tim.o(i.HAL_TIM_Base_Init)
    HAL_TIM_Base_MspInit                     0x08001749   Thumb Code   172  stm32f1xx_hal_msp.o(i.HAL_TIM_Base_MspInit)
    HAL_TIM_Base_Start                       0x08001805   Thumb Code    66  stm32f1xx_hal_tim.o(i.HAL_TIM_Base_Start)
    HAL_TIM_Base_Start_IT                    0x08001855   Thumb Code    76  stm32f1xx_hal_tim.o(i.HAL_TIM_Base_Start_IT)
    HAL_TIM_ConfigClockSource                0x080018ad   Thumb Code   214  stm32f1xx_hal_tim.o(i.HAL_TIM_ConfigClockSource)
    HAL_TIM_IC_CaptureCallback               0x08001985   Thumb Code   158  main.o(i.HAL_TIM_IC_CaptureCallback)
    HAL_TIM_IC_ConfigChannel                 0x08001a35   Thumb Code   270  stm32f1xx_hal_tim.o(i.HAL_TIM_IC_ConfigChannel)
    HAL_TIM_IC_Init                          0x08001b43   Thumb Code    90  stm32f1xx_hal_tim.o(i.HAL_TIM_IC_Init)
    HAL_TIM_IC_MspInit                       0x08001b9d   Thumb Code     2  stm32f1xx_hal_tim.o(i.HAL_TIM_IC_MspInit)
    HAL_TIM_IC_Start_IT                      0x08001ba1   Thumb Code   212  stm32f1xx_hal_tim.o(i.HAL_TIM_IC_Start_IT)
    HAL_TIM_IRQHandler                       0x08001c81   Thumb Code   358  stm32f1xx_hal_tim.o(i.HAL_TIM_IRQHandler)
    HAL_TIM_OC_DelayElapsedCallback          0x08001de7   Thumb Code     2  stm32f1xx_hal_tim.o(i.HAL_TIM_OC_DelayElapsedCallback)
    HAL_TIM_PWM_PulseFinishedCallback        0x08001de9   Thumb Code     2  stm32f1xx_hal_tim.o(i.HAL_TIM_PWM_PulseFinishedCallback)
    HAL_TIM_PeriodElapsedCallback            0x08001ded   Thumb Code   438  main.o(i.HAL_TIM_PeriodElapsedCallback)
    HAL_TIM_ReadCapturedValue                0x08001fb9   Thumb Code    42  stm32f1xx_hal_tim.o(i.HAL_TIM_ReadCapturedValue)
    HAL_TIM_TriggerCallback                  0x08001fe3   Thumb Code     2  stm32f1xx_hal_tim.o(i.HAL_TIM_TriggerCallback)
    HAL_UARTEx_ReceiveToIdle_DMA             0x08001fe5   Thumb Code    74  stm32f1xx_hal_uart.o(i.HAL_UARTEx_ReceiveToIdle_DMA)
    HAL_UARTEx_RxEventCallback               0x08002031   Thumb Code    72  main.o(i.HAL_UARTEx_RxEventCallback)
    HAL_UART_ErrorCallback                   0x08002089   Thumb Code     2  stm32f1xx_hal_uart.o(i.HAL_UART_ErrorCallback)
    HAL_UART_IRQHandler                      0x0800208d   Thumb Code   520  stm32f1xx_hal_uart.o(i.HAL_UART_IRQHandler)
    HAL_UART_Init                            0x08002299   Thumb Code    98  stm32f1xx_hal_uart.o(i.HAL_UART_Init)
    HAL_UART_MspInit                         0x080022fd   Thumb Code   194  stm32f1xx_hal_msp.o(i.HAL_UART_MspInit)
    HAL_UART_RxCpltCallback                  0x080023d9   Thumb Code     2  stm32f1xx_hal_uart.o(i.HAL_UART_RxCpltCallback)
    HAL_UART_RxHalfCpltCallback              0x080023db   Thumb Code     2  stm32f1xx_hal_uart.o(i.HAL_UART_RxHalfCpltCallback)
    HAL_UART_Transmit_DMA                    0x080023dd   Thumb Code   114  stm32f1xx_hal_uart.o(i.HAL_UART_Transmit_DMA)
    HAL_UART_TxCpltCallback                  0x0800245d   Thumb Code     2  stm32f1xx_hal_uart.o(i.HAL_UART_TxCpltCallback)
    HAL_UART_TxHalfCpltCallback              0x0800245f   Thumb Code     2  stm32f1xx_hal_uart.o(i.HAL_UART_TxHalfCpltCallback)
    HCSR04Task                               0x08002461   Thumb Code   112  main.o(i.HCSR04Task)
    HardFault_Handler                        0x080024d5   Thumb Code     2  stm32f1xx_it.o(i.HardFault_Handler)
    LCDTask                                  0x080024d9   Thumb Code    76  main.o(i.LCDTask)
    MemManage_Handler                        0x08002721   Thumb Code     2  stm32f1xx_it.o(i.MemManage_Handler)
    NMI_Handler                              0x08002723   Thumb Code     2  stm32f1xx_it.o(i.NMI_Handler)
    Read_DHT11_Sensor                        0x08002725   Thumb Code    72  main.o(i.Read_DHT11_Sensor)
    Read_HCSR04_Sensor                       0x08002771   Thumb Code    46  main.o(i.Read_HCSR04_Sensor)
    Set_Pin_Input                            0x080027a9   Thumb Code    22  main.o(i.Set_Pin_Input)
    Set_Pin_Output                           0x080027bf   Thumb Code    24  main.o(i.Set_Pin_Output)
    StartDefaultTask                         0x080027d7   Thumb Code     8  main.o(i.StartDefaultTask)
    SysTick_Handler                          0x080027e1   Thumb Code    38  port.o(i.SysTick_Handler)
    SystemClock_Config                       0x0800280d   Thumb Code    94  main.o(i.SystemClock_Config)
    SystemInit                               0x0800286b   Thumb Code     2  system_stm32f1xx.o(i.SystemInit)
    TIM1_BRK_IRQHandler                      0x0800286d   Thumb Code     6  stm32f1xx_it.o(i.TIM1_BRK_IRQHandler)
    TIM1_CC_IRQHandler                       0x08002879   Thumb Code     6  stm32f1xx_it.o(i.TIM1_CC_IRQHandler)
    TIM1_TRG_COM_IRQHandler                  0x08002885   Thumb Code     6  stm32f1xx_it.o(i.TIM1_TRG_COM_IRQHandler)
    TIM1_UP_IRQHandler                       0x08002891   Thumb Code     6  stm32f1xx_it.o(i.TIM1_UP_IRQHandler)
    TIM2_IRQHandler                          0x0800289d   Thumb Code     6  stm32f1xx_it.o(i.TIM2_IRQHandler)
    TIM4_IRQHandler                          0x080028a9   Thumb Code     6  stm32f1xx_it.o(i.TIM4_IRQHandler)
    TIM_Base_SetConfig                       0x080028b5   Thumb Code    94  stm32f1xx_hal_tim.o(i.TIM_Base_SetConfig)
    TIM_CCxChannelCmd                        0x08002921   Thumb Code    26  stm32f1xx_hal_tim.o(i.TIM_CCxChannelCmd)
    TIM_ETR_SetConfig                        0x0800293b   Thumb Code    20  stm32f1xx_hal_tim.o(i.TIM_ETR_SetConfig)
    TIM_TI1_SetConfig                        0x08002981   Thumb Code    76  stm32f1xx_hal_tim.o(i.TIM_TI1_SetConfig)
    UARTTask                                 0x08002a35   Thumb Code   102  main.o(i.UARTTask)
    UART_Start_Receive_DMA                   0x08002d5d   Thumb Code    98  stm32f1xx_hal_uart.o(i.UART_Start_Receive_DMA)
    USART1_IRQHandler                        0x08002dcd   Thumb Code     6  stm32f1xx_it.o(i.USART1_IRQHandler)
    Uart_ThresholdTask                       0x08002dd9   Thumb Code   230  main.o(i.Uart_ThresholdTask)
    UsageFault_Handler                       0x08002ecd   Thumb Code     2  stm32f1xx_it.o(i.UsageFault_Handler)
    _is_digit                                0x08002eef   Thumb Code    14  __printf_wp.o(i._is_digit)
    delay_us                                 0x08002efd   Thumb Code    18  main.o(i.delay_us)
    main                                     0x08002f21   Thumb Code   564  main.o(i.main)
    osDelay                                  0x08003189   Thumb Code    14  cmsis_os.o(i.osDelay)
    osKernelStart                            0x08003197   Thumb Code    10  cmsis_os.o(i.osKernelStart)
    osMailAlloc                              0x080031a1   Thumb Code    12  cmsis_os.o(i.osMailAlloc)
    osMailCreate                             0x080031ad   Thumb Code    92  cmsis_os.o(i.osMailCreate)
    osMailFree                               0x08003209   Thumb Code    12  cmsis_os.o(i.osMailFree)
    osMailGet                                0x08003215   Thumb Code   140  cmsis_os.o(i.osMailGet)
    osMailPut                                0x080032a5   Thumb Code    88  cmsis_os.o(i.osMailPut)
    osPoolAlloc                              0x08003301   Thumb Code   106  cmsis_os.o(i.osPoolAlloc)
    osPoolCreate                             0x0800336b   Thumb Code    94  cmsis_os.o(i.osPoolCreate)
    osPoolFree                               0x080033c9   Thumb Code    48  cmsis_os.o(i.osPoolFree)
    osThreadCreate                           0x080033f9   Thumb Code    84  cmsis_os.o(i.osThreadCreate)
    pvPortMalloc                             0x080038f5   Thumb Code   210  heap_4.o(i.pvPortMalloc)
    pxPortInitialiseStack                    0x080039cd   Thumb Code    32  port.o(i.pxPortInitialiseStack)
    uxListRemove                             0x080039f1   Thumb Code    38  list.o(i.uxListRemove)
    vApplicationGetIdleTaskMemory            0x08003a19   Thumb Code    16  freertos.o(i.vApplicationGetIdleTaskMemory)
    vListInitialise                          0x08003a2d   Thumb Code    22  list.o(i.vListInitialise)
    vListInitialiseItem                      0x08003a43   Thumb Code     6  list.o(i.vListInitialiseItem)
    vListInsert                              0x08003a49   Thumb Code    48  list.o(i.vListInsert)
    vListInsertEnd                           0x08003a79   Thumb Code    24  list.o(i.vListInsertEnd)
    vPortEnterCritical                       0x08003a91   Thumb Code    54  port.o(i.vPortEnterCritical)
    vPortExitCritical                        0x08003ad1   Thumb Code    34  port.o(i.vPortExitCritical)
    vPortFree                                0x08003af9   Thumb Code    88  heap_4.o(i.vPortFree)
    vPortSetupTimerInterrupt                 0x08003b55   Thumb Code    32  port.o(i.vPortSetupTimerInterrupt)
    vPortValidateInterruptPriority           0x08003b79   Thumb Code    74  port.o(i.vPortValidateInterruptPriority)
    vTaskDelay                               0x08003bcd   Thumb Code    66  tasks.o(i.vTaskDelay)
    vTaskInternalSetTimeOutState             0x08003c19   Thumb Code    12  tasks.o(i.vTaskInternalSetTimeOutState)
    vTaskMissedYield                         0x08003c29   Thumb Code     8  tasks.o(i.vTaskMissedYield)
    vTaskPlaceOnEventList                    0x08003c35   Thumb Code    44  tasks.o(i.vTaskPlaceOnEventList)
    vTaskStartScheduler                      0x08003c65   Thumb Code    90  tasks.o(i.vTaskStartScheduler)
    vTaskSuspend                             0x08003cd1   Thumb Code   174  tasks.o(i.vTaskSuspend)
    vTaskSuspendAll                          0x08003d8d   Thumb Code    10  tasks.o(i.vTaskSuspendAll)
    vTaskSwitchContext                       0x08003d9d   Thumb Code    82  tasks.o(i.vTaskSwitchContext)
    xPortStartScheduler                      0x08003df9   Thumb Code   154  port.o(i.xPortStartScheduler)
    xQueueGenericCreate                      0x08003ea1   Thumb Code    72  queue.o(i.xQueueGenericCreate)
    xQueueGenericReset                       0x08003ee9   Thumb Code   132  queue.o(i.xQueueGenericReset)
    xQueueGenericSend                        0x08003f71   Thumb Code   346  queue.o(i.xQueueGenericSend)
    xQueueGenericSendFromISR                 0x080040d1   Thumb Code   188  queue.o(i.xQueueGenericSendFromISR)
    xQueueReceive                            0x0800418d   Thumb Code   308  queue.o(i.xQueueReceive)
    xQueueReceiveFromISR                     0x080042c5   Thumb Code   154  queue.o(i.xQueueReceiveFromISR)
    xTaskCheckForTimeOut                     0x08004361   Thumb Code   112  tasks.o(i.xTaskCheckForTimeOut)
    xTaskCreate                              0x080043d5   Thumb Code    90  tasks.o(i.xTaskCreate)
    xTaskCreateStatic                        0x0800442f   Thumb Code    86  tasks.o(i.xTaskCreateStatic)
    xTaskGetSchedulerState                   0x08004485   Thumb Code    22  tasks.o(i.xTaskGetSchedulerState)
    xTaskGetTickCount                        0x080044a1   Thumb Code     6  tasks.o(i.xTaskGetTickCount)
    xTaskIncrementTick                       0x080044ad   Thumb Code   192  tasks.o(i.xTaskIncrementTick)
    xTaskPriorityDisinherit                  0x08004575   Thumb Code   144  tasks.o(i.xTaskPriorityDisinherit)
    xTaskRemoveFromEventList                 0x0800460d   Thumb Code   108  tasks.o(i.xTaskRemoveFromEventList)
    xTaskResumeAll                           0x08004681   Thumb Code   182  tasks.o(i.xTaskResumeAll)
    xTaskResumeFromISR                       0x08004745   Thumb Code   128  tasks.o(i.xTaskResumeFromISR)
    __fpl_dcheck_NaN1                        0x080047cd   Thumb Code    10  dcheck1.o(x$fpl$dcheck1)
    __aeabi_d2uiz                            0x080047dd   Thumb Code     0  dfixu.o(x$fpl$dfixu)
    _dfixu                                   0x080047dd   Thumb Code    90  dfixu.o(x$fpl$dfixu)
    __aeabi_ui2d                             0x08004837   Thumb Code     0  dflt_clz.o(x$fpl$dfltu)
    _dfltu                                   0x08004837   Thumb Code    38  dflt_clz.o(x$fpl$dfltu)
    __aeabi_dmul                             0x0800485d   Thumb Code     0  dmul.o(x$fpl$dmul)
    _dmul                                    0x0800485d   Thumb Code   332  dmul.o(x$fpl$dmul)
    __fpl_dnaninf                            0x080049b1   Thumb Code   156  dnaninf.o(x$fpl$dnaninf)
    __fpl_dretinf                            0x08004a4d   Thumb Code    12  dretinf.o(x$fpl$dretinf)
    __aeabi_f2iz                             0x08004a59   Thumb Code     0  ffix.o(x$fpl$ffix)
    _ffix                                    0x08004a59   Thumb Code    54  ffix.o(x$fpl$ffix)
    __aeabi_f2uiz                            0x08004a91   Thumb Code     0  ffixu.o(x$fpl$ffixu)
    _ffixu                                   0x08004a91   Thumb Code    62  ffixu.o(x$fpl$ffixu)
    __aeabi_ui2f                             0x08004ad1   Thumb Code     0  fflt_clz.o(x$fpl$ffltu)
    _ffltu                                   0x08004ad1   Thumb Code    38  fflt_clz.o(x$fpl$ffltu)
    __fpl_fnaninf                            0x08004af7   Thumb Code   140  fnaninf.o(x$fpl$fnaninf)
    __fpl_return_NaN                         0x08004b83   Thumb Code   100  retnan.o(x$fpl$retnan)
    __ARM_scalbn                             0x08004be7   Thumb Code    92  scalbn.o(x$fpl$scalbn)
    __fpl_cmpreturn                          0x08004c43   Thumb Code    48  trapv.o(x$fpl$trapveneer)
    __I$use$fp                               0x08004c72   Number         0  usenofp.o(x$fpl$usenofp)
    AHBPrescTable                            0x08004d5c   Data          16  system_stm32f1xx.o(.constdata)
    APBPrescTable                            0x08004d6c   Data           8  system_stm32f1xx.o(.constdata)
    Region$$Table$$Base                      0x08004e30   Number         0  anon$$obj.o(Region$$Table)
    Region$$Table$$Limit                     0x08004e50   Number         0  anon$$obj.o(Region$$Table)
    Presence                                 0x20000000   Data           1  main.o(.data)
    Is_First_Captured                        0x20000001   Data           1  main.o(.data)
    cmd_index                                0x20000002   Data           1  main.o(.data)
    len                                      0x20000003   Data           1  main.o(.data)
    humi_cnt                                 0x20000004   Data           1  main.o(.data)
    temp_cnt                                 0x20000005   Data           1  main.o(.data)
    dist_cnt                                 0x20000006   Data           1  main.o(.data)
    read_DHT11_flag                          0x20000007   Data           1  main.o(.data)
    read_HCSR04_flag                         0x20000008   Data           1  main.o(.data)
    transmit_DHT11_data_flag                 0x20000009   Data           1  main.o(.data)
    transmit_temp_data_flag                  0x2000000a   Data           1  main.o(.data)
    transmit_humi_data_flag                  0x2000000b   Data           1  main.o(.data)
    transmit_dist_data_flag                  0x2000000c   Data           1  main.o(.data)
    transmit_DHT11_HCSR04_data_flag          0x2000000d   Data           1  main.o(.data)
    transmit_temp_HCSR04_data_flag           0x2000000e   Data           1  main.o(.data)
    transmit_humi_HCSR04_data_flag           0x2000000f   Data           1  main.o(.data)
    uart_enable_cmd_1                        0x20000010   Data           1  main.o(.data)
    uart_enable_cmd_2                        0x20000011   Data           1  main.o(.data)
    uart_enable_cmd_1_tmp                    0x20000012   Data           1  main.o(.data)
    uart_enable_cmd_2_tmp                    0x20000013   Data           1  main.o(.data)
    button_enable                            0x20000014   Data           1  main.o(.data)
    isHumiTrans                              0x20000015   Data           1  main.o(.data)
    isDistTrans                              0x20000016   Data           1  main.o(.data)
    isr_cnt                                  0x20000017   Data           1  main.o(.data)
    Rh_byte1                                 0x20000018   Data           1  main.o(.data)
    Rh_byte2                                 0x20000019   Data           1  main.o(.data)
    Temp_byte1                               0x2000001a   Data           1  main.o(.data)
    Temp_byte2                               0x2000001b   Data           1  main.o(.data)
    HCSR04_transmit_period                   0x2000001c   Data           1  main.o(.data)
    temp_transmit_period                     0x2000001d   Data           1  main.o(.data)
    humi_transmit_period                     0x2000001e   Data           1  main.o(.data)
    temp_threshold                           0x2000001f   Data           1  main.o(.data)
    humi_threshold                           0x20000020   Data           1  main.o(.data)
    dist_threshold                           0x20000021   Data           1  main.o(.data)
    SUM                                      0x20000022   Data           2  main.o(.data)
    RH                                       0x20000024   Data           2  main.o(.data)
    TEMP                                     0x20000026   Data           2  main.o(.data)
    Threshold_tem                            0x20000028   Data           4  main.o(.data)
    Threshold_hum                            0x2000002c   Data           4  main.o(.data)
    Lcd_temp                                 0x20000030   Data           4  main.o(.data)
    Lcd_humi                                 0x20000034   Data           4  main.o(.data)
    time_dht                                 0x20000038   Data           4  main.o(.data)
    Threshold_dist                           0x2000003c   Data           4  main.o(.data)
    Lcd_dist                                 0x20000040   Data           4  main.o(.data)
    time_hcsr                                0x20000044   Data           4  main.o(.data)
    time_Threshold                           0x20000048   Data           4  main.o(.data)
    time_lcd                                 0x2000004c   Data           4  main.o(.data)
    time_dht_read                            0x20000050   Data           4  main.o(.data)
    time_hcsr_read                           0x20000054   Data           4  main.o(.data)
    cnt_uart                                 0x20000058   Data           4  main.o(.data)
    cnt_uart_rei                             0x2000005c   Data           4  main.o(.data)
    temp                                     0x20000060   Data           4  main.o(.data)
    humi                                     0x20000064   Data           4  main.o(.data)
    IC_Val1                                  0x20000068   Data           4  main.o(.data)
    IC_Val2                                  0x2000006c   Data           4  main.o(.data)
    Difference                               0x20000070   Data           4  main.o(.data)
    distance                                 0x20000074   Data           4  main.o(.data)
    old_tick                                 0x20000078   Data           4  main.o(.data)
    new_tick                                 0x2000007c   Data           4  main.o(.data)
    task_idx                                 0x20000080   Data           4  main.o(.data)
    isr_tick_start                           0x20000084   Data           4  main.o(.data)
    isr_tick_stop                            0x20000088   Data           4  main.o(.data)
    isr_execute_tick                         0x2000008c   Data           4  main.o(.data)
    old_task_idx                             0x20000090   Data           4  main.o(.data)
    defaultTaskHandle                        0x20000094   Data           4  main.o(.data)
    ButtonTaskHandle                         0x20000098   Data           4  main.o(.data)
    HCSR04TaskHandle                         0x2000009c   Data           4  main.o(.data)
    LCDTaskHandle                            0x200000a0   Data           4  main.o(.data)
    UARTTaskHandle                           0x200000a4   Data           4  main.o(.data)
    DHTTaskHandle                            0x200000a8   Data           4  main.o(.data)
    Uart_ThresholdTaskHandle                 0x200000ac   Data           4  main.o(.data)
    myQueueDataHandle                        0x200000b0   Data           4  main.o(.data)
    myQueueUart_ThresholdHandle              0x200000b4   Data           4  main.o(.data)
    myQueueUart_ThresholdDataHandle          0x200000b8   Data           4  main.o(.data)
    uwTickFreq                               0x200000bc   Data           1  stm32f1xx_hal.o(.data)
    uwTickPrio                               0x200000c0   Data           4  stm32f1xx_hal.o(.data)
    uwTick                                   0x200000c4   Data           4  stm32f1xx_hal.o(.data)
    SystemCoreClock                          0x200000c8   Data           4  system_stm32f1xx.o(.data)
    pxCurrentTCB                             0x200000cc   Data           4  tasks.o(.data)
    queue                                    0x2000012c   Data         180  main.o(.bss)
    RxBuffer                                 0x200001e0   Data          10  main.o(.bss)
    TxBuffer                                 0x200001ea   Data          70  main.o(.bss)
    MainBuffer                               0x20000230   Data           9  main.o(.bss)
    execute_time                             0x2000023c   Data         184  main.o(.bss)
    htim1                                    0x200002f4   Data          72  main.o(.bss)
    htim4                                    0x2000033c   Data          72  main.o(.bss)
    huart1                                   0x20000384   Data          68  main.o(.bss)
    hdma_usart1_rx                           0x200003c8   Data          68  main.o(.bss)
    hdma_usart1_tx                           0x2000040c   Data          68  main.o(.bss)
    htim2                                    0x200006a4   Data          72  stm32f1xx_hal_timebase_tim.o(.bss)
    __libspace_start                         0x20002fdc   Data          96  libspace.o(.bss)
    __temporary_stack_top$libspace           0x2000303c   Data           0  libspace.o(.bss)



==============================================================================

Memory Map of the image

  Image Entry point : 0x080000ed

  Load Region LR_IROM1 (Base: 0x08000000, Size: 0x00004f7c, Max: 0x00010000, ABSOLUTE, COMPRESSED[0x00004e60])

    Execution Region ER_IROM1 (Exec base: 0x08000000, Load base: 0x08000000, Size: 0x00004e50, Max: 0x00010000, ABSOLUTE)

    Exec Addr    Load Addr    Size         Type   Attr      Idx    E Section Name        Object

    0x08000000   0x08000000   0x000000ec   Data   RO            3    RESET               startup_stm32f103xb.o
    0x080000ec   0x080000ec   0x00000008   Code   RO         4604  * !!!main             c_w.l(__main.o)
    0x080000f4   0x080000f4   0x00000034   Code   RO         4941    !!!scatter          c_w.l(__scatter.o)
    0x08000128   0x08000128   0x0000005a   Code   RO         4939    !!dczerorl2         c_w.l(__dczerorl2.o)
    0x08000182   0x08000182   0x00000002   PAD
    0x08000184   0x08000184   0x0000001c   Code   RO         4943    !!handler_zi        c_w.l(__scatter_zi.o)
    0x080001a0   0x080001a0   0x00000000   Code   RO         4589    .ARM.Collect$$_printf_percent$$00000000  c_w.l(_printf_percent.o)
    0x080001a0   0x080001a0   0x00000006   Code   RO         4588    .ARM.Collect$$_printf_percent$$00000009  c_w.l(_printf_d.o)
    0x080001a6   0x080001a6   0x00000004   Code   RO         4693    .ARM.Collect$$_printf_percent$$00000017  c_w.l(_printf_percent_end.o)
    0x080001aa   0x080001aa   0x00000002   Code   RO         4798    .ARM.Collect$$libinit$$00000000  c_w.l(libinit.o)
    0x080001ac   0x080001ac   0x00000000   Code   RO         4816    .ARM.Collect$$libinit$$00000002  c_w.l(libinit2.o)
    0x080001ac   0x080001ac   0x00000000   Code   RO         4818    .ARM.Collect$$libinit$$00000004  c_w.l(libinit2.o)
    0x080001ac   0x080001ac   0x00000000   Code   RO         4821    .ARM.Collect$$libinit$$0000000A  c_w.l(libinit2.o)
    0x080001ac   0x080001ac   0x00000000   Code   RO         4823    .ARM.Collect$$libinit$$0000000C  c_w.l(libinit2.o)
    0x080001ac   0x080001ac   0x00000000   Code   RO         4825    .ARM.Collect$$libinit$$0000000E  c_w.l(libinit2.o)
    0x080001ac   0x080001ac   0x00000000   Code   RO         4828    .ARM.Collect$$libinit$$00000011  c_w.l(libinit2.o)
    0x080001ac   0x080001ac   0x00000000   Code   RO         4830    .ARM.Collect$$libinit$$00000013  c_w.l(libinit2.o)
    0x080001ac   0x080001ac   0x00000000   Code   RO         4832    .ARM.Collect$$libinit$$00000015  c_w.l(libinit2.o)
    0x080001ac   0x080001ac   0x00000000   Code   RO         4834    .ARM.Collect$$libinit$$00000017  c_w.l(libinit2.o)
    0x080001ac   0x080001ac   0x00000000   Code   RO         4836    .ARM.Collect$$libinit$$00000019  c_w.l(libinit2.o)
    0x080001ac   0x080001ac   0x00000000   Code   RO         4838    .ARM.Collect$$libinit$$0000001B  c_w.l(libinit2.o)
    0x080001ac   0x080001ac   0x00000000   Code   RO         4840    .ARM.Collect$$libinit$$0000001D  c_w.l(libinit2.o)
    0x080001ac   0x080001ac   0x00000000   Code   RO         4842    .ARM.Collect$$libinit$$0000001F  c_w.l(libinit2.o)
    0x080001ac   0x080001ac   0x00000000   Code   RO         4844    .ARM.Collect$$libinit$$00000021  c_w.l(libinit2.o)
    0x080001ac   0x080001ac   0x00000000   Code   RO         4846    .ARM.Collect$$libinit$$00000023  c_w.l(libinit2.o)
    0x080001ac   0x080001ac   0x00000000   Code   RO         4848    .ARM.Collect$$libinit$$00000025  c_w.l(libinit2.o)
    0x080001ac   0x080001ac   0x00000000   Code   RO         4852    .ARM.Collect$$libinit$$0000002C  c_w.l(libinit2.o)
    0x080001ac   0x080001ac   0x00000000   Code   RO         4854    .ARM.Collect$$libinit$$0000002E  c_w.l(libinit2.o)
    0x080001ac   0x080001ac   0x00000000   Code   RO         4856    .ARM.Collect$$libinit$$00000030  c_w.l(libinit2.o)
    0x080001ac   0x080001ac   0x00000000   Code   RO         4858    .ARM.Collect$$libinit$$00000032  c_w.l(libinit2.o)
    0x080001ac   0x080001ac   0x00000002   Code   RO         4859    .ARM.Collect$$libinit$$00000033  c_w.l(libinit2.o)
    0x080001ae   0x080001ae   0x00000002   Code   RO         4879    .ARM.Collect$$libshutdown$$00000000  c_w.l(libshutdown.o)
    0x080001b0   0x080001b0   0x00000000   Code   RO         4892    .ARM.Collect$$libshutdown$$00000002  c_w.l(libshutdown2.o)
    0x080001b0   0x080001b0   0x00000000   Code   RO         4894    .ARM.Collect$$libshutdown$$00000004  c_w.l(libshutdown2.o)
    0x080001b0   0x080001b0   0x00000000   Code   RO         4897    .ARM.Collect$$libshutdown$$00000007  c_w.l(libshutdown2.o)
    0x080001b0   0x080001b0   0x00000000   Code   RO         4900    .ARM.Collect$$libshutdown$$0000000A  c_w.l(libshutdown2.o)
    0x080001b0   0x080001b0   0x00000000   Code   RO         4902    .ARM.Collect$$libshutdown$$0000000C  c_w.l(libshutdown2.o)
    0x080001b0   0x080001b0   0x00000000   Code   RO         4905    .ARM.Collect$$libshutdown$$0000000F  c_w.l(libshutdown2.o)
    0x080001b0   0x080001b0   0x00000002   Code   RO         4906    .ARM.Collect$$libshutdown$$00000010  c_w.l(libshutdown2.o)
    0x080001b2   0x080001b2   0x00000000   Code   RO         4634    .ARM.Collect$$rtentry$$00000000  c_w.l(__rtentry.o)
    0x080001b2   0x080001b2   0x00000000   Code   RO         4721    .ARM.Collect$$rtentry$$00000002  c_w.l(__rtentry2.o)
    0x080001b2   0x080001b2   0x00000006   Code   RO         4733    .ARM.Collect$$rtentry$$00000004  c_w.l(__rtentry4.o)
    0x080001b8   0x080001b8   0x00000000   Code   RO         4723    .ARM.Collect$$rtentry$$00000009  c_w.l(__rtentry2.o)
    0x080001b8   0x080001b8   0x00000004   Code   RO         4724    .ARM.Collect$$rtentry$$0000000A  c_w.l(__rtentry2.o)
    0x080001bc   0x080001bc   0x00000000   Code   RO         4726    .ARM.Collect$$rtentry$$0000000C  c_w.l(__rtentry2.o)
    0x080001bc   0x080001bc   0x00000008   Code   RO         4727    .ARM.Collect$$rtentry$$0000000D  c_w.l(__rtentry2.o)
    0x080001c4   0x080001c4   0x00000002   Code   RO         4808    .ARM.Collect$$rtexit$$00000000  c_w.l(rtexit.o)
    0x080001c6   0x080001c6   0x00000000   Code   RO         4861    .ARM.Collect$$rtexit$$00000002  c_w.l(rtexit2.o)
    0x080001c6   0x080001c6   0x00000004   Code   RO         4862    .ARM.Collect$$rtexit$$00000003  c_w.l(rtexit2.o)
    0x080001ca   0x080001ca   0x00000006   Code   RO         4863    .ARM.Collect$$rtexit$$00000004  c_w.l(rtexit2.o)
    0x080001d0   0x080001d0   0x00000096   Code   RO         4334    .emb_text           port.o
    0x08000266   0x08000266   0x00000002   PAD
    0x08000268   0x08000268   0x00000040   Code   RO            4    .text               startup_stm32f103xb.o
    0x080002a8   0x080002a8   0x0000002c   Code   RO         4560    .text               c_w.l(__2sprintf.o)
    0x080002d4   0x080002d4   0x00000078   Code   RO         4566    .text               c_w.l(_printf_dec.o)
    0x0800034c   0x0800034c   0x00000188   Code   RO         4585    .text               c_w.l(__printf_flags_ss_wp.o)
    0x080004d4   0x080004d4   0x0000008a   Code   RO         4592    .text               c_w.l(rt_memcpy_v6.o)
    0x0800055e   0x0800055e   0x00000064   Code   RO         4594    .text               c_w.l(rt_memcpy_w.o)
    0x080005c2   0x080005c2   0x00000044   Code   RO         4598    .text               c_w.l(rt_memclr.o)
    0x08000606   0x08000606   0x0000004e   Code   RO         4600    .text               c_w.l(rt_memclr_w.o)
    0x08000654   0x08000654   0x00000006   Code   RO         4602    .text               c_w.l(heapauxi.o)
    0x0800065a   0x0800065a   0x000000b2   Code   RO         4641    .text               c_w.l(_printf_intcommon.o)
    0x0800070c   0x0800070c   0x00000030   Code   RO         4645    .text               c_w.l(_printf_char_common.o)
    0x0800073c   0x0800073c   0x0000000a   Code   RO         4647    .text               c_w.l(_sputc.o)
    0x08000746   0x08000746   0x0000004a   Code   RO         4752    .text               c_w.l(sys_stackheap_outer.o)
    0x08000790   0x08000790   0x00000012   Code   RO         4791    .text               c_w.l(exit.o)
    0x080007a2   0x080007a2   0x00000002   PAD
    0x080007a4   0x080007a4   0x00000008   Code   RO         4805    .text               c_w.l(libspace.o)
    0x080007ac   0x080007ac   0x0000000c   Code   RO         4871    .text               c_w.l(sys_exit.o)
    0x080007b8   0x080007b8   0x00000002   Code   RO         4882    .text               c_w.l(use_no_semi.o)
    0x080007ba   0x080007ba   0x00000000   Code   RO         4884    .text               c_w.l(indicate_semi.o)
    0x080007ba   0x080007ba   0x00000002   Code   RO          537    i.BusFault_Handler  stm32f1xx_it.o
    0x080007bc   0x080007bc   0x000000c0   Code   RO           13    i.ButtonTask        main.o
    0x0800087c   0x0800087c   0x00000044   Code   RO           14    i.DHT11_Check_Response  main.o
    0x080008c0   0x080008c0   0x0000005c   Code   RO           16    i.DHT11_Read        main.o
    0x0800091c   0x0800091c   0x00000044   Code   RO           17    i.DHT11_Start       main.o
    0x08000960   0x08000960   0x0000008c   Code   RO           18    i.DHT11_UART_Transmit  main.o
    0x080009ec   0x080009ec   0x00000090   Code   RO           19    i.DHTTask           main.o
    0x08000a7c   0x08000a7c   0x0000000c   Code   RO          538    i.DMA1_Channel4_IRQHandler  stm32f1xx_it.o
    0x08000a88   0x08000a88   0x0000000c   Code   RO          539    i.DMA1_Channel5_IRQHandler  stm32f1xx_it.o
    0x08000a94   0x08000a94   0x0000002a   Code   RO         1155    i.DMA_SetConfig     stm32f1xx_hal_dma.o
    0x08000abe   0x08000abe   0x00000002   Code   RO          540    i.DebugMon_Handler  stm32f1xx_it.o
    0x08000ac0   0x08000ac0   0x00000004   Code   RO           20    i.Error_Handler     main.o
    0x08000ac4   0x08000ac4   0x00000046   Code   RO         1156    i.HAL_DMA_Abort     stm32f1xx_hal_dma.o
    0x08000b0a   0x08000b0a   0x00000002   PAD
    0x08000b0c   0x08000b0c   0x00000098   Code   RO         1157    i.HAL_DMA_Abort_IT  stm32f1xx_hal_dma.o
    0x08000ba4   0x08000ba4   0x00000154   Code   RO         1161    i.HAL_DMA_IRQHandler  stm32f1xx_hal_dma.o
    0x08000cf8   0x08000cf8   0x0000005c   Code   RO         1162    i.HAL_DMA_Init      stm32f1xx_hal_dma.o
    0x08000d54   0x08000d54   0x00000070   Code   RO         1166    i.HAL_DMA_Start_IT  stm32f1xx_hal_dma.o
    0x08000dc4   0x08000dc4   0x000001e0   Code   RO         1092    i.HAL_GPIO_Init     stm32f1xx_hal_gpio.o
    0x08000fa4   0x08000fa4   0x0000000a   Code   RO         1094    i.HAL_GPIO_ReadPin  stm32f1xx_hal_gpio.o
    0x08000fae   0x08000fae   0x0000000a   Code   RO         1096    i.HAL_GPIO_WritePin  stm32f1xx_hal_gpio.o
    0x08000fb8   0x08000fb8   0x0000000c   Code   RO          788    i.HAL_GetTick       stm32f1xx_hal.o
    0x08000fc4   0x08000fc4   0x00000024   Code   RO          795    i.HAL_Init          stm32f1xx_hal.o
    0x08000fe8   0x08000fe8   0x00000098   Code   RO          702    i.HAL_InitTick      stm32f1xx_hal_timebase_tim.o
    0x08001080   0x08001080   0x00000048   Code   RO          653    i.HAL_MspInit       stm32f1xx_hal_msp.o
    0x080010c8   0x080010c8   0x0000001a   Code   RO         1252    i.HAL_NVIC_EnableIRQ  stm32f1xx_hal_cortex.o
    0x080010e2   0x080010e2   0x00000002   PAD
    0x080010e4   0x080010e4   0x00000040   Code   RO         1258    i.HAL_NVIC_SetPriority  stm32f1xx_hal_cortex.o
    0x08001124   0x08001124   0x00000024   Code   RO         1259    i.HAL_NVIC_SetPriorityGrouping  stm32f1xx_hal_cortex.o
    0x08001148   0x08001148   0x0000012c   Code   RO          952    i.HAL_RCC_ClockConfig  stm32f1xx_hal_rcc.o
    0x08001274   0x08001274   0x00000040   Code   RO          956    i.HAL_RCC_GetClockConfig  stm32f1xx_hal_rcc.o
    0x080012b4   0x080012b4   0x00000020   Code   RO          959    i.HAL_RCC_GetPCLK1Freq  stm32f1xx_hal_rcc.o
    0x080012d4   0x080012d4   0x00000020   Code   RO          960    i.HAL_RCC_GetPCLK2Freq  stm32f1xx_hal_rcc.o
    0x080012f4   0x080012f4   0x0000006c   Code   RO          961    i.HAL_RCC_GetSysClockFreq  stm32f1xx_hal_rcc.o
    0x08001360   0x08001360   0x00000320   Code   RO          964    i.HAL_RCC_OscConfig  stm32f1xx_hal_rcc.o
    0x08001680   0x08001680   0x00000002   Code   RO         2476    i.HAL_TIMEx_BreakCallback  stm32f1xx_hal_tim_ex.o
    0x08001682   0x08001682   0x00000002   Code   RO         2477    i.HAL_TIMEx_CommutCallback  stm32f1xx_hal_tim_ex.o
    0x08001684   0x08001684   0x00000068   Code   RO         2495    i.HAL_TIMEx_MasterConfigSynchronization  stm32f1xx_hal_tim_ex.o
    0x080016ec   0x080016ec   0x0000005a   Code   RO         1772    i.HAL_TIM_Base_Init  stm32f1xx_hal_tim.o
    0x08001746   0x08001746   0x00000002   PAD
    0x08001748   0x08001748   0x000000bc   Code   RO          655    i.HAL_TIM_Base_MspInit  stm32f1xx_hal_msp.o
    0x08001804   0x08001804   0x00000050   Code   RO         1775    i.HAL_TIM_Base_Start  stm32f1xx_hal_tim.o
    0x08001854   0x08001854   0x00000058   Code   RO         1777    i.HAL_TIM_Base_Start_IT  stm32f1xx_hal_tim.o
    0x080018ac   0x080018ac   0x000000d6   Code   RO         1781    i.HAL_TIM_ConfigClockSource  stm32f1xx_hal_tim.o
    0x08001982   0x08001982   0x00000002   PAD
    0x08001984   0x08001984   0x000000b0   Code   RO           22    i.HAL_TIM_IC_CaptureCallback  main.o
    0x08001a34   0x08001a34   0x0000010e   Code   RO         1808    i.HAL_TIM_IC_ConfigChannel  stm32f1xx_hal_tim.o
    0x08001b42   0x08001b42   0x0000005a   Code   RO         1811    i.HAL_TIM_IC_Init   stm32f1xx_hal_tim.o
    0x08001b9c   0x08001b9c   0x00000002   Code   RO         1813    i.HAL_TIM_IC_MspInit  stm32f1xx_hal_tim.o
    0x08001b9e   0x08001b9e   0x00000002   PAD
    0x08001ba0   0x08001ba0   0x000000e0   Code   RO         1816    i.HAL_TIM_IC_Start_IT  stm32f1xx_hal_tim.o
    0x08001c80   0x08001c80   0x00000166   Code   RO         1820    i.HAL_TIM_IRQHandler  stm32f1xx_hal_tim.o
    0x08001de6   0x08001de6   0x00000002   Code   RO         1823    i.HAL_TIM_OC_DelayElapsedCallback  stm32f1xx_hal_tim.o
    0x08001de8   0x08001de8   0x00000002   Code   RO         1850    i.HAL_TIM_PWM_PulseFinishedCallback  stm32f1xx_hal_tim.o
    0x08001dea   0x08001dea   0x00000002   PAD
    0x08001dec   0x08001dec   0x000001cc   Code   RO           23    i.HAL_TIM_PeriodElapsedCallback  main.o
    0x08001fb8   0x08001fb8   0x0000002a   Code   RO         1860    i.HAL_TIM_ReadCapturedValue  stm32f1xx_hal_tim.o
    0x08001fe2   0x08001fe2   0x00000002   Code   RO         1863    i.HAL_TIM_TriggerCallback  stm32f1xx_hal_tim.o
    0x08001fe4   0x08001fe4   0x0000004a   Code   RO         2752    i.HAL_UARTEx_ReceiveToIdle_DMA  stm32f1xx_hal_uart.o
    0x0800202e   0x0800202e   0x00000002   PAD
    0x08002030   0x08002030   0x00000058   Code   RO           24    i.HAL_UARTEx_RxEventCallback  main.o
    0x08002088   0x08002088   0x00000002   Code   RO         2768    i.HAL_UART_ErrorCallback  stm32f1xx_hal_uart.o
    0x0800208a   0x0800208a   0x00000002   PAD
    0x0800208c   0x0800208c   0x0000020c   Code   RO         2771    i.HAL_UART_IRQHandler  stm32f1xx_hal_uart.o
    0x08002298   0x08002298   0x00000062   Code   RO         2772    i.HAL_UART_Init     stm32f1xx_hal_uart.o
    0x080022fa   0x080022fa   0x00000002   PAD
    0x080022fc   0x080022fc   0x000000dc   Code   RO          657    i.HAL_UART_MspInit  stm32f1xx_hal_msp.o
    0x080023d8   0x080023d8   0x00000002   Code   RO         2778    i.HAL_UART_RxCpltCallback  stm32f1xx_hal_uart.o
    0x080023da   0x080023da   0x00000002   Code   RO         2779    i.HAL_UART_RxHalfCpltCallback  stm32f1xx_hal_uart.o
    0x080023dc   0x080023dc   0x00000080   Code   RO         2781    i.HAL_UART_Transmit_DMA  stm32f1xx_hal_uart.o
    0x0800245c   0x0800245c   0x00000002   Code   RO         2783    i.HAL_UART_TxCpltCallback  stm32f1xx_hal_uart.o
    0x0800245e   0x0800245e   0x00000002   Code   RO         2784    i.HAL_UART_TxHalfCpltCallback  stm32f1xx_hal_uart.o
    0x08002460   0x08002460   0x00000074   Code   RO           25    i.HCSR04Task        main.o
    0x080024d4   0x080024d4   0x00000002   Code   RO          541    i.HardFault_Handler  stm32f1xx_it.o
    0x080024d6   0x080024d6   0x00000002   PAD
    0x080024d8   0x080024d8   0x00000050   Code   RO           29    i.LCDTask           main.o
    0x08002528   0x08002528   0x000000f8   Code   RO           30    i.MX_GPIO_Init      main.o
    0x08002620   0x08002620   0x00000098   Code   RO           31    i.MX_TIM1_Init      main.o
    0x080026b8   0x080026b8   0x00000068   Code   RO           32    i.MX_TIM4_Init      main.o
    0x08002720   0x08002720   0x00000002   Code   RO          542    i.MemManage_Handler  stm32f1xx_it.o
    0x08002722   0x08002722   0x00000002   Code   RO          543    i.NMI_Handler       stm32f1xx_it.o
    0x08002724   0x08002724   0x0000004c   Code   RO           33    i.Read_DHT11_Sensor  main.o
    0x08002770   0x08002770   0x00000038   Code   RO           34    i.Read_HCSR04_Sensor  main.o
    0x080027a8   0x080027a8   0x00000016   Code   RO           35    i.Set_Pin_Input     main.o
    0x080027be   0x080027be   0x00000018   Code   RO           36    i.Set_Pin_Output    main.o
    0x080027d6   0x080027d6   0x00000008   Code   RO           37    i.StartDefaultTask  main.o
    0x080027de   0x080027de   0x00000002   PAD
    0x080027e0   0x080027e0   0x0000002c   Code   RO         4335    i.SysTick_Handler   port.o
    0x0800280c   0x0800280c   0x0000005e   Code   RO           38    i.SystemClock_Config  main.o
    0x0800286a   0x0800286a   0x00000002   Code   RO         3101    i.SystemInit        system_stm32f1xx.o
    0x0800286c   0x0800286c   0x0000000c   Code   RO          544    i.TIM1_BRK_IRQHandler  stm32f1xx_it.o
    0x08002878   0x08002878   0x0000000c   Code   RO          545    i.TIM1_CC_IRQHandler  stm32f1xx_it.o
    0x08002884   0x08002884   0x0000000c   Code   RO          546    i.TIM1_TRG_COM_IRQHandler  stm32f1xx_it.o
    0x08002890   0x08002890   0x0000000c   Code   RO          547    i.TIM1_UP_IRQHandler  stm32f1xx_it.o
    0x0800289c   0x0800289c   0x0000000c   Code   RO          548    i.TIM2_IRQHandler   stm32f1xx_it.o
    0x080028a8   0x080028a8   0x0000000c   Code   RO          549    i.TIM4_IRQHandler   stm32f1xx_it.o
    0x080028b4   0x080028b4   0x0000006c   Code   RO         1865    i.TIM_Base_SetConfig  stm32f1xx_hal_tim.o
    0x08002920   0x08002920   0x0000001a   Code   RO         1866    i.TIM_CCxChannelCmd  stm32f1xx_hal_tim.o
    0x0800293a   0x0800293a   0x00000014   Code   RO         1876    i.TIM_ETR_SetConfig  stm32f1xx_hal_tim.o
    0x0800294e   0x0800294e   0x00000010   Code   RO         1877    i.TIM_ITRx_SetConfig  stm32f1xx_hal_tim.o
    0x0800295e   0x0800295e   0x00000022   Code   RO         1883    i.TIM_TI1_ConfigInputStage  stm32f1xx_hal_tim.o
    0x08002980   0x08002980   0x00000058   Code   RO         1884    i.TIM_TI1_SetConfig  stm32f1xx_hal_tim.o
    0x080029d8   0x080029d8   0x00000024   Code   RO         1885    i.TIM_TI2_ConfigInputStage  stm32f1xx_hal_tim.o
    0x080029fc   0x080029fc   0x00000036   Code   RO         1886    i.TIM_TI2_SetConfig  stm32f1xx_hal_tim.o
    0x08002a32   0x08002a32   0x00000002   PAD
    0x08002a34   0x08002a34   0x00000070   Code   RO           41    i.UARTTask          main.o
    0x08002aa4   0x08002aa4   0x00000010   Code   RO         2785    i.UART_DMAAbortOnError  stm32f1xx_hal_uart.o
    0x08002ab4   0x08002ab4   0x0000004a   Code   RO         2786    i.UART_DMAError     stm32f1xx_hal_uart.o
    0x08002afe   0x08002afe   0x0000005a   Code   RO         2787    i.UART_DMAReceiveCplt  stm32f1xx_hal_uart.o
    0x08002b58   0x08002b58   0x0000001a   Code   RO         2789    i.UART_DMARxHalfCplt  stm32f1xx_hal_uart.o
    0x08002b72   0x08002b72   0x0000002e   Code   RO         2791    i.UART_DMATransmitCplt  stm32f1xx_hal_uart.o
    0x08002ba0   0x08002ba0   0x0000000a   Code   RO         2793    i.UART_DMATxHalfCplt  stm32f1xx_hal_uart.o
    0x08002baa   0x08002baa   0x00000030   Code   RO         2795    i.UART_EndRxTransfer  stm32f1xx_hal_uart.o
    0x08002bda   0x08002bda   0x00000012   Code   RO         2796    i.UART_EndTxTransfer  stm32f1xx_hal_uart.o
    0x08002bec   0x08002bec   0x000000b6   Code   RO         2797    i.UART_Receive_IT   stm32f1xx_hal_uart.o
    0x08002ca2   0x08002ca2   0x00000002   PAD
    0x08002ca4   0x08002ca4   0x000000b8   Code   RO         2798    i.UART_SetConfig    stm32f1xx_hal_uart.o
    0x08002d5c   0x08002d5c   0x00000070   Code   RO         2799    i.UART_Start_Receive_DMA  stm32f1xx_hal_uart.o
    0x08002dcc   0x08002dcc   0x0000000c   Code   RO          550    i.USART1_IRQHandler  stm32f1xx_it.o
    0x08002dd8   0x08002dd8   0x000000f4   Code   RO           42    i.Uart_ThresholdTask  main.o
    0x08002ecc   0x08002ecc   0x00000002   Code   RO          551    i.UsageFault_Handler  stm32f1xx_it.o
    0x08002ece   0x08002ece   0x00000020   Code   RO         1265    i.__NVIC_SetPriority  stm32f1xx_hal_cortex.o
    0x08002eee   0x08002eee   0x0000000e   Code   RO         4578    i._is_digit         c_w.l(__printf_wp.o)
    0x08002efc   0x08002efc   0x00000018   Code   RO           43    i.delay_us          main.o
    0x08002f14   0x08002f14   0x0000000c   Code   RO         3901    i.inHandlerMode     cmsis_os.o
    0x08002f20   0x08002f20   0x0000025c   Code   RO           44    i.main              main.o
    0x0800317c   0x0800317c   0x0000000c   Code   RO         3903    i.makeFreeRtosPriority  cmsis_os.o
    0x08003188   0x08003188   0x0000000e   Code   RO         3905    i.osDelay           cmsis_os.o
    0x08003196   0x08003196   0x0000000a   Code   RO         3908    i.osKernelStart     cmsis_os.o
    0x080031a0   0x080031a0   0x0000000c   Code   RO         3910    i.osMailAlloc       cmsis_os.o
    0x080031ac   0x080031ac   0x0000005c   Code   RO         3912    i.osMailCreate      cmsis_os.o
    0x08003208   0x08003208   0x0000000c   Code   RO         3913    i.osMailFree        cmsis_os.o
    0x08003214   0x08003214   0x00000090   Code   RO         3914    i.osMailGet         cmsis_os.o
    0x080032a4   0x080032a4   0x0000005c   Code   RO         3915    i.osMailPut         cmsis_os.o
    0x08003300   0x08003300   0x0000006a   Code   RO         3927    i.osPoolAlloc       cmsis_os.o
    0x0800336a   0x0800336a   0x0000005e   Code   RO         3929    i.osPoolCreate      cmsis_os.o
    0x080033c8   0x080033c8   0x00000030   Code   RO         3930    i.osPoolFree        cmsis_os.o
    0x080033f8   0x080033f8   0x00000054   Code   RO         3942    i.osThreadCreate    cmsis_os.o
    0x0800344c   0x0800344c   0x00000070   Code   RO         3600    i.prvAddCurrentTaskToDelayedList  tasks.o
    0x080034bc   0x080034bc   0x000000d0   Code   RO         3601    i.prvAddNewTaskToReadyList  tasks.o
    0x0800358c   0x0800358c   0x00000026   Code   RO         3282    i.prvCopyDataFromQueue  queue.o
    0x080035b2   0x080035b2   0x0000006c   Code   RO         3283    i.prvCopyDataToQueue  queue.o
    0x0800361e   0x0800361e   0x00000034   Code   RO         3602    i.prvDeleteTCB      tasks.o
    0x08003652   0x08003652   0x00000002   PAD
    0x08003654   0x08003654   0x0000004c   Code   RO         4273    i.prvHeapInit       heap_4.o
    0x080036a0   0x080036a0   0x00000060   Code   RO         3603    i.prvIdleTask       tasks.o
    0x08003700   0x08003700   0x00000016   Code   RO         3285    i.prvInitialiseNewQueue  queue.o
    0x08003716   0x08003716   0x0000008e   Code   RO         3604    i.prvInitialiseNewTask  tasks.o
    0x080037a4   0x080037a4   0x0000004c   Code   RO         4274    i.prvInsertBlockIntoFreeList  heap_4.o
    0x080037f0   0x080037f0   0x0000001c   Code   RO         3286    i.prvIsQueueEmpty   queue.o
    0x0800380c   0x0800380c   0x00000020   Code   RO         3605    i.prvResetNextTaskUnblockTime  tasks.o
    0x0800382c   0x0800382c   0x00000028   Code   RO         4336    i.prvTaskExitError  port.o
    0x08003854   0x08003854   0x00000034   Code   RO         3606    i.prvTaskIsTaskSuspended  tasks.o
    0x08003888   0x08003888   0x0000006a   Code   RO         3287    i.prvUnlockQueue    queue.o
    0x080038f2   0x080038f2   0x00000002   PAD
    0x080038f4   0x080038f4   0x000000d8   Code   RO         4275    i.pvPortMalloc      heap_4.o
    0x080039cc   0x080039cc   0x00000024   Code   RO         4337    i.pxPortInitialiseStack  port.o
    0x080039f0   0x080039f0   0x00000026   Code   RO         3242    i.uxListRemove      list.o
    0x08003a16   0x08003a16   0x00000002   PAD
    0x08003a18   0x08003a18   0x00000014   Code   RO          402    i.vApplicationGetIdleTaskMemory  freertos.o
    0x08003a2c   0x08003a2c   0x00000016   Code   RO         3243    i.vListInitialise   list.o
    0x08003a42   0x08003a42   0x00000006   Code   RO         3244    i.vListInitialiseItem  list.o
    0x08003a48   0x08003a48   0x00000030   Code   RO         3245    i.vListInsert       list.o
    0x08003a78   0x08003a78   0x00000018   Code   RO         3246    i.vListInsertEnd    list.o
    0x08003a90   0x08003a90   0x00000040   Code   RO         4339    i.vPortEnterCritical  port.o
    0x08003ad0   0x08003ad0   0x00000028   Code   RO         4340    i.vPortExitCritical  port.o
    0x08003af8   0x08003af8   0x0000005c   Code   RO         4276    i.vPortFree         heap_4.o
    0x08003b54   0x08003b54   0x00000024   Code   RO         4341    i.vPortSetupTimerInterrupt  port.o
    0x08003b78   0x08003b78   0x00000054   Code   RO         4342    i.vPortValidateInterruptPriority  port.o
    0x08003bcc   0x08003bcc   0x0000004c   Code   RO         3613    i.vTaskDelay        tasks.o
    0x08003c18   0x08003c18   0x00000010   Code   RO         3616    i.vTaskInternalSetTimeOutState  tasks.o
    0x08003c28   0x08003c28   0x0000000c   Code   RO         3617    i.vTaskMissedYield  tasks.o
    0x08003c34   0x08003c34   0x00000030   Code   RO         3619    i.vTaskPlaceOnEventList  tasks.o
    0x08003c64   0x08003c64   0x0000006c   Code   RO         3626    i.vTaskStartScheduler  tasks.o
    0x08003cd0   0x08003cd0   0x000000bc   Code   RO         3627    i.vTaskSuspend      tasks.o
    0x08003d8c   0x08003d8c   0x00000010   Code   RO         3628    i.vTaskSuspendAll   tasks.o
    0x08003d9c   0x08003d9c   0x0000005c   Code   RO         3629    i.vTaskSwitchContext  tasks.o
    0x08003df8   0x08003df8   0x000000a8   Code   RO         4343    i.xPortStartScheduler  port.o
    0x08003ea0   0x08003ea0   0x00000048   Code   RO         3296    i.xQueueGenericCreate  queue.o
    0x08003ee8   0x08003ee8   0x00000088   Code   RO         3298    i.xQueueGenericReset  queue.o
    0x08003f70   0x08003f70   0x00000160   Code   RO         3299    i.xQueueGenericSend  queue.o
    0x080040d0   0x080040d0   0x000000bc   Code   RO         3300    i.xQueueGenericSendFromISR  queue.o
    0x0800418c   0x0800418c   0x00000138   Code   RO         3306    i.xQueueReceive     queue.o
    0x080042c4   0x080042c4   0x0000009a   Code   RO         3307    i.xQueueReceiveFromISR  queue.o
    0x0800435e   0x0800435e   0x00000002   PAD
    0x08004360   0x08004360   0x00000074   Code   RO         3630    i.xTaskCheckForTimeOut  tasks.o
    0x080043d4   0x080043d4   0x0000005a   Code   RO         3631    i.xTaskCreate       tasks.o
    0x0800442e   0x0800442e   0x00000056   Code   RO         3632    i.xTaskCreateStatic  tasks.o
    0x08004484   0x08004484   0x0000001c   Code   RO         3636    i.xTaskGetSchedulerState  tasks.o
    0x080044a0   0x080044a0   0x0000000c   Code   RO         3637    i.xTaskGetTickCount  tasks.o
    0x080044ac   0x080044ac   0x000000c8   Code   RO         3639    i.xTaskIncrementTick  tasks.o
    0x08004574   0x08004574   0x00000098   Code   RO         3642    i.xTaskPriorityDisinherit  tasks.o
    0x0800460c   0x0800460c   0x00000074   Code   RO         3644    i.xTaskRemoveFromEventList  tasks.o
    0x08004680   0x08004680   0x000000c4   Code   RO         3645    i.xTaskResumeAll    tasks.o
    0x08004744   0x08004744   0x00000088   Code   RO         3646    i.xTaskResumeFromISR  tasks.o
    0x080047cc   0x080047cc   0x00000010   Code   RO         4703    x$fpl$dcheck1       fz_ws.l(dcheck1.o)
    0x080047dc   0x080047dc   0x0000005a   Code   RO         4606    x$fpl$dfixu         fz_ws.l(dfixu.o)
    0x08004836   0x08004836   0x00000026   Code   RO         4610    x$fpl$dfltu         fz_ws.l(dflt_clz.o)
    0x0800485c   0x0800485c   0x00000154   Code   RO         4616    x$fpl$dmul          fz_ws.l(dmul.o)
    0x080049b0   0x080049b0   0x0000009c   Code   RO         4705    x$fpl$dnaninf       fz_ws.l(dnaninf.o)
    0x08004a4c   0x08004a4c   0x0000000c   Code   RO         4707    x$fpl$dretinf       fz_ws.l(dretinf.o)
    0x08004a58   0x08004a58   0x00000036   Code   RO         4618    x$fpl$ffix          fz_ws.l(ffix.o)
    0x08004a8e   0x08004a8e   0x00000002   PAD
    0x08004a90   0x08004a90   0x0000003e   Code   RO         4622    x$fpl$ffixu         fz_ws.l(ffixu.o)
    0x08004ace   0x08004ace   0x00000002   PAD
    0x08004ad0   0x08004ad0   0x00000026   Code   RO         4626    x$fpl$ffltu         fz_ws.l(fflt_clz.o)
    0x08004af6   0x08004af6   0x0000008c   Code   RO         4709    x$fpl$fnaninf       fz_ws.l(fnaninf.o)
    0x08004b82   0x08004b82   0x00000064   Code   RO         4750    x$fpl$retnan        fz_ws.l(retnan.o)
    0x08004be6   0x08004be6   0x0000005c   Code   RO         4632    x$fpl$scalbn        fz_ws.l(scalbn.o)
    0x08004c42   0x08004c42   0x00000030   Code   RO         4801    x$fpl$trapveneer    fz_ws.l(trapv.o)
    0x08004c72   0x08004c72   0x00000000   Code   RO         4719    x$fpl$usenofp       fz_ws.l(usenofp.o)
    0x08004c72   0x08004c72   0x00000002   PAD
    0x08004c74   0x08004c74   0x000000e8   Data   RO           50    .constdata          main.o
    0x08004d5c   0x08004d5c   0x00000010   Data   RO         3102    .constdata          system_stm32f1xx.o
    0x08004d6c   0x08004d6c   0x00000008   Data   RO         3103    .constdata          system_stm32f1xx.o
    0x08004d74   0x08004d74   0x00000011   Data   RO         4586    .constdata          c_w.l(__printf_flags_ss_wp.o)
    0x08004d85   0x08004d85   0x00000003   PAD
    0x08004d88   0x08004d88   0x000000a8   Data   RO           51    .conststring        main.o
    0x08004e30   0x08004e30   0x00000020   Data   RO         4937    Region$$Table       anon$$obj.o


    Execution Region RW_IRAM1 (Exec base: 0x20000000, Load base: 0x08004e50, Size: 0x00003640, Max: 0x00005000, ABSOLUTE, COMPRESSED[0x00000010])

    Exec Addr    Load Addr    Size         Type   Attr      Idx    E Section Name        Object

    0x20000000   COMPRESSED   0x000000bc   Data   RW           52    .data               main.o
    0x200000bc   COMPRESSED   0x0000000c   Data   RW          802    .data               stm32f1xx_hal.o
    0x200000c8   COMPRESSED   0x00000004   Data   RW         3104    .data               system_stm32f1xx.o
    0x200000cc   COMPRESSED   0x0000003c   Data   RW         3648    .data               tasks.o
    0x20000108   COMPRESSED   0x00000018   Data   RW         4281    .data               heap_4.o
    0x20000120   COMPRESSED   0x0000000c   Data   RW         4344    .data               port.o
    0x2000012c        -       0x000002e0   Zero   RW           46    .bss                main.o
    0x2000040c        -       0x00000044   Zero   RW           49    .bss                main.o
    0x20000450        -       0x00000254   Zero   RW          403    .bss                freertos.o
    0x200006a4        -       0x00000048   Zero   RW          705    .bss                stm32f1xx_hal_timebase_tim.o
    0x200006ec        -       0x000000f0   Zero   RW         3647    .bss                tasks.o
    0x200007dc        -       0x00002800   Zero   RW         4280    .bss                heap_4.o
    0x20002fdc        -       0x00000060   Zero   RW         4806    .bss                c_w.l(libspace.o)
    0x2000303c   COMPRESSED   0x00000004   PAD
    0x20003040        -       0x00000200   Zero   RW            2    HEAP                startup_stm32f103xb.o
    0x20003240        -       0x00000400   Zero   RW            1    STACK               startup_stm32f103xb.o


==============================================================================

Image component sizes


      Code (inc. data)   RO Data    RW Data    ZI Data      Debug   Object Name

       732          8          0          0          0      35167   cmsis_os.o
         0          0          0          0          0      20688   event_groups.o
        20          4          0          0        596     437984   freertos.o
       460         24          0         24      10240       7255   heap_4.o
       138          0          0          0          0       3414   list.o
      3396        264        400        188        804     474170   main.o
       662         70          0         12          0      11197   port.o
      1516         14          0          0          0      16397   queue.o
        64         26        236          0       1536        812   startup_stm32f103xb.o
        48         10          0         12          0       4172   stm32f1xx_hal.o
       158         14          0          0          0      28202   stm32f1xx_hal_cortex.o
       808         36          0          0          0       5006   stm32f1xx_hal_dma.o
       500         34          0          0          0       3527   stm32f1xx_hal_gpio.o
       480         52          0          0          0       2564   stm32f1xx_hal_msp.o
      1336        110          0          0          0       5841   stm32f1xx_hal_rcc.o
      1846         64          0          0          0      15961   stm32f1xx_hal_tim.o
       108         12          0          0          0       2385   stm32f1xx_hal_tim_ex.o
       152         18          0          0         72       1491   stm32f1xx_hal_timebase_tim.o
      1640         38          0          0          0      14095   stm32f1xx_hal_uart.o
       120         54          0          0          0       6589   stm32f1xx_it.o
         0          0          0          0          0        392   stream_buffer.o
         2          0         24          4          0       1127   system_stm32f1xx.o
      2382        180          0         60        240      24886   tasks.o

    ----------------------------------------------------------------------
     16604       1032        692        300      13488    1123322   Object Totals
         0          0         32          0          0          0   (incl. Generated)
        36          0          0          0          0          0   (incl. Padding)

    ----------------------------------------------------------------------

      Code (inc. data)   RO Data    RW Data    ZI Data      Debug   Library Member Name

        44          6          0          0          0         84   __2sprintf.o
        90          0          0          0          0          0   __dczerorl2.o
         8          0          0          0          0         68   __main.o
       392          4         17          0          0         92   __printf_flags_ss_wp.o
        14          0          0          0          0         68   __printf_wp.o
         0          0          0          0          0          0   __rtentry.o
        12          0          0          0          0          0   __rtentry2.o
         6          0          0          0          0          0   __rtentry4.o
        52          8          0          0          0          0   __scatter.o
        28          0          0          0          0          0   __scatter_zi.o
        48          6          0          0          0         96   _printf_char_common.o
         6          0          0          0          0          0   _printf_d.o
       120         16          0          0          0         92   _printf_dec.o
       178          0          0          0          0         88   _printf_intcommon.o
         0          0          0          0          0          0   _printf_percent.o
         4          0          0          0          0          0   _printf_percent_end.o
        10          0          0          0          0         68   _sputc.o
        18          0          0          0          0         80   exit.o
         6          0          0          0          0        152   heapauxi.o
         0          0          0          0          0          0   indicate_semi.o
         2          0          0          0          0          0   libinit.o
         2          0          0          0          0          0   libinit2.o
         2          0          0          0          0          0   libshutdown.o
         2          0          0          0          0          0   libshutdown2.o
         8          4          0          0         96         68   libspace.o
        68          0          0          0          0         68   rt_memclr.o
        78          0          0          0          0         80   rt_memclr_w.o
       138          0          0          0          0         68   rt_memcpy_v6.o
       100          0          0          0          0         80   rt_memcpy_w.o
         2          0          0          0          0          0   rtexit.o
        10          0          0          0          0          0   rtexit2.o
        12          4          0          0          0         68   sys_exit.o
        74          0          0          0          0         80   sys_stackheap_outer.o
         2          0          0          0          0         68   use_no_semi.o
        16          4          0          0          0         68   dcheck1.o
        90          4          0          0          0         92   dfixu.o
        38          0          0          0          0         68   dflt_clz.o
       340         12          0          0          0        104   dmul.o
       156          4          0          0          0         92   dnaninf.o
        12          0          0          0          0         68   dretinf.o
        54          4          0          0          0         84   ffix.o
        62          4          0          0          0         84   ffixu.o
        38          0          0          0          0         68   fflt_clz.o
       140          4          0          0          0         84   fnaninf.o
       100          0          0          0          0         68   retnan.o
        92          0          0          0          0         68   scalbn.o
        48          0          0          0          0         68   trapv.o
         0          0          0          0          0          0   usenofp.o

    ----------------------------------------------------------------------
      2732         84         20          0        100       2484   Library Totals
        10          0          3          0          4          0   (incl. Padding)

    ----------------------------------------------------------------------

      Code (inc. data)   RO Data    RW Data    ZI Data      Debug   Library Name

      1536         48         17          0         96       1468   c_w.l
      1186         36          0          0          0       1016   fz_ws.l

    ----------------------------------------------------------------------
      2732         84         20          0        100       2484   Library Totals

    ----------------------------------------------------------------------

==============================================================================


      Code (inc. data)   RO Data    RW Data    ZI Data      Debug   

     19336       1116        712        300      13588    1115402   Grand Totals
     19336       1116        712         16      13588    1115402   ELF Image Totals (compressed)
     19336       1116        712         16          0          0   ROM Totals

==============================================================================

    Total RO  Size (Code + RO Data)                20048 (  19.58kB)
    Total RW  Size (RW Data + ZI Data)             13888 (  13.56kB)
    Total ROM Size (Code + RO Data + RW Data)      20064 (  19.59kB)

==============================================================================

