Component: ARM Compiler 5.06 update 6 (build 750) Tool: armlink [4d35ed]

==============================================================================

Section Cross References

    startup_stm32f103xb.o(STACK) refers (Special) to heapauxi.o(.text) for __use_two_region_memory
    startup_stm32f103xb.o(HEAP) refers (Special) to heapauxi.o(.text) for __use_two_region_memory
    startup_stm32f103xb.o(RESET) refers (Special) to heapauxi.o(.text) for __use_two_region_memory
    startup_stm32f103xb.o(RESET) refers to startup_stm32f103xb.o(STACK) for __initial_sp
    startup_stm32f103xb.o(RESET) refers to startup_stm32f103xb.o(.text) for Reset_Handler
    startup_stm32f103xb.o(RESET) refers to stm32f1xx_it.o(i.NMI_Handler) for NMI_Handler
    startup_stm32f103xb.o(RESET) refers to stm32f1xx_it.o(i.HardFault_Handler) for HardFault_Handler
    startup_stm32f103xb.o(RESET) refers to stm32f1xx_it.o(i.MemManage_Handler) for MemManage_Handler
    startup_stm32f103xb.o(RESET) refers to stm32f1xx_it.o(i.BusFault_Handler) for BusFault_Handler
    startup_stm32f103xb.o(RESET) refers to stm32f1xx_it.o(i.UsageFault_Handler) for UsageFault_Handler
    startup_stm32f103xb.o(RESET) refers to port.o(.emb_text) for SVC_Handler
    startup_stm32f103xb.o(RESET) refers to stm32f1xx_it.o(i.DebugMon_Handler) for DebugMon_Handler
    startup_stm32f103xb.o(RESET) refers to port.o(i.SysTick_Handler) for SysTick_Handler
    startup_stm32f103xb.o(RESET) refers to stm32f1xx_it.o(i.DMA1_Channel4_IRQHandler) for DMA1_Channel4_IRQHandler
    startup_stm32f103xb.o(RESET) refers to stm32f1xx_it.o(i.DMA1_Channel5_IRQHandler) for DMA1_Channel5_IRQHandler
    startup_stm32f103xb.o(RESET) refers to stm32f1xx_it.o(i.TIM1_BRK_IRQHandler) for TIM1_BRK_IRQHandler
    startup_stm32f103xb.o(RESET) refers to stm32f1xx_it.o(i.TIM1_UP_IRQHandler) for TIM1_UP_IRQHandler
    startup_stm32f103xb.o(RESET) refers to stm32f1xx_it.o(i.TIM1_TRG_COM_IRQHandler) for TIM1_TRG_COM_IRQHandler
    startup_stm32f103xb.o(RESET) refers to stm32f1xx_it.o(i.TIM1_CC_IRQHandler) for TIM1_CC_IRQHandler
    startup_stm32f103xb.o(RESET) refers to stm32f1xx_it.o(i.TIM3_IRQHandler) for TIM3_IRQHandler
    startup_stm32f103xb.o(RESET) refers to stm32f1xx_it.o(i.USART1_IRQHandler) for USART1_IRQHandler
    startup_stm32f103xb.o(.text) refers (Special) to heapauxi.o(.text) for __use_two_region_memory
    startup_stm32f103xb.o(.text) refers to system_stm32f1xx.o(i.SystemInit) for SystemInit
    startup_stm32f103xb.o(.text) refers to __main.o(!!!main) for __main
    startup_stm32f103xb.o(.text) refers to startup_stm32f103xb.o(HEAP) for Heap_Mem
    startup_stm32f103xb.o(.text) refers to startup_stm32f103xb.o(STACK) for Stack_Mem
    main.o(i.ButtonTask) refers to cmsis_os.o(i.osMailAlloc) for osMailAlloc
    main.o(i.ButtonTask) refers to tasks.o(i.vTaskSuspend) for vTaskSuspend
    main.o(i.ButtonTask) refers to stm32f1xx_hal_gpio.o(i.HAL_GPIO_WritePin) for HAL_GPIO_WritePin
    main.o(i.ButtonTask) refers to cmsis_os.o(i.osMailPut) for osMailPut
    main.o(i.ButtonTask) refers to main.o(.data) for .data
    main.o(i.DHT11_Check_Response) refers to main.o(i.delay_us) for delay_us
    main.o(i.DHT11_Check_Response) refers to stm32f1xx_hal_gpio.o(i.HAL_GPIO_ReadPin) for HAL_GPIO_ReadPin
    main.o(i.DHT11_Read) refers to stm32f1xx_hal_gpio.o(i.HAL_GPIO_ReadPin) for HAL_GPIO_ReadPin
    main.o(i.DHT11_Read) refers to main.o(i.delay_us) for delay_us
    main.o(i.DHT11_Start) refers to main.o(i.Set_Pin_Output) for Set_Pin_Output
    main.o(i.DHT11_Start) refers to stm32f1xx_hal_gpio.o(i.HAL_GPIO_WritePin) for HAL_GPIO_WritePin
    main.o(i.DHT11_Start) refers to main.o(i.delay_us) for delay_us
    main.o(i.DHT11_Start) refers to main.o(i.Set_Pin_Input) for Set_Pin_Input
    main.o(i.DHTTask) refers to cmsis_os.o(i.osMailAlloc) for osMailAlloc
    main.o(i.DHTTask) refers to tasks.o(i.xTaskGetTickCount) for xTaskGetTickCount
    main.o(i.DHTTask) refers to main.o(i.Read_DHT11_Sensor) for Read_DHT11_Sensor
    main.o(i.DHTTask) refers to ffixu.o(x$fpl$ffixu) for __aeabi_f2uiz
    main.o(i.DHTTask) refers to cmsis_os.o(i.osMailPut) for osMailPut
    main.o(i.DHTTask) refers to cmsis_os.o(i.osDelay) for osDelay
    main.o(i.DHTTask) refers to main.o(.data) for .data
    main.o(i.HAL_GPIO_EXTI_Callback) refers to tasks.o(i.xTaskResumeFromISR) for xTaskResumeFromISR
    main.o(i.HAL_GPIO_EXTI_Callback) refers to main.o(.data) for .data
    main.o(i.HAL_TIM_IC_CaptureCallback) refers to stm32f1xx_hal_tim.o(i.HAL_TIM_ReadCapturedValue) for HAL_TIM_ReadCapturedValue
    main.o(i.HAL_TIM_IC_CaptureCallback) refers to dflt_clz.o(x$fpl$dfltu) for __aeabi_ui2d
    main.o(i.HAL_TIM_IC_CaptureCallback) refers to dmul.o(x$fpl$dmul) for __aeabi_dmul
    main.o(i.HAL_TIM_IC_CaptureCallback) refers to scalbn.o(x$fpl$scalbn) for __ARM_scalbn
    main.o(i.HAL_TIM_IC_CaptureCallback) refers to dfixu.o(x$fpl$dfixu) for __aeabi_d2uiz
    main.o(i.HAL_TIM_IC_CaptureCallback) refers to main.o(.data) for .data
[...]
    i.prvCopyDataFromQueue                   0x08003c34   Section        0  queue.o(i.prvCopyDataFromQueue)
    prvCopyDataFromQueue                     0x08003c35   Thumb Code    38  queue.o(i.prvCopyDataFromQueue)
    i.prvCopyDataToQueue                     0x08003c5a   Section        0  queue.o(i.prvCopyDataToQueue)
    prvCopyDataToQueue                       0x08003c5b   Thumb Code   108  queue.o(i.prvCopyDataToQueue)
    i.prvDeleteTCB                           0x08003cc6   Section        0  tasks.o(i.prvDeleteTCB)
    prvDeleteTCB                             0x08003cc7   Thumb Code    52  tasks.o(i.prvDeleteTCB)
    i.prvHeapInit                            0x08003cfc   Section        0  heap_4.o(i.prvHeapInit)
    prvHeapInit                              0x08003cfd   Thumb Code    66  heap_4.o(i.prvHeapInit)
    i.prvIdleTask                            0x08003d48   Section        0  tasks.o(i.prvIdleTask)
    prvIdleTask                              0x08003d49   Thumb Code    82  tasks.o(i.prvIdleTask)
    i.prvInitialiseNewQueue                  0x08003da8   Section        0  queue.o(i.prvInitialiseNewQueue)
    prvInitialiseNewQueue                    0x08003da9   Thumb Code    22  queue.o(i.prvInitialiseNewQueue)
    i.prvInitialiseNewTask                   0x08003dbe   Section        0  tasks.o(i.prvInitialiseNewTask)
    prvInitialiseNewTask                     0x08003dbf   Thumb Code   142  tasks.o(i.prvInitialiseNewTask)
    i.prvInsertBlockIntoFreeList             0x08003e4c   Section        0  heap_4.o(i.prvInsertBlockIntoFreeList)
    prvInsertBlockIntoFreeList               0x08003e4d   Thumb Code    72  heap_4.o(i.prvInsertBlockIntoFreeList)
    i.prvIsQueueEmpty                        0x08003e98   Section        0  queue.o(i.prvIsQueueEmpty)
    prvIsQueueEmpty                          0x08003e99   Thumb Code    28  queue.o(i.prvIsQueueEmpty)
    i.prvResetNextTaskUnblockTime            0x08003eb4   Section        0  tasks.o(i.prvResetNextTaskUnblockTime)
    prvResetNextTaskUnblockTime              0x08003eb5   Thumb Code    26  tasks.o(i.prvResetNextTaskUnblockTime)
    i.prvTaskExitError                       0x08003ed4   Section        0  port.o(i.prvTaskExitError)
    prvTaskExitError                         0x08003ed5   Thumb Code    36  port.o(i.prvTaskExitError)
    i.prvTaskIsTaskSuspended                 0x08003efc   Section        0  tasks.o(i.prvTaskIsTaskSuspended)
    prvTaskIsTaskSuspended                   0x08003efd   Thumb Code    48  tasks.o(i.prvTaskIsTaskSuspended)
    i.prvUnlockQueue                         0x08003f30   Section        0  queue.o(i.prvUnlockQueue)
    prvUnlockQueue                           0x08003f31   Thumb Code   106  queue.o(i.prvUnlockQueue)
    i.pvPortMalloc                           0x08003f9c   Section        0  heap_4.o(i.pvPortMalloc)
    i.pxPortInitialiseStack                  0x08004074   Section        0  port.o(i.pxPortInitialiseStack)
    i.uxListRemove                           0x08004098   Section        0  list.o(i.uxListRemove)
    i.vApplicationGetIdleTaskMemory          0x080040c0   Section        0  freertos.o(i.vApplicationGetIdleTaskMemory)
    i.vListInitialise                        0x080040d4   Section        0  list.o(i.vListInitialise)
    i.vListInitialiseItem                    0x080040ea   Section        0  list.o(i.vListInitialiseItem)
    i.vListInsert                            0x080040f0   Section        0  list.o(i.vListInsert)
    i.vListInsertEnd                         0x08004120   Section        0  list.o(i.vListInsertEnd)
    i.vPortEnterCritical                     0x08004138   Section        0  port.o(i.vPortEnterCritical)
    i.vPortExitCritical                      0x08004178   Section        0  port.o(i.vPortExitCritical)
    i.vPortFree                              0x080041a0   Section        0  heap_4.o(i.vPortFree)
    i.vPortSetupTimerInterrupt               0x080041fc   Section        0  port.o(i.vPortSetupTimerInterrupt)
    i.vPortValidateInterruptPriority         0x08004220   Section        0  port.o(i.vPortValidateInterruptPriority)
    i.vTaskDelay                             0x08004274   Section        0  tasks.o(i.vTaskDelay)
    i.vTaskInternalSetTimeOutState           0x080042c0   Section        0  tasks.o(i.vTaskInternalSetTimeOutState)
    i.vTaskMissedYield                       0x080042d0   Section        0  tasks.o(i.vTaskMissedYield)
    i.vTaskPlaceOnEventList                  0x080042dc   Section        0  tasks.o(i.vTaskPlaceOnEventList)
    i.vTaskStartScheduler                    0x0800430c   Section        0  tasks.o(i.vTaskStartScheduler)
    i.vTaskSuspend                           0x08004378   Section        0  tasks.o(i.vTaskSuspend)
    i.vTaskSuspendAll                        0x08004434   Section        0  tasks.o(i.vTaskSuspendAll)
    i.vTaskSwitchContext                     0x08004444   Section        0  tasks.o(i.vTaskSwitchContext)
    i.xPortStartScheduler                    0x080044a0   Section        0  port.o(i.xPortStartScheduler)
    i.xQueueGenericCreate                    0x08004548   Section        0  queue.o(i.xQueueGenericCreate)
    i.xQueueGenericReset                     0x08004590   Section        0  queue.o(i.xQueueGenericReset)
    i.xQueueGenericSend                      0x08004618   Section        0  queue.o(i.xQueueGenericSend)
    i.xQueueGenericSendFromISR               0x08004778   Section        0  queue.o(i.xQueueGenericSendFromISR)
    i.xQueueReceive                          0x08004834   Section        0  queue.o(i.xQueueReceive)
    i.xQueueReceiveFromISR                   0x0800496c   Section        0  queue.o(i.xQueueReceiveFromISR)
    i.xTaskCheckForTimeOut                   0x08004a08   Section        0  tasks.o(i.xTaskCheckForTimeOut)
    i.xTaskCreate                            0x08004a7c   Section        0  tasks.o(i.xTaskCreate)
    i.xTaskCreateStatic                      0x08004ad6   Section        0  tasks.o(i.xTaskCreateStatic)
    i.xTaskGetSchedulerState                 0x08004b2c   Section        0  tasks.o(i.xTaskGetSchedulerState)
    i.xTaskGetTickCount                      0x08004b48   Section        0  tasks.o(i.xTaskGetTickCount)
    i.xTaskIncrementTick                     0x08004b54   Section        0  tasks.o(i.xTaskIncrementTick)
    i.xTaskPriorityDisinherit                0x08004c1c   Section        0  tasks.o(i.xTaskPriorityDisinherit)
    i.xTaskRemoveFromEventList               0x08004cb4   Section        0  tasks.o(i.xTaskRemoveFromEventList)
    i.xTaskResumeAll                         0x08004d28   Section        0  tasks.o(i.xTaskResumeAll)
    i.xTaskResumeFromISR                     0x08004dec   Section        0  tasks.o(i.xTaskResumeFromISR)
    x$fpl$dcheck1                            0x08004e74   Section       16  dcheck1.o(x$fpl$dcheck1)
    x$fpl$dfixu                              0x08004e84   Section       90  dfixu.o(x$fpl$dfixu)
    x$fpl$dfltu                              0x08004ede   Section       38  dflt_clz.o(x$fpl$dfltu)
    x$fpl$dmul                               0x08004f04   Section      340  dmul.o(x$fpl$dmul)
    x$fpl$dnaninf                            0x08005058   Section      156  dnaninf.o(x$fpl$dnaninf)
    x$fpl$dretinf                            0x080050f4   Section       12  dretinf.o(x$fpl$dretinf)
    x$fpl$ffixu                              0x08005100   Section       62  ffixu.o(x$fpl$ffixu)
    x$fpl$ffltu                              0x08005140   Section       38  fflt_clz.o(x$fpl$ffltu)
    x$fpl$fnaninf                            0x08005166   Section      140  fnaninf.o(x$fpl$fnaninf)
    x$fpl$retnan                             0x080051f2   Section      100  retnan.o(x$fpl$retnan)
    x$fpl$scalbn                             0x08005256   Section       92  scalbn.o(x$fpl$scalbn)
    x$fpl$trapveneer                         0x080052b2   Section       48  trapv.o(x$fpl$trapveneer)
    x$fpl$usenofp                            0x080052e2   Section        0  usenofp.o(x$fpl$usenofp)
    .constdata                               0x080052e4   Section      232  main.o(.constdata)
    .constdata                               0x080053cc   Section       16  system_stm32f1xx.o(.constdata)
    .constdata                               0x080053dc   Section        8  system_stm32f1xx.o(.constdata)
    .conststring                             0x080053e4   Section      100  main.o(.conststring)
    .data                                    0x20000000   Section      132  main.o(.data)
    .data                                    0x20000084   Section       12  stm32f1xx_hal.o(.data)
    .data                                    0x20000090   Section        4  system_stm32f1xx.o(.data)
    .data                                    0x20000094   Section       60  tasks.o(.data)
    pxDelayedTaskList                        0x20000098   Data           4  tasks.o(.data)
    pxOverflowDelayedTaskList                0x2000009c   Data           4  tasks.o(.data)
    uxDeletedTasksWaitingCleanUp             0x200000a0   Data           4  tasks.o(.data)
    uxCurrentNumberOfTasks                   0x200000a4   Data           4  tasks.o(.data)
    xTickCount                               0x200000a8   Data           4  tasks.o(.data)
    uxTopReadyPriority                       0x200000ac   Data           4  tasks.o(.data)
    xSchedulerRunning                        0x200000b0   Data           4  tasks.o(.data)
    uxPendedTicks                            0x200000b4   Data           4  tasks.o(.data)
    xYieldPending                            0x200000b8   Data           4  tasks.o(.data)
    xNumOfOverflows                          0x200000bc   Data           4  tasks.o(.data)
    uxTaskNumber                             0x200000c0   Data           4  tasks.o(.data)
    xNextTaskUnblockTime                     0x200000c4   Data           4  tasks.o(.data)
    xIdleTaskHandle                          0x200000c8   Data           4  tasks.o(.data)
    uxSchedulerSuspended                     0x200000cc   Data           4  tasks.o(.data)
    .data                                    0x200000d0   Section       24  heap_4.o(.data)
    pxEnd                                    0x200000d0   Data           4  heap_4.o(.data)
    xFreeBytesRemaining                      0x200000d4   Data           4  heap_4.o(.data)
    xMinimumEverFreeBytesRemaining           0x200000d8   Data           4  heap_4.o(.data)
    xBlockAllocatedBit                       0x200000dc   Data           4  heap_4.o(.data)
    xStart                                   0x200000e0   Data           8  heap_4.o(.data)
    .data                                    0x200000e8   Section       12  port.o(.data)
    ucMaxSysCallPriority                     0x200000e8   Data           1  port.o(.data)
    uxCriticalNesting                        0x200000ec   Data           4  port.o(.data)
    ulMaxPRIGROUPValue                       0x200000f0   Data           4  port.o(.data)
    .bss                                     0x200000f4   Section      396  main.o(.bss)
    .bss                                     0x20000280   Section       68  main.o(.bss)
    .bss                                     0x200002c4   Section      596  freertos.o(.bss)
    xIdleTaskTCBBuffer                       0x200002c4   Data          84  freertos.o(.bss)
    xIdleStack                               0x20000318   Data         512  freertos.o(.bss)
    .bss                                     0x20000518   Section       72  stm32f1xx_hal_timebase_tim.o(.bss)
    .bss                                     0x20000560   Section      240  tasks.o(.bss)
    pxReadyTasksLists                        0x20000560   Data         140  tasks.o(.bss)
    xDelayedTaskList1                        0x200005ec   Data          20  tasks.o(.bss)
    xDelayedTaskList2                        0x20000600   Data          20  tasks.o(.bss)
    xPendingReadyList                        0x20000614   Data          20  tasks.o(.bss)
    xTasksWaitingTermination                 0x20000628   Data          20  tasks.o(.bss)
    xSuspendedTaskList                       0x2000063c   Data          20  tasks.o(.bss)
    .bss                                     0x20000650   Section    10240  heap_4.o(.bss)
    ucHeap                                   0x20000650   Data       10240  heap_4.o(.bss)
    .bss                                     0x20002e50   Section       96  libspace.o(.bss)
    HEAP                                     0x20002eb0   Section      512  startup_stm32f103xb.o(HEAP)
    Heap_Mem                                 0x20002eb0   Data         512  startup_stm32f103xb.o(HEAP)
    STACK                                    0x200030b0   Section     1024  startup_stm32f103xb.o(STACK)
    Stack_Mem                                0x200030b0   Data        1024  startup_stm32f103xb.o(STACK)
    __initial_sp                             0x200034b0   Data           0  startup_stm32f103xb.o(STACK)

    Global Symbols

    Symbol Name                              Value     Ov Type        Size  Object(Section)

    BuildAttributes$$THM_ISAv4$P$D$K$B$S$PE$A:L22UL41UL21$X:L11$S22US41US21$IEEE1$IW$USESV6$~STKCKD$USESV7$~SHL$OSPACE$ROPI$EBA8$UX$STANDARDLIB$REQ8$PRES8$EABIv2 0x00000000   Number         0  anon$$obj.o ABSOLUTE
    __ARM_use_no_argv                        0x00000000   Number         0  main.o ABSOLUTE
    __ARM_exceptions_init                     - Undefined Weak Reference
    __alloca_initialize                       - Undefined Weak Reference
    __arm_preinit_                            - Undefined Weak Reference
    __cpp_initialize__aeabi_                  - Undefined Weak Reference
    __cxa_finalize                            - Undefined Weak Reference
    __rt_locale                               - Undefined Weak Reference
    __sigvec_lookup                           - Undefined Weak Reference
    _atexit_init                              - Undefined Weak Reference
    _call_atexit_fns                          - Undefined Weak Reference
    _clock_init                               - Undefined Weak Reference
    _fp_trap_init                             - Undefined Weak Reference
    _fp_trap_shutdown                         - Undefined Weak Reference
    _get_lc_collate                           - Undefined Weak Reference
    _get_lc_ctype                             - Undefined Weak Reference
    _get_lc_monetary                          - Undefined Weak Reference
    _get_lc_numeric                           - Undefined Weak Reference
    _get_lc_time                              - Undefined Weak Reference
    _getenv_init                              - Undefined Weak Reference
    _handle_redirection                       - Undefined Weak Reference
    _init_alloc                               - Undefined Weak Reference
    _init_user_alloc                          - Undefined Weak Reference
    _initio                                   - Undefined Weak Reference
    _printf_post_padding                      - Undefined Weak Reference
    _printf_pre_padding                       - Undefined Weak Reference
    _printf_truncate_signed                   - Undefined Weak Reference
    _printf_truncate_unsigned                 - Undefined Weak Reference
    _rand_init                                - Undefined Weak Reference
    _signal_finish                            - Undefined Weak Reference
    _signal_init                              - Undefined Weak Reference
    _terminate_alloc                          - Undefined Weak Reference
    _terminate_user_alloc                     - Undefined Weak Reference
    _terminateio                              - Undefined Weak Reference
    __Vectors_Size                           0x000000ec   Number         0  startup_stm32f103xb.o ABSOLUTE
    __Vectors                                0x08000000   Data           4  startup_stm32f103xb.o(RESET)
    __Vectors_End                            0x080000ec   Data           0  startup_stm32f103xb.o(RESET)
    __main                                   0x080000ed   Thumb Code     8  __main.o(!!!main)
    __scatterload                            0x080000f5   Thumb Code     0  __scatter.o(!!!scatter)
    __scatterload_rt2                        0x080000f5   Thumb Code    44  __scatter.o(!!!scatter)
    __scatterload_rt2_thumb_only             0x080000f5   Thumb Code     0  __scatter.o(!!!scatter)
    __scatterload_null                       0x08000103   Thumb Code     0  __scatter.o(!!!scatter)
    __scatterload_copy                       0x08000129   Thumb Code    26  __scatter_copy.o(!!handler_copy)
    __scatterload_zeroinit                   0x08000145   Thumb Code    28  __scatter_zi.o(!!handler_zi)
    _printf_d                                0x08000161   Thumb Code     0  _printf_d.o(.ARM.Collect$$_printf_percent$$00000009)
    _printf_percent                          0x08000161   Thumb Code     0  _printf_percent.o(.ARM.Collect$$_printf_percent$$00000000)
    _printf_percent_end                      0x08000167   Thumb Code     0  _printf_percent_end.o(.ARM.Collect$$_printf_percent$$00000017)
    __rt_lib_init                            0x0800016b   Thumb Code     0  libinit.o(.ARM.Collect$$libinit$$00000000)
    __rt_lib_init_alloca_1                   0x0800016d   Thumb Code     0  libinit2.o(.ARM.Collect$$libinit$$0000002E)
    __rt_lib_init_argv_1                     0x0800016d   Thumb Code     0  libinit2.o(.ARM.Collect$$libinit$$0000002C)
    __rt_lib_init_atexit_1                   0x0800016d   Thumb Code     0  libinit2.o(.ARM.Collect$$libinit$$0000001B)
    __rt_lib_init_clock_1                    0x0800016d   Thumb Code     0  libinit2.o(.ARM.Collect$$libinit$$00000021)
    __rt_lib_init_cpp_1                      0x0800016d   Thumb Code     0  libinit2.o(.ARM.Collect$$libinit$$00000032)
    __rt_lib_init_exceptions_1               0x0800016d   Thumb Code     0  libinit2.o(.ARM.Collect$$libinit$$00000030)
    __rt_lib_init_fp_1                       0x0800016d   Thumb Code     0  libinit2.o(.ARM.Collect$$libinit$$00000002)
    __rt_lib_init_fp_trap_1                  0x0800016d   Thumb Code     0  libinit2.o(.ARM.Collect$$libinit$$0000001F)
    __rt_lib_init_getenv_1                   0x0800016d   Thumb Code     0  libinit2.o(.ARM.Collect$$libinit$$00000023)
    __rt_lib_init_heap_1                     0x0800016d   Thumb Code     0  libinit2.o(.ARM.Collect$$libinit$$0000000A)
    __rt_lib_init_lc_collate_1               0x0800016d   Thumb Code     0  libinit2.o(.ARM.Collect$$libinit$$00000011)
    __rt_lib_init_lc_ctype_1                 0x0800016d   Thumb Code     0  libinit2.o(.ARM.Collect$$libinit$$00000013)
    __rt_lib_init_lc_monetary_1              0x0800016d   Thumb Code     0  libinit2.o(.ARM.Collect$$libinit$$00000015)
    __rt_lib_init_lc_numeric_1               0x0800016d   Thumb Code     0  libinit2.o(.ARM.Collect$$libinit$$00000017)
    __rt_lib_init_lc_time_1                  0x0800016d   Thumb Code     0  libinit2.o(.ARM.Collect$$libinit$$00000019)
    __rt_lib_init_preinit_1                  0x0800016d   Thumb Code     0  libinit2.o(.ARM.Collect$$libinit$$00000004)
    __rt_lib_init_rand_1                     0x0800016d   Thumb Code     0  libinit2.o(.ARM.Collect$$libinit$$0000000E)
    __rt_lib_init_return                     0x0800016d   Thumb Code     0  libinit2.o(.ARM.Collect$$libinit$$00000033)
    __rt_lib_init_signal_1                   0x0800016d   Thumb Code     0  libinit2.o(.ARM.Collect$$libinit$$0000001D)
    __rt_lib_init_stdio_1                    0x0800016d   Thumb Code     0  libinit2.o(.ARM.Collect$$libinit$$00000025)
    __rt_lib_init_user_alloc_1               0x0800016d   Thumb Code     0  libinit2.o(.ARM.Collect$$libinit$$0000000C)
    __rt_lib_shutdown                        0x0800016f   Thumb Code     0  libshutdown.o(.ARM.Collect$$libshutdown$$00000000)
    __rt_lib_shutdown_cpp_1                  0x08000171   Thumb Code     0  libshutdown2.o(.ARM.Collect$$libshutdown$$00000002)
    __rt_lib_shutdown_fp_trap_1              0x08000171   Thumb Code     0  libshutdown2.o(.ARM.Collect$$libshutdown$$00000007)
    __rt_lib_shutdown_heap_1                 0x08000171   Thumb Code     0  libshutdown2.o(.ARM.Collect$$libshutdown$$0000000F)
    __rt_lib_shutdown_return                 0x08000171   Thumb Code     0  libshutdown2.o(.ARM.Collect$$libshutdown$$00000010)
    __rt_lib_shutdown_signal_1               0x08000171   Thumb Code     0  libshutdown2.o(.ARM.Collect$$libshutdown$$0000000A)
    __rt_lib_shutdown_stdio_1                0x08000171   Thumb Code     0  libshutdown2.o(.ARM.Collect$$libshutdown$$00000004)
    __rt_lib_shutdown_user_alloc_1           0x08000171   Thumb Code     0  libshutdown2.o(.ARM.Collect$$libshutdown$$0000000C)
    __rt_entry                               0x08000173   Thumb Code     0  __rtentry.o(.ARM.Collect$$rtentry$$00000000)
    __rt_entry_presh_1                       0x08000173   Thumb Code     0  __rtentry2.o(.ARM.Collect$$rtentry$$00000002)
    __rt_entry_sh                            0x08000173   Thumb Code     0  __rtentry4.o(.ARM.Collect$$rtentry$$00000004)
    __rt_entry_li                            0x08000179   Thumb Code     0  __rtentry2.o(.ARM.Collect$$rtentry$$0000000A)
    __rt_entry_postsh_1                      0x08000179   Thumb Code     0  __rtentry2.o(.ARM.Collect$$rtentry$$00000009)
    __rt_entry_main                          0x0800017d   Thumb Code     0  __rtentry2.o(.ARM.Collect$$rtentry$$0000000D)
    __rt_entry_postli_1                      0x0800017d   Thumb Code     0  __rtentry2.o(.ARM.Collect$$rtentry$$0000000C)
    __rt_exit                                0x08000185   Thumb Code     0  rtexit.o(.ARM.Collect$$rtexit$$00000000)
    __rt_exit_ls                             0x08000187   Thumb Code     0  rtexit2.o(.ARM.Collect$$rtexit$$00000003)
    __rt_exit_prels_1                        0x08000187   Thumb Code     0  rtexit2.o(.ARM.Collect$$rtexit$$00000002)
    __rt_exit_exit                           0x0800018b   Thumb Code     0  rtexit2.o(.ARM.Collect$$rtexit$$00000004)
    SVC_Handler                              0x08000191   Thumb Code    32  port.o(.emb_text)
    __asm___6_port_c_39a90d8d__prvStartFirstTask 0x080001b5   Thumb Code    28  port.o(.emb_text)
    PendSV_Handler                           0x080001d5   Thumb Code    72  port.o(.emb_text)
    vPortGetIPSR                             0x08000221   Thumb Code     6  port.o(.emb_text)
    Reset_Handler                            0x08000229   Thumb Code     8  startup_stm32f103xb.o(.text)
    ADC1_2_IRQHandler                        0x08000243   Thumb Code     0  startup_stm32f103xb.o(.text)
    CAN1_RX1_IRQHandler                      0x08000243   Thumb Code     0  startup_stm32f103xb.o(.text)
    CAN1_SCE_IRQHandler                      0x08000243   Thumb Code     0  startup_stm32f103xb.o(.text)
    DMA1_Channel1_IRQHandler                 0x08000243   Thumb Code     0  startup_stm32f103xb.o(.text)
    DMA1_Channel2_IRQHandler                 0x08000243   Thumb Code     0  startup_stm32f103xb.o(.text)
    DMA1_Channel3_IRQHandler                 0x08000243   Thumb Code     0  startup_stm32f103xb.o(.text)
    DMA1_Channel6_IRQHandler                 0x08000243   Thumb Code     0  startup_stm32f103xb.o(.text)
    DMA1_Channel7_IRQHandler                 0x08000243   Thumb Code     0  startup_stm32f103xb.o(.text)
    EXTI0_IRQHandler                         0x08000243   Thumb Code     0  startup_stm32f103xb.o(.text)
    EXTI15_10_IRQHandler                     0x08000243   Thumb Code     0  startup_stm32f103xb.o(.text)
    EXTI1_IRQHandler                         0x08000243   Thumb Code     0  startup_stm32f103xb.o(.text)
    EXTI2_IRQHandler                         0x08000243   Thumb Code     0  startup_stm32f103xb.o(.text)
    EXTI3_IRQHandler                         0x08000243   Thumb Code     0  startup_stm32f103xb.o(.text)
    EXTI4_IRQHandler                         0x08000243   Thumb Code     0  startup_stm32f103xb.o(.text)
    EXTI9_5_IRQHandler                       0x08000243   Thumb Code     0  startup_stm32f103xb.o(.text)
    FLASH_IRQHandler                         0x08000243   Thumb Code     0  startup_stm32f103xb.o(.text)
    I2C1_ER_IRQHandler                       0x08000243   Thumb Code     0  startup_stm32f103xb.o(.text)
    I2C1_EV_IRQHandler                       0x08000243   Thumb Code     0  startup_stm32f103xb.o(.text)
    I2C2_ER_IRQHandler                       0x08000243   Thumb Code     0  startup_stm32f103xb.o(.text)
    I2C2_EV_IRQHandler                       0x08000243   Thumb Code     0  startup_stm32f103xb.o(.text)
    PVD_IRQHandler                           0x08000243   Thumb Code     0  startup_stm32f103xb.o(.text)
    RCC_IRQHandler                           0x08000243   Thumb Code     0  startup_stm32f103xb.o(.text)
    RTC_Alarm_IRQHandler                     0x08000243   Thumb Code     0  startup_stm32f103xb.o(.text)
    RTC_IRQHandler                           0x08000243   Thumb Code     0  startup_stm32f103xb.o(.text)
    SPI1_IRQHandler                          0x08000243   Thumb Code     0  startup_stm32f103xb.o(.text)
    SPI2_IRQHandler                          0x08000243   Thumb Code     0  startup_stm32f103xb.o(.text)
    TAMPER_IRQHandler                        0x08000243   Thumb Code     0  startup_stm32f103xb.o(.text)
    TIM2_IRQHandler                          0x08000243   Thumb Code     0  startup_stm32f103xb.o(.text)
    TIM4_IRQHandler                          0x08000243   Thumb Code     0  startup_stm32f103xb.o(.text)
    USART2_IRQHandler                        0x08000243   Thumb Code     0  startup_stm32f103xb.o(.text)
    USART3_IRQHandler                        0x08000243   Thumb Code     0  startup_stm32f103xb.o(.text)
    USBWakeUp_IRQHandler                     0x08000243   Thumb Code     0  startup_stm32f103xb.o(.text)
    USB_HP_CAN1_TX_IRQHandler                0x08000243   Thumb Code     0  startup_stm32f103xb.o(.text)
    USB_LP_CAN1_RX0_IRQHandler               0x08000243   Thumb Code     0  startup_stm32f103xb.o(.text)
    WWDG_IRQHandler                          0x08000243   Thumb Code     0  startup_stm32f103xb.o(.text)
    __user_initial_stackheap                 0x08000245   Thumb Code     0  startup_stm32f103xb.o(.text)
    __2sprintf                               0x08000269   Thumb Code    34  noretval__2sprintf.o(.text)
    __printf                                 0x08000291   Thumb Code   104  __printf.o(.text)
    _printf_int_dec                          0x080002f9   Thumb Code   104  _printf_dec.o(.text)
    __aeabi_memcpy                           0x08000371   Thumb Code     0  rt_memcpy_v6.o(.text)
    __rt_memcpy                              0x08000371   Thumb Code   138  rt_memcpy_v6.o(.text)
    _memcpy_lastbytes                        0x080003d7   Thumb Code     0  rt_memcpy_v6.o(.text)
    __aeabi_memcpy4                          0x080003fb   Thumb Code     0  rt_memcpy_w.o(.text)
    __aeabi_memcpy8                          0x080003fb   Thumb Code     0  rt_memcpy_w.o(.text)
    __rt_memcpy_w                            0x080003fb   Thumb Code   100  rt_memcpy_w.o(.text)
    _memcpy_lastbytes_aligned                0x08000443   Thumb Code     0  rt_memcpy_w.o(.text)
    __aeabi_memclr                           0x0800045f   Thumb Code     0  rt_memclr.o(.text)
    __rt_memclr                              0x0800045f   Thumb Code    68  rt_memclr.o(.text)
    _memset                                  0x08000463   Thumb Code     0  rt_memclr.o(.text)
    __aeabi_memclr4                          0x080004a3   Thumb Code     0  rt_memclr_w.o(.text)
    __aeabi_memclr8                          0x080004a3   Thumb Code     0  rt_memclr_w.o(.text)
    __rt_memclr_w                            0x080004a3   Thumb Code    78  rt_memclr_w.o(.text)
    _memset_w                                0x080004a7   Thumb Code     0  rt_memclr_w.o(.text)
    __use_two_region_memory                  0x080004f1   Thumb Code     2  heapauxi.o(.text)
    __rt_heap_escrow$2region                 0x080004f3   Thumb Code     2  heapauxi.o(.text)
    __rt_heap_expand$2region                 0x080004f5   Thumb Code     2  heapauxi.o(.text)
    _printf_int_common                       0x080004f7   Thumb Code   178  _printf_intcommon.o(.text)
    _printf_char_common                      0x080005b3   Thumb Code    32  _printf_char_common.o(.text)
    _sputc                                   0x080005d9   Thumb Code    10  _sputc.o(.text)
    __user_setup_stackheap                   0x080005e3   Thumb Code    74  sys_stackheap_outer.o(.text)
    exit                                     0x0800062d   Thumb Code    18  exit.o(.text)
    __user_libspace                          0x08000641   Thumb Code     8  libspace.o(.text)
    __user_perproc_libspace                  0x08000641   Thumb Code     0  libspace.o(.text)
    __user_perthread_libspace                0x08000641   Thumb Code     0  libspace.o(.text)
    _sys_exit                                0x08000649   Thumb Code     8  sys_exit.o(.text)
    __I$use$semihosting                      0x08000655   Thumb Code     0  use_no_semi.o(.text)
    __use_no_semihosting_swi                 0x08000655   Thumb Code     2  use_no_semi.o(.text)
    BusFault_Handler                         0x08000657   Thumb Code     2  stm32f1xx_it.o(i.BusFault_Handler)
    __semihosting_library_function           0x08000657   Thumb Code     0  indicate_semi.o(.text)
    ButtonTask                               0x08000659   Thumb Code   182  main.o(i.ButtonTask)
    CLCD_I2C_Clear                           0x08000719   Thumb Code    20  clcd_i2c.o(i.CLCD_I2C_Clear)
    CLCD_I2C_Init                            0x0800072d   Thumb Code   162  clcd_i2c.o(i.CLCD_I2C_Init)
    CLCD_I2C_SetCursor                       0x080007cf   Thumb Code    68  clcd_i2c.o(i.CLCD_I2C_SetCursor)
    CLCD_I2C_WriteChar                       0x08000813   Thumb Code     6  clcd_i2c.o(i.CLCD_I2C_WriteChar)
    CLCD_I2C_WriteString                     0x08000819   Thumb Code    24  clcd_i2c.o(i.CLCD_I2C_WriteString)
    DHT11_Check_Response                     0x0800089d   Thumb Code    64  main.o(i.DHT11_Check_Response)
    DHT11_Read                               0x080008e1   Thumb Code    88  main.o(i.DHT11_Read)
    DHT11_Start                              0x0800093d   Thumb Code    62  main.o(i.DHT11_Start)
    DHTTask                                  0x08000981   Thumb Code   140  main.o(i.DHTTask)
    DMA1_Channel4_IRQHandler                 0x08000a11   Thumb Code     6  stm32f1xx_it.o(i.DMA1_Channel4_IRQHandler)
    DMA1_Channel5_IRQHandler                 0x08000a1d   Thumb Code     6  stm32f1xx_it.o(i.DMA1_Channel5_IRQHandler)
    DebugMon_Handler                         0x08000a53   Thumb Code     2  stm32f1xx_it.o(i.DebugMon_Handler)
    Error_Handler                            0x08000a55   Thumb Code     4  main.o(i.Error_Handler)
    HAL_DMA_Abort                            0x08000a59   Thumb Code    70  stm32f1xx_hal_dma.o(i.HAL_DMA_Abort)
    HAL_DMA_Abort_IT                         0x08000aa1   Thumb Code   148  stm32f1xx_hal_dma.o(i.HAL_DMA_Abort_IT)
    HAL_DMA_IRQHandler                       0x08000b39   Thumb Code   316  stm32f1xx_hal_dma.o(i.HAL_DMA_IRQHandler)
    HAL_DMA_Init                             0x08000c8d   Thumb Code    84  stm32f1xx_hal_dma.o(i.HAL_DMA_Init)
    HAL_DMA_Start_IT                         0x08000ce9   Thumb Code   112  stm32f1xx_hal_dma.o(i.HAL_DMA_Start_IT)
    HAL_Delay                                0x08000d59   Thumb Code    32  stm32f1xx_hal.o(i.HAL_Delay)
    HAL_GPIO_Init                            0x08000d7d   Thumb Code   446  stm32f1xx_hal_gpio.o(i.HAL_GPIO_Init)
    HAL_GPIO_ReadPin                         0x08000f5d   Thumb Code    10  stm32f1xx_hal_gpio.o(i.HAL_GPIO_ReadPin)
    HAL_GPIO_WritePin                        0x08000f67   Thumb Code    10  stm32f1xx_hal_gpio.o(i.HAL_GPIO_WritePin)
    HAL_GetTick                              0x08000f71   Thumb Code     6  stm32f1xx_hal.o(i.HAL_GetTick)
    HAL_I2C_Init                             0x08000f7d   Thumb Code   376  stm32f1xx_hal_i2c.o(i.HAL_I2C_Init)
    HAL_I2C_Master_Transmit                  0x08001105   Thumb Code   290  stm32f1xx_hal_i2c.o(i.HAL_I2C_Master_Transmit)
    HAL_I2C_MspInit                          0x08001231   Thumb Code    80  stm32f1xx_hal_msp.o(i.HAL_I2C_MspInit)
    HAL_IncTick                              0x0800128d   Thumb Code    12  stm32f1xx_hal.o(i.HAL_IncTick)
    HAL_Init                                 0x0800129d   Thumb Code    32  stm32f1xx_hal.o(i.HAL_Init)
    HAL_InitTick                             0x080012c1   Thumb Code   132  stm32f1xx_hal_timebase_tim.o(i.HAL_InitTick)
    HAL_MspInit                              0x08001359   Thumb Code    62  stm32f1xx_hal_msp.o(i.HAL_MspInit)
    HAL_NVIC_EnableIRQ                       0x080013a1   Thumb Code    26  stm32f1xx_hal_cortex.o(i.HAL_NVIC_EnableIRQ)
    HAL_NVIC_SetPriority                     0x080013bd   Thumb Code    60  stm32f1xx_hal_cortex.o(i.HAL_NVIC_SetPriority)
    HAL_NVIC_SetPriorityGrouping             0x080013fd   Thumb Code    26  stm32f1xx_hal_cortex.o(i.HAL_NVIC_SetPriorityGrouping)
    HAL_RCC_ClockConfig                      0x08001421   Thumb Code   280  stm32f1xx_hal_rcc.o(i.HAL_RCC_ClockConfig)
    HAL_RCC_GetClockConfig                   0x0800154d   Thumb Code    54  stm32f1xx_hal_rcc.o(i.HAL_RCC_GetClockConfig)
    HAL_RCC_GetPCLK1Freq                     0x0800158d   Thumb Code    20  stm32f1xx_hal_rcc.o(i.HAL_RCC_GetPCLK1Freq)
    HAL_RCC_GetPCLK2Freq                     0x080015ad   Thumb Code    20  stm32f1xx_hal_rcc.o(i.HAL_RCC_GetPCLK2Freq)
    HAL_RCC_GetSysClockFreq                  0x080015cd   Thumb Code    74  stm32f1xx_hal_rcc.o(i.HAL_RCC_GetSysClockFreq)
    HAL_RCC_OscConfig                        0x08001639   Thumb Code   778  stm32f1xx_hal_rcc.o(i.HAL_RCC_OscConfig)
    HAL_TIMEx_BreakCallback                  0x08001959   Thumb Code     2  stm32f1xx_hal_tim_ex.o(i.HAL_TIMEx_BreakCallback)
    HAL_TIMEx_CommutCallback                 0x0800195b   Thumb Code     2  stm32f1xx_hal_tim_ex.o(i.HAL_TIMEx_CommutCallback)
    HAL_TIMEx_MasterConfigSynchronization    0x0800195d   Thumb Code    92  stm32f1xx_hal_tim_ex.o(i.HAL_TIMEx_MasterConfigSynchronization)
    HAL_TIM_Base_Init                        0x080019c5   Thumb Code    90  stm32f1xx_hal_tim.o(i.HAL_TIM_Base_Init)
    HAL_TIM_Base_MspInit                     0x08001a21   Thumb Code   138  stm32f1xx_hal_msp.o(i.HAL_TIM_Base_MspInit)
    HAL_TIM_Base_Start                       0x08001ab9   Thumb Code    66  stm32f1xx_hal_tim.o(i.HAL_TIM_Base_Start)
    HAL_TIM_Base_Start_IT                    0x08001b09   Thumb Code    76  stm32f1xx_hal_tim.o(i.HAL_TIM_Base_Start_IT)
    HAL_TIM_ConfigClockSource                0x08001b61   Thumb Code   214  stm32f1xx_hal_tim.o(i.HAL_TIM_ConfigClockSource)
    HAL_TIM_IC_CaptureCallback               0x08001c39   Thumb Code   158  main.o(i.HAL_TIM_IC_CaptureCallback)
    HAL_TIM_IC_ConfigChannel                 0x08001ce9   Thumb Code   270  stm32f1xx_hal_tim.o(i.HAL_TIM_IC_ConfigChannel)
    HAL_TIM_IC_Init                          0x08001df7   Thumb Code    90  stm32f1xx_hal_tim.o(i.HAL_TIM_IC_Init)
    HAL_TIM_IC_MspInit                       0x08001e51   Thumb Code     2  stm32f1xx_hal_tim.o(i.HAL_TIM_IC_MspInit)
    HAL_TIM_IC_Start_IT                      0x08001e55   Thumb Code   212  stm32f1xx_hal_tim.o(i.HAL_TIM_IC_Start_IT)
    HAL_TIM_IRQHandler                       0x08001f35   Thumb Code   358  stm32f1xx_hal_tim.o(i.HAL_TIM_IRQHandler)
    HAL_TIM_OC_DelayElapsedCallback          0x0800209b   Thumb Code     2  stm32f1xx_hal_tim.o(i.HAL_TIM_OC_DelayElapsedCallback)
    HAL_TIM_PWM_PulseFinishedCallback        0x0800209d   Thumb Code     2  stm32f1xx_hal_tim.o(i.HAL_TIM_PWM_PulseFinishedCallback)
    HAL_TIM_PeriodElapsedCallback            0x080020a1   Thumb Code    14  main.o(i.HAL_TIM_PeriodElapsedCallback)
    HAL_TIM_ReadCapturedValue                0x080020b5   Thumb Code    42  stm32f1xx_hal_tim.o(i.HAL_TIM_ReadCapturedValue)
    HAL_TIM_TriggerCallback                  0x080020df   Thumb Code     2  stm32f1xx_hal_tim.o(i.HAL_TIM_TriggerCallback)
    HAL_UARTEx_ReceiveToIdle_DMA             0x080020e1   Thumb Code    74  stm32f1xx_hal_uart.o(i.HAL_UARTEx_ReceiveToIdle_DMA)
    HAL_UARTEx_RxEventCallback               0x0800212d   Thumb Code    72  main.o(i.HAL_UARTEx_RxEventCallback)
    HAL_UART_ErrorCallback                   0x08002185   Thumb Code     2  stm32f1xx_hal_uart.o(i.HAL_UART_ErrorCallback)
    HAL_UART_IRQHandler                      0x08002189   Thumb Code   520  stm32f1xx_hal_uart.o(i.HAL_UART_IRQHandler)
    HAL_UART_Init                            0x08002395   Thumb Code    98  stm32f1xx_hal_uart.o(i.HAL_UART_Init)
    HAL_UART_MspInit                         0x080023f9   Thumb Code   194  stm32f1xx_hal_msp.o(i.HAL_UART_MspInit)
    HAL_UART_RxCpltCallback                  0x080024d5   Thumb Code     2  stm32f1xx_hal_uart.o(i.HAL_UART_RxCpltCallback)
    HAL_UART_RxHalfCpltCallback              0x080024d7   Thumb Code     2  stm32f1xx_hal_uart.o(i.HAL_UART_RxHalfCpltCallback)
    HAL_UART_Transmit_DMA                    0x080024d9   Thumb Code   114  stm32f1xx_hal_uart.o(i.HAL_UART_Transmit_DMA)
    HAL_UART_TxCpltCallback                  0x08002559   Thumb Code     2  stm32f1xx_hal_uart.o(i.HAL_UART_TxCpltCallback)
    HAL_UART_TxHalfCpltCallback              0x0800255b   Thumb Code     2  stm32f1xx_hal_uart.o(i.HAL_UART_TxHalfCpltCallback)
    HCSR04Task                               0x0800255d   Thumb Code   122  main.o(i.HCSR04Task)
    HardFault_Handler                        0x080025dd   Thumb Code     2  stm32f1xx_it.o(i.HardFault_Handler)
    LCDTask                                  0x08002841   Thumb Code   242  main.o(i.LCDTask)
    MemManage_Handler                        0x08002ae9   Thumb Code     2  stm32f1xx_it.o(i.MemManage_Handler)
    NMI_Handler                              0x08002aeb   Thumb Code     2  stm32f1xx_it.o(i.NMI_Handler)
    Read_DHT11_Sensor                        0x08002aed   Thumb Code    72  main.o(i.Read_DHT11_Sensor)
    Read_HCSR04_Sensor                       0x08002b39   Thumb Code    46  main.o(i.Read_HCSR04_Sensor)
    Set_Pin_Input                            0x08002b71   Thumb Code    22  main.o(i.Set_Pin_Input)
    Set_Pin_Output                           0x08002b87   Thumb Code    24  main.o(i.Set_Pin_Output)
    StartDefaultTask                         0x08002b9f   Thumb Code    18  main.o(i.StartDefaultTask)
    SysTick_Handler                          0x08002bb1   Thumb Code    38  port.o(i.SysTick_Handler)
    SystemClock_Config                       0x08002bdd   Thumb Code    94  main.o(i.SystemClock_Config)
    SystemInit                               0x08002c3b   Thumb Code     2  system_stm32f1xx.o(i.SystemInit)
    TIM1_BRK_IRQHandler                      0x08002c3d   Thumb Code     6  stm32f1xx_it.o(i.TIM1_BRK_IRQHandler)
    TIM1_CC_IRQHandler                       0x08002c49   Thumb Code     6  stm32f1xx_it.o(i.TIM1_CC_IRQHandler)
    TIM1_TRG_COM_IRQHandler                  0x08002c55   Thumb Code     6  stm32f1xx_it.o(i.TIM1_TRG_COM_IRQHandler)
    TIM1_UP_IRQHandler                       0x08002c61   Thumb Code     6  stm32f1xx_it.o(i.TIM1_UP_IRQHandler)
    TIM3_IRQHandler                          0x08002c6d   Thumb Code     6  stm32f1xx_it.o(i.TIM3_IRQHandler)
    TIM_Base_SetConfig                       0x08002c79   Thumb Code    94  stm32f1xx_hal_tim.o(i.TIM_Base_SetConfig)
    TIM_CCxChannelCmd                        0x08002ce5   Thumb Code    26  stm32f1xx_hal_tim.o(i.TIM_CCxChannelCmd)
    TIM_ETR_SetConfig                        0x08002cff   Thumb Code    20  stm32f1xx_hal_tim.o(i.TIM_ETR_SetConfig)
    TIM_TI1_SetConfig                        0x08002d45   Thumb Code    76  stm32f1xx_hal_tim.o(i.TIM_TI1_SetConfig)
    UARTTask                                 0x08002df9   Thumb Code   102  main.o(i.UARTTask)
    UART_Start_Receive_DMA                   0x08003121   Thumb Code    98  stm32f1xx_hal_uart.o(i.UART_Start_Receive_DMA)
    USART1_IRQHandler                        0x08003191   Thumb Code     6  stm32f1xx_it.o(i.USART1_IRQHandler)
    Uart_ThresholdTask                       0x0800319d   Thumb Code   724  main.o(i.Uart_ThresholdTask)
    UsageFault_Handler                       0x080035a9   Thumb Code     2  stm32f1xx_it.o(i.UsageFault_Handler)
    delay_us                                 0x080035cd   Thumb Code    18  main.o(i.delay_us)
    main                                     0x080035f1   Thumb Code   510  main.o(i.main)
    osDelay                                  0x08003831   Thumb Code    14  cmsis_os.o(i.osDelay)
    osKernelStart                            0x0800383f   Thumb Code    10  cmsis_os.o(i.osKernelStart)
    osMailAlloc                              0x08003849   Thumb Code    12  cmsis_os.o(i.osMailAlloc)
    osMailCreate                             0x08003855   Thumb Code    92  cmsis_os.o(i.osMailCreate)
    osMailFree                               0x080038b1   Thumb Code    12  cmsis_os.o(i.osMailFree)
    osMailGet                                0x080038bd   Thumb Code   140  cmsis_os.o(i.osMailGet)
    osMailPut                                0x0800394d   Thumb Code    88  cmsis_os.o(i.osMailPut)
    osPoolAlloc                              0x080039a9   Thumb Code   106  cmsis_os.o(i.osPoolAlloc)
    osPoolCreate                             0x08003a13   Thumb Code    94  cmsis_os.o(i.osPoolCreate)
    osPoolFree                               0x08003a71   Thumb Code    48  cmsis_os.o(i.osPoolFree)
    osThreadCreate                           0x08003aa1   Thumb Code    84  cmsis_os.o(i.osThreadCreate)
    pvPortMalloc                             0x08003f9d   Thumb Code   210  heap_4.o(i.pvPortMalloc)
    pxPortInitialiseStack                    0x08004075   Thumb Code    32  port.o(i.pxPortInitialiseStack)
    uxListRemove                             0x08004099   Thumb Code    38  list.o(i.uxListRemove)
    vApplicationGetIdleTaskMemory            0x080040c1   Thumb Code    16  freertos.o(i.vApplicationGetIdleTaskMemory)
    vListInitialise                          0x080040d5   Thumb Code    22  list.o(i.vListInitialise)
    vListInitialiseItem                      0x080040eb   Thumb Code     6  list.o(i.vListInitialiseItem)
    vListInsert                              0x080040f1   Thumb Code    48  list.o(i.vListInsert)
    vListInsertEnd                           0x08004121   Thumb Code    24  list.o(i.vListInsertEnd)
    vPortEnterCritical                       0x08004139   Thumb Code    54  port.o(i.vPortEnterCritical)
    vPortExitCritical                        0x08004179   Thumb Code    34  port.o(i.vPortExitCritical)
    vPortFree                                0x080041a1   Thumb Code    88  heap_4.o(i.vPortFree)
    vPortSetupTimerInterrupt                 0x080041fd   Thumb Code    32  port.o(i.vPortSetupTimerInterrupt)
    vPortValidateInterruptPriority           0x08004221   Thumb Code    74  port.o(i.vPortValidateInterruptPriority)
    vTaskDelay                               0x08004275   Thumb Code    66  tasks.o(i.vTaskDelay)
    vTaskInternalSetTimeOutState             0x080042c1   Thumb Code    12  tasks.o(i.vTaskInternalSetTimeOutState)
    vTaskMissedYield                         0x080042d1   Thumb Code     8  tasks.o(i.vTaskMissedYield)
    vTaskPlaceOnEventList                    0x080042dd   Thumb Code    44  tasks.o(i.vTaskPlaceOnEventList)
    vTaskStartScheduler                      0x0800430d   Thumb Code    90  tasks.o(i.vTaskStartScheduler)
    vTaskSuspend                             0x08004379   Thumb Code   174  tasks.o(i.vTaskSuspend)
    vTaskSuspendAll                          0x08004435   Thumb Code    10  tasks.o(i.vTaskSuspendAll)
    vTaskSwitchContext                       0x08004445   Thumb Code    82  tasks.o(i.vTaskSwitchContext)
    xPortStartScheduler                      0x080044a1   Thumb Code   154  port.o(i.xPortStartScheduler)
    xQueueGenericCreate                      0x08004549   Thumb Code    72  queue.o(i.xQueueGenericCreate)
    xQueueGenericReset                       0x08004591   Thumb Code   132  queue.o(i.xQueueGenericReset)
    xQueueGenericSend                        0x08004619   Thumb Code   346  queue.o(i.xQueueGenericSend)
    xQueueGenericSendFromISR                 0x08004779   Thumb Code   188  queue.o(i.xQueueGenericSendFromISR)
    xQueueReceive                            0x08004835   Thumb Code   308  queue.o(i.xQueueReceive)
    xQueueReceiveFromISR                     0x0800496d   Thumb Code   154  queue.o(i.xQueueReceiveFromISR)
    xTaskCheckForTimeOut                     0x08004a09   Thumb Code   112  tasks.o(i.xTaskCheckForTimeOut)
    xTaskCreate                              0x08004a7d   Thumb Code    90  tasks.o(i.xTaskCreate)
    xTaskCreateStatic                        0x08004ad7   Thumb Code    86  tasks.o(i.xTaskCreateStatic)
    xTaskGetSchedulerState                   0x08004b2d   Thumb Code    22  tasks.o(i.xTaskGetSchedulerState)
    xTaskGetTickCount                        0x08004b49   Thumb Code     6  tasks.o(i.xTaskGetTickCount)
    xTaskIncrementTick                       0x08004b55   Thumb Code   192  tasks.o(i.xTaskIncrementTick)
    xTaskPriorityDisinherit                  0x08004c1d   Thumb Code   144  tasks.o(i.xTaskPriorityDisinherit)
    xTaskRemoveFromEventList                 0x08004cb5   Thumb Code   108  tasks.o(i.xTaskRemoveFromEventList)
    xTaskResumeAll                           0x08004d29   Thumb Code   182  tasks.o(i.xTaskResumeAll)
    xTaskResumeFromISR                       0x08004ded   Thumb Code   128  tasks.o(i.xTaskResumeFromISR)
    __fpl_dcheck_NaN1                        0x08004e75   Thumb Code    10  dcheck1.o(x$fpl$dcheck1)
    __aeabi_d2uiz                            0x08004e85   Thumb Code     0  dfixu.o(x$fpl$dfixu)
    _dfixu                                   0x08004e85   Thumb Code    90  dfixu.o(x$fpl$dfixu)
    __aeabi_ui2d                             0x08004edf   Thumb Code     0  dflt_clz.o(x$fpl$dfltu)
    _dfltu                                   0x08004edf   Thumb Code    38  dflt_clz.o(x$fpl$dfltu)
    __aeabi_dmul                             0x08004f05   Thumb Code     0  dmul.o(x$fpl$dmul)
    _dmul                                    0x08004f05   Thumb Code   332  dmul.o(x$fpl$dmul)
    __fpl_dnaninf                            0x08005059   Thumb Code   156  dnaninf.o(x$fpl$dnaninf)
    __fpl_dretinf                            0x080050f5   Thumb Code    12  dretinf.o(x$fpl$dretinf)
    __aeabi_f2uiz                            0x08005101   Thumb Code     0  ffixu.o(x$fpl$ffixu)
    _ffixu                                   0x08005101   Thumb Code    62  ffixu.o(x$fpl$ffixu)
    __aeabi_ui2f                             0x08005141   Thumb Code     0  fflt_clz.o(x$fpl$ffltu)
    _ffltu                                   0x08005141   Thumb Code    38  fflt_clz.o(x$fpl$ffltu)
    __fpl_fnaninf                            0x08005167   Thumb Code   140  fnaninf.o(x$fpl$fnaninf)
    __fpl_return_NaN                         0x080051f3   Thumb Code   100  retnan.o(x$fpl$retnan)
    __ARM_scalbn                             0x08005257   Thumb Code    92  scalbn.o(x$fpl$scalbn)
    __fpl_cmpreturn                          0x080052b3   Thumb Code    48  trapv.o(x$fpl$trapveneer)
    __I$use$fp                               0x080052e2   Number         0  usenofp.o(x$fpl$usenofp)
    AHBPrescTable                            0x080053cc   Data          16  system_stm32f1xx.o(.constdata)
    APBPrescTable                            0x080053dc   Data           8  system_stm32f1xx.o(.constdata)
    Region$$Table$$Base                      0x08005448   Number         0  anon$$obj.o(Region$$Table)
    Region$$Table$$Limit                     0x08005468   Number         0  anon$$obj.o(Region$$Table)
    Presence                                 0x20000000   Data           1  main.o(.data)
    Is_First_Captured                        0x20000001   Data           1  main.o(.data)
    Rh_byte1                                 0x20000002   Data           1  main.o(.data)
    Rh_byte2                                 0x20000003   Data           1  main.o(.data)
    Temp_byte1                               0x20000004   Data           1  main.o(.data)
    Temp_byte2                               0x20000005   Data           1  main.o(.data)
    SUM                                      0x20000006   Data           2  main.o(.data)
    RH                                       0x20000008   Data           2  main.o(.data)
    TEMP                                     0x2000000a   Data           2  main.o(.data)
    Threshold_tem                            0x2000000c   Data           4  main.o(.data)
    Threshold_hum                            0x20000010   Data           4  main.o(.data)
    Lcd_temp                                 0x20000014   Data           4  main.o(.data)
    Lcd_humi                                 0x20000018   Data           4  main.o(.data)
    time_dht                                 0x2000001c   Data           4  main.o(.data)
    Threshold_dist                           0x20000020   Data           4  main.o(.data)
    Lcd_dist                                 0x20000024   Data           4  main.o(.data)
    time_hcsr                                0x20000028   Data           4  main.o(.data)
    time_Threshold                           0x2000002c   Data           4  main.o(.data)
    time_lcd                                 0x20000030   Data           4  main.o(.data)
    time_dht_read                            0x20000034   Data           4  main.o(.data)
    time_hcsr_read                           0x20000038   Data           4  main.o(.data)
    cnt_uart                                 0x2000003c   Data           4  main.o(.data)
    cnt_uart_rei                             0x20000040   Data           4  main.o(.data)
    temp                                     0x20000044   Data           4  main.o(.data)
    humi                                     0x20000048   Data           4  main.o(.data)
    IC_Val1                                  0x2000004c   Data           4  main.o(.data)
    IC_Val2                                  0x20000050   Data           4  main.o(.data)
    Difference                               0x20000054   Data           4  main.o(.data)
    distance                                 0x20000058   Data           4  main.o(.data)
    defaultTaskHandle                        0x2000005c   Data           4  main.o(.data)
    ButtonTaskHandle                         0x20000060   Data           4  main.o(.data)
    HCSR04TaskHandle                         0x20000064   Data           4  main.o(.data)
    LCDTaskHandle                            0x20000068   Data           4  main.o(.data)
    UARTTaskHandle                           0x2000006c   Data           4  main.o(.data)
    DHTTaskHandle                            0x20000070   Data           4  main.o(.data)
    Uart_ThresholdTaskHandle                 0x20000074   Data           4  main.o(.data)
    myQueueDataHandle                        0x20000078   Data           4  main.o(.data)
    myQueueUart_ThresholdHandle              0x2000007c   Data           4  main.o(.data)
    myQueueUart_ThresholdDataHandle          0x20000080   Data           4  main.o(.data)
    uwTickFreq                               0x20000084   Data           1  stm32f1xx_hal.o(.data)
    uwTickPrio                               0x20000088   Data           4  stm32f1xx_hal.o(.data)
    uwTick                                   0x2000008c   Data           4  stm32f1xx_hal.o(.data)
    SystemCoreClock                          0x20000090   Data           4  system_stm32f1xx.o(.data)
    pxCurrentTCB                             0x20000094   Data           4  tasks.o(.data)
    RxBuffer                                 0x200000f4   Data          10  main.o(.bss)
    TxBuffer                                 0x200000fe   Data          70  main.o(.bss)
    MainBuffer                               0x20000144   Data           9  main.o(.bss)
    hi2c1                                    0x20000150   Data          84  main.o(.bss)
    htim1                                    0x200001a4   Data          72  main.o(.bss)
    huart1                                   0x200001ec   Data          68  main.o(.bss)
    hdma_usart1_rx                           0x20000230   Data          68  main.o(.bss)
    LCD1                                     0x20000274   Data          12  main.o(.bss)
    hdma_usart1_tx                           0x20000280   Data          68  main.o(.bss)
    htim3                                    0x20000518   Data          72  stm32f1xx_hal_timebase_tim.o(.bss)
    __libspace_start                         0x20002e50   Data          96  libspace.o(.bss)
    __temporary_stack_top$libspace           0x20002eb0   Data           0  libspace.o(.bss)



==============================================================================

Memory Map of the image

  Image Entry point : 0x080000ed

  Load Region LR_IROM1 (Base: 0x08000000, Size: 0x0000555c, Max: 0x00010000, ABSOLUTE)

    Execution Region ER_IROM1 (Exec base: 0x08000000, Load base: 0x08000000, Size: 0x00005468, Max: 0x00010000, ABSOLUTE)

    Exec Addr    Load Addr    Size         Type   Attr      Idx    E Section Name        Object

    0x08000000   0x08000000   0x000000ec   Data   RO            3    RESET               startup_stm32f103xb.o
    0x080000ec   0x080000ec   0x00000008   Code   RO         4837  * !!!main             c_w.l(__main.o)
    0x080000f4   0x080000f4   0x00000034   Code   RO         5040    !!!scatter          c_w.l(__scatter.o)
    0x08000128   0x08000128   0x0000001a   Code   RO         5042    !!handler_copy      c_w.l(__scatter_copy.o)
    0x08000142   0x08000142   0x00000002   PAD
    0x08000144   0x08000144   0x0000001c   Code   RO         5044    !!handler_zi        c_w.l(__scatter_zi.o)
    0x08000160   0x08000160   0x00000000   Code   RO         4824    .ARM.Collect$$_printf_percent$$00000000  c_w.l(_printf_percent.o)
    0x08000160   0x08000160   0x00000006   Code   RO         4823    .ARM.Collect$$_printf_percent$$00000009  c_w.l(_printf_d.o)
    0x08000166   0x08000166   0x00000004   Code   RO         4870    .ARM.Collect$$_printf_percent$$00000017  c_w.l(_printf_percent_end.o)
    0x0800016a   0x0800016a   0x00000002   Code   RO         4908    .ARM.Collect$$libinit$$00000000  c_w.l(libinit.o)
    0x0800016c   0x0800016c   0x00000000   Code   RO         4917    .ARM.Collect$$libinit$$00000002  c_w.l(libinit2.o)
    0x0800016c   0x0800016c   0x00000000   Code   RO         4919    .ARM.Collect$$libinit$$00000004  c_w.l(libinit2.o)
    0x0800016c   0x0800016c   0x00000000   Code   RO         4922    .ARM.Collect$$libinit$$0000000A  c_w.l(libinit2.o)
    0x0800016c   0x0800016c   0x00000000   Code   RO         4924    .ARM.Collect$$libinit$$0000000C  c_w.l(libinit2.o)
    0x0800016c   0x0800016c   0x00000000   Code   RO         4926    .ARM.Collect$$libinit$$0000000E  c_w.l(libinit2.o)
    0x0800016c   0x0800016c   0x00000000   Code   RO         4929    .ARM.Collect$$libinit$$00000011  c_w.l(libinit2.o)
    0x0800016c   0x0800016c   0x00000000   Code   RO         4931    .ARM.Collect$$libinit$$00000013  c_w.l(libinit2.o)
    0x0800016c   0x0800016c   0x00000000   Code   RO         4933    .ARM.Collect$$libinit$$00000015  c_w.l(libinit2.o)
    0x0800016c   0x0800016c   0x00000000   Code   RO         4935    .ARM.Collect$$libinit$$00000017  c_w.l(libinit2.o)
    0x0800016c   0x0800016c   0x00000000   Code   RO         4937    .ARM.Collect$$libinit$$00000019  c_w.l(libinit2.o)
    0x0800016c   0x0800016c   0x00000000   Code   RO         4939    .ARM.Collect$$libinit$$0000001B  c_w.l(libinit2.o)
    0x0800016c   0x0800016c   0x00000000   Code   RO         4941    .ARM.Collect$$libinit$$0000001D  c_w.l(libinit2.o)
    0x0800016c   0x0800016c   0x00000000   Code   RO         4943    .ARM.Collect$$libinit$$0000001F  c_w.l(libinit2.o)
    0x0800016c   0x0800016c   0x00000000   Code   RO         4945    .ARM.Collect$$libinit$$00000021  c_w.l(libinit2.o)
    0x0800016c   0x0800016c   0x00000000   Code   RO         4947    .ARM.Collect$$libinit$$00000023  c_w.l(libinit2.o)
    0x0800016c   0x0800016c   0x00000000   Code   RO         4949    .ARM.Collect$$libinit$$00000025  c_w.l(libinit2.o)
    0x0800016c   0x0800016c   0x00000000   Code   RO         4953    .ARM.Collect$$libinit$$0000002C  c_w.l(libinit2.o)
    0x0800016c   0x0800016c   0x00000000   Code   RO         4955    .ARM.Collect$$libinit$$0000002E  c_w.l(libinit2.o)
    0x0800016c   0x0800016c   0x00000000   Code   RO         4957    .ARM.Collect$$libinit$$00000030  c_w.l(libinit2.o)
    0x0800016c   0x0800016c   0x00000000   Code   RO         4959    .ARM.Collect$$libinit$$00000032  c_w.l(libinit2.o)
    0x0800016c   0x0800016c   0x00000002   Code   RO         4960    .ARM.Collect$$libinit$$00000033  c_w.l(libinit2.o)
    0x0800016e   0x0800016e   0x00000002   Code   RO         4980    .ARM.Collect$$libshutdown$$00000000  c_w.l(libshutdown.o)
    0x08000170   0x08000170   0x00000000   Code   RO         4993    .ARM.Collect$$libshutdown$$00000002  c_w.l(libshutdown2.o)
    0x08000170   0x08000170   0x00000000   Code   RO         4995    .ARM.Collect$$libshutdown$$00000004  c_w.l(libshutdown2.o)
    0x08000170   0x08000170   0x00000000   Code   RO         4998    .ARM.Collect$$libshutdown$$00000007  c_w.l(libshutdown2.o)
    0x08000170   0x08000170   0x00000000   Code   RO         5001    .ARM.Collect$$libshutdown$$0000000A  c_w.l(libshutdown2.o)
    0x08000170   0x08000170   0x00000000   Code   RO         5003    .ARM.Collect$$libshutdown$$0000000C  c_w.l(libshutdown2.o)
    0x08000170   0x08000170   0x00000000   Code   RO         5006    .ARM.Collect$$libshutdown$$0000000F  c_w.l(libshutdown2.o)
    0x08000170   0x08000170   0x00000002   Code   RO         5007    .ARM.Collect$$libshutdown$$00000010  c_w.l(libshutdown2.o)
    0x08000172   0x08000172   0x00000000   Code   RO         4863    .ARM.Collect$$rtentry$$00000000  c_w.l(__rtentry.o)
    0x08000172   0x08000172   0x00000000   Code   RO         4881    .ARM.Collect$$rtentry$$00000002  c_w.l(__rtentry2.o)
    0x08000172   0x08000172   0x00000006   Code   RO         4893    .ARM.Collect$$rtentry$$00000004  c_w.l(__rtentry4.o)
    0x08000178   0x08000178   0x00000000   Code   RO         4883    .ARM.Collect$$rtentry$$00000009  c_w.l(__rtentry2.o)
    0x08000178   0x08000178   0x00000004   Code   RO         4884    .ARM.Collect$$rtentry$$0000000A  c_w.l(__rtentry2.o)
    0x0800017c   0x0800017c   0x00000000   Code   RO         4886    .ARM.Collect$$rtentry$$0000000C  c_w.l(__rtentry2.o)
    0x0800017c   0x0800017c   0x00000008   Code   RO         4887    .ARM.Collect$$rtentry$$0000000D  c_w.l(__rtentry2.o)
    0x08000184   0x08000184   0x00000002   Code   RO         4914    .ARM.Collect$$rtexit$$00000000  c_w.l(rtexit.o)
    0x08000186   0x08000186   0x00000000   Code   RO         4962    .ARM.Collect$$rtexit$$00000002  c_w.l(rtexit2.o)
    0x08000186   0x08000186   0x00000004   Code   RO         4963    .ARM.Collect$$rtexit$$00000003  c_w.l(rtexit2.o)
    0x0800018a   0x0800018a   0x00000006   Code   RO         4964    .ARM.Collect$$rtexit$$00000004  c_w.l(rtexit2.o)
    0x08000190   0x08000190   0x00000096   Code   RO         4628    .emb_text           port.o
    0x08000226   0x08000226   0x00000002   PAD
    0x08000228   0x08000228   0x00000040   Code   RO            4    .text               startup_stm32f103xb.o
    0x08000268   0x08000268   0x00000028   Code   RO         4797    .text               c_w.l(noretval__2sprintf.o)
    0x08000290   0x08000290   0x00000068   Code   RO         4799    .text               c_w.l(__printf.o)
    0x080002f8   0x080002f8   0x00000078   Code   RO         4801    .text               c_w.l(_printf_dec.o)
    0x08000370   0x08000370   0x0000008a   Code   RO         4825    .text               c_w.l(rt_memcpy_v6.o)
    0x080003fa   0x080003fa   0x00000064   Code   RO         4827    .text               c_w.l(rt_memcpy_w.o)
    0x0800045e   0x0800045e   0x00000044   Code   RO         4831    .text               c_w.l(rt_memclr.o)
    0x080004a2   0x080004a2   0x0000004e   Code   RO         4833    .text               c_w.l(rt_memclr_w.o)
    0x080004f0   0x080004f0   0x00000006   Code   RO         4835    .text               c_w.l(heapauxi.o)
    0x080004f6   0x080004f6   0x000000b2   Code   RO         4864    .text               c_w.l(_printf_intcommon.o)
    0x080005a8   0x080005a8   0x00000030   Code   RO         4866    .text               c_w.l(_printf_char_common.o)
    0x080005d8   0x080005d8   0x0000000a   Code   RO         4868    .text               c_w.l(_sputc.o)
    0x080005e2   0x080005e2   0x0000004a   Code   RO         4899    .text               c_w.l(sys_stackheap_outer.o)
    0x0800062c   0x0800062c   0x00000012   Code   RO         4901    .text               c_w.l(exit.o)
    0x0800063e   0x0800063e   0x00000002   PAD
    0x08000640   0x08000640   0x00000008   Code   RO         4911    .text               c_w.l(libspace.o)
    0x08000648   0x08000648   0x0000000c   Code   RO         4972    .text               c_w.l(sys_exit.o)
    0x08000654   0x08000654   0x00000002   Code   RO         4983    .text               c_w.l(use_no_semi.o)
    0x08000656   0x08000656   0x00000000   Code   RO         4985    .text               c_w.l(indicate_semi.o)
    0x08000656   0x08000656   0x00000002   Code   RO          424    i.BusFault_Handler  stm32f1xx_it.o
    0x08000658   0x08000658   0x000000c0   Code   RO           13    i.ButtonTask        main.o
    0x08000718   0x08000718   0x00000014   Code   RO         4710    i.CLCD_I2C_Clear    clcd_i2c.o
    0x0800072c   0x0800072c   0x000000a2   Code   RO         4713    i.CLCD_I2C_Init     clcd_i2c.o
    0x080007ce   0x080007ce   0x00000044   Code   RO         4715    i.CLCD_I2C_SetCursor  clcd_i2c.o
    0x08000812   0x08000812   0x00000006   Code   RO         4716    i.CLCD_I2C_WriteChar  clcd_i2c.o
    0x08000818   0x08000818   0x00000018   Code   RO         4717    i.CLCD_I2C_WriteString  clcd_i2c.o
    0x08000830   0x08000830   0x0000006a   Code   RO         4718    i.CLCD_WriteI2C     clcd_i2c.o
    0x0800089a   0x0800089a   0x00000002   PAD
    0x0800089c   0x0800089c   0x00000044   Code   RO           14    i.DHT11_Check_Response  main.o
    0x080008e0   0x080008e0   0x0000005c   Code   RO           15    i.DHT11_Read        main.o
    0x0800093c   0x0800093c   0x00000044   Code   RO           16    i.DHT11_Start       main.o
    0x08000980   0x08000980   0x00000090   Code   RO           17    i.DHTTask           main.o
    0x08000a10   0x08000a10   0x0000000c   Code   RO          425    i.DMA1_Channel4_IRQHandler  stm32f1xx_it.o
    0x08000a1c   0x08000a1c   0x0000000c   Code   RO          426    i.DMA1_Channel5_IRQHandler  stm32f1xx_it.o
    0x08000a28   0x08000a28   0x0000002a   Code   RO         1044    i.DMA_SetConfig     stm32f1xx_hal_dma.o
    0x08000a52   0x08000a52   0x00000002   Code   RO          427    i.DebugMon_Handler  stm32f1xx_it.o
    0x08000a54   0x08000a54   0x00000004   Code   RO           18    i.Error_Handler     main.o
    0x08000a58   0x08000a58   0x00000046   Code   RO         1045    i.HAL_DMA_Abort     stm32f1xx_hal_dma.o
    0x08000a9e   0x08000a9e   0x00000002   PAD
    0x08000aa0   0x08000aa0   0x00000098   Code   RO         1046    i.HAL_DMA_Abort_IT  stm32f1xx_hal_dma.o
    0x08000b38   0x08000b38   0x00000154   Code   RO         1050    i.HAL_DMA_IRQHandler  stm32f1xx_hal_dma.o
    0x08000c8c   0x08000c8c   0x0000005c   Code   RO         1051    i.HAL_DMA_Init      stm32f1xx_hal_dma.o
    0x08000ce8   0x08000ce8   0x00000070   Code   RO         1055    i.HAL_DMA_Start_IT  stm32f1xx_hal_dma.o
    0x08000d58   0x08000d58   0x00000024   Code   RO          673    i.HAL_Delay         stm32f1xx_hal.o
    0x08000d7c   0x08000d7c   0x000001e0   Code   RO          981    i.HAL_GPIO_Init     stm32f1xx_hal_gpio.o
    0x08000f5c   0x08000f5c   0x0000000a   Code   RO          983    i.HAL_GPIO_ReadPin  stm32f1xx_hal_gpio.o
    0x08000f66   0x08000f66   0x0000000a   Code   RO          985    i.HAL_GPIO_WritePin  stm32f1xx_hal_gpio.o
    0x08000f70   0x08000f70   0x0000000c   Code   RO          677    i.HAL_GetTick       stm32f1xx_hal.o
    0x08000f7c   0x08000f7c   0x00000188   Code   RO         1652    i.HAL_I2C_Init      stm32f1xx_hal_i2c.o
    0x08001104   0x08001104   0x0000012c   Code   RO         1665    i.HAL_I2C_Master_Transmit  stm32f1xx_hal_i2c.o
    0x08001230   0x08001230   0x0000005c   Code   RO          531    i.HAL_I2C_MspInit   stm32f1xx_hal_msp.o
    0x0800128c   0x0800128c   0x00000010   Code   RO          683    i.HAL_IncTick       stm32f1xx_hal.o
    0x0800129c   0x0800129c   0x00000024   Code   RO          684    i.HAL_Init          stm32f1xx_hal.o
    0x080012c0   0x080012c0   0x00000098   Code   RO          591    i.HAL_InitTick      stm32f1xx_hal_timebase_tim.o
    0x08001358   0x08001358   0x00000048   Code   RO          532    i.HAL_MspInit       stm32f1xx_hal_msp.o
    0x080013a0   0x080013a0   0x0000001a   Code   RO         1141    i.HAL_NVIC_EnableIRQ  stm32f1xx_hal_cortex.o
    0x080013ba   0x080013ba   0x00000002   PAD
    0x080013bc   0x080013bc   0x00000040   Code   RO         1147    i.HAL_NVIC_SetPriority  stm32f1xx_hal_cortex.o
    0x080013fc   0x080013fc   0x00000024   Code   RO         1148    i.HAL_NVIC_SetPriorityGrouping  stm32f1xx_hal_cortex.o
    0x08001420   0x08001420   0x0000012c   Code   RO          841    i.HAL_RCC_ClockConfig  stm32f1xx_hal_rcc.o
    0x0800154c   0x0800154c   0x00000040   Code   RO          845    i.HAL_RCC_GetClockConfig  stm32f1xx_hal_rcc.o
    0x0800158c   0x0800158c   0x00000020   Code   RO          848    i.HAL_RCC_GetPCLK1Freq  stm32f1xx_hal_rcc.o
    0x080015ac   0x080015ac   0x00000020   Code   RO          849    i.HAL_RCC_GetPCLK2Freq  stm32f1xx_hal_rcc.o
    0x080015cc   0x080015cc   0x0000006c   Code   RO          850    i.HAL_RCC_GetSysClockFreq  stm32f1xx_hal_rcc.o
    0x08001638   0x08001638   0x00000320   Code   RO          853    i.HAL_RCC_OscConfig  stm32f1xx_hal_rcc.o
    0x08001958   0x08001958   0x00000002   Code   RO         2779    i.HAL_TIMEx_BreakCallback  stm32f1xx_hal_tim_ex.o
    0x0800195a   0x0800195a   0x00000002   Code   RO         2780    i.HAL_TIMEx_CommutCallback  stm32f1xx_hal_tim_ex.o
    0x0800195c   0x0800195c   0x00000068   Code   RO         2798    i.HAL_TIMEx_MasterConfigSynchronization  stm32f1xx_hal_tim_ex.o
    0x080019c4   0x080019c4   0x0000005a   Code   RO         2075    i.HAL_TIM_Base_Init  stm32f1xx_hal_tim.o
    0x08001a1e   0x08001a1e   0x00000002   PAD
    0x08001a20   0x08001a20   0x00000098   Code   RO          534    i.HAL_TIM_Base_MspInit  stm32f1xx_hal_msp.o
    0x08001ab8   0x08001ab8   0x00000050   Code   RO         2078    i.HAL_TIM_Base_Start  stm32f1xx_hal_tim.o
    0x08001b08   0x08001b08   0x00000058   Code   RO         2080    i.HAL_TIM_Base_Start_IT  stm32f1xx_hal_tim.o
    0x08001b60   0x08001b60   0x000000d6   Code   RO         2084    i.HAL_TIM_ConfigClockSource  stm32f1xx_hal_tim.o
    0x08001c36   0x08001c36   0x00000002   PAD
    0x08001c38   0x08001c38   0x000000b0   Code   RO           20    i.HAL_TIM_IC_CaptureCallback  main.o
    0x08001ce8   0x08001ce8   0x0000010e   Code   RO         2111    i.HAL_TIM_IC_ConfigChannel  stm32f1xx_hal_tim.o
    0x08001df6   0x08001df6   0x0000005a   Code   RO         2114    i.HAL_TIM_IC_Init   stm32f1xx_hal_tim.o
    0x08001e50   0x08001e50   0x00000002   Code   RO         2116    i.HAL_TIM_IC_MspInit  stm32f1xx_hal_tim.o
    0x08001e52   0x08001e52   0x00000002   PAD
    0x08001e54   0x08001e54   0x000000e0   Code   RO         2119    i.HAL_TIM_IC_Start_IT  stm32f1xx_hal_tim.o
    0x08001f34   0x08001f34   0x00000166   Code   RO         2123    i.HAL_TIM_IRQHandler  stm32f1xx_hal_tim.o
    0x0800209a   0x0800209a   0x00000002   Code   RO         2126    i.HAL_TIM_OC_DelayElapsedCallback  stm32f1xx_hal_tim.o
    0x0800209c   0x0800209c   0x00000002   Code   RO         2153    i.HAL_TIM_PWM_PulseFinishedCallback  stm32f1xx_hal_tim.o
    0x0800209e   0x0800209e   0x00000002   PAD
    0x080020a0   0x080020a0   0x00000014   Code   RO           21    i.HAL_TIM_PeriodElapsedCallback  main.o
    0x080020b4   0x080020b4   0x0000002a   Code   RO         2163    i.HAL_TIM_ReadCapturedValue  stm32f1xx_hal_tim.o
    0x080020de   0x080020de   0x00000002   Code   RO         2166    i.HAL_TIM_TriggerCallback  stm32f1xx_hal_tim.o
    0x080020e0   0x080020e0   0x0000004a   Code   RO         3055    i.HAL_UARTEx_ReceiveToIdle_DMA  stm32f1xx_hal_uart.o
    0x0800212a   0x0800212a   0x00000002   PAD
    0x0800212c   0x0800212c   0x00000058   Code   RO           22    i.HAL_UARTEx_RxEventCallback  main.o
    0x08002184   0x08002184   0x00000002   Code   RO         3071    i.HAL_UART_ErrorCallback  stm32f1xx_hal_uart.o
    0x08002186   0x08002186   0x00000002   PAD
    0x08002188   0x08002188   0x0000020c   Code   RO         3074    i.HAL_UART_IRQHandler  stm32f1xx_hal_uart.o
    0x08002394   0x08002394   0x00000062   Code   RO         3075    i.HAL_UART_Init     stm32f1xx_hal_uart.o
    0x080023f6   0x080023f6   0x00000002   PAD
    0x080023f8   0x080023f8   0x000000dc   Code   RO          536    i.HAL_UART_MspInit  stm32f1xx_hal_msp.o
    0x080024d4   0x080024d4   0x00000002   Code   RO         3081    i.HAL_UART_RxCpltCallback  stm32f1xx_hal_uart.o
    0x080024d6   0x080024d6   0x00000002   Code   RO         3082    i.HAL_UART_RxHalfCpltCallback  stm32f1xx_hal_uart.o
    0x080024d8   0x080024d8   0x00000080   Code   RO         3084    i.HAL_UART_Transmit_DMA  stm32f1xx_hal_uart.o
    0x08002558   0x08002558   0x00000002   Code   RO         3086    i.HAL_UART_TxCpltCallback  stm32f1xx_hal_uart.o
    0x0800255a   0x0800255a   0x00000002   Code   RO         3087    i.HAL_UART_TxHalfCpltCallback  stm32f1xx_hal_uart.o
    0x0800255c   0x0800255c   0x00000080   Code   RO           23    i.HCSR04Task        main.o
    0x080025dc   0x080025dc   0x00000002   Code   RO          428    i.HardFault_Handler  stm32f1xx_it.o
    0x080025de   0x080025de   0x0000002e   Code   RO         1694    i.I2C_IsAcknowledgeFailed  stm32f1xx_hal_i2c.o
    0x0800260c   0x0800260c   0x0000009c   Code   RO         1698    i.I2C_MasterRequestWrite  stm32f1xx_hal_i2c.o
    0x080026a8   0x080026a8   0x0000004c   Code   RO         1709    i.I2C_WaitOnBTFFlagUntilTimeout  stm32f1xx_hal_i2c.o
    0x080026f4   0x080026f4   0x00000068   Code   RO         1710    i.I2C_WaitOnFlagUntilTimeout  stm32f1xx_hal_i2c.o
    0x0800275c   0x0800275c   0x00000096   Code   RO         1711    i.I2C_WaitOnMasterAddressFlagUntilTimeout  stm32f1xx_hal_i2c.o
    0x080027f2   0x080027f2   0x0000004c   Code   RO         1713    i.I2C_WaitOnTXEFlagUntilTimeout  stm32f1xx_hal_i2c.o
    0x0800283e   0x0800283e   0x00000002   PAD
    0x08002840   0x08002840   0x00000118   Code   RO           24    i.LCDTask           main.o
    0x08002958   0x08002958   0x000000f8   Code   RO           25    i.MX_GPIO_Init      main.o
    0x08002a50   0x08002a50   0x00000098   Code   RO           26    i.MX_TIM1_Init      main.o
    0x08002ae8   0x08002ae8   0x00000002   Code   RO          429    i.MemManage_Handler  stm32f1xx_it.o
    0x08002aea   0x08002aea   0x00000002   Code   RO          430    i.NMI_Handler       stm32f1xx_it.o
    0x08002aec   0x08002aec   0x0000004c   Code   RO           27    i.Read_DHT11_Sensor  main.o
    0x08002b38   0x08002b38   0x00000038   Code   RO           28    i.Read_HCSR04_Sensor  main.o
    0x08002b70   0x08002b70   0x00000016   Code   RO           29    i.Set_Pin_Input     main.o
    0x08002b86   0x08002b86   0x00000018   Code   RO           30    i.Set_Pin_Output    main.o
    0x08002b9e   0x08002b9e   0x00000012   Code   RO           31    i.StartDefaultTask  main.o
    0x08002bb0   0x08002bb0   0x0000002c   Code   RO         4629    i.SysTick_Handler   port.o
    0x08002bdc   0x08002bdc   0x0000005e   Code   RO           32    i.SystemClock_Config  main.o
    0x08002c3a   0x08002c3a   0x00000002   Code   RO         3404    i.SystemInit        system_stm32f1xx.o
    0x08002c3c   0x08002c3c   0x0000000c   Code   RO          431    i.TIM1_BRK_IRQHandler  stm32f1xx_it.o
    0x08002c48   0x08002c48   0x0000000c   Code   RO          432    i.TIM1_CC_IRQHandler  stm32f1xx_it.o
    0x08002c54   0x08002c54   0x0000000c   Code   RO          433    i.TIM1_TRG_COM_IRQHandler  stm32f1xx_it.o
    0x08002c60   0x08002c60   0x0000000c   Code   RO          434    i.TIM1_UP_IRQHandler  stm32f1xx_it.o
    0x08002c6c   0x08002c6c   0x0000000c   Code   RO          435    i.TIM3_IRQHandler   stm32f1xx_it.o
    0x08002c78   0x08002c78   0x0000006c   Code   RO         2168    i.TIM_Base_SetConfig  stm32f1xx_hal_tim.o
    0x08002ce4   0x08002ce4   0x0000001a   Code   RO         2169    i.TIM_CCxChannelCmd  stm32f1xx_hal_tim.o
    0x08002cfe   0x08002cfe   0x00000014   Code   RO         2179    i.TIM_ETR_SetConfig  stm32f1xx_hal_tim.o
    0x08002d12   0x08002d12   0x00000010   Code   RO         2180    i.TIM_ITRx_SetConfig  stm32f1xx_hal_tim.o
    0x08002d22   0x08002d22   0x00000022   Code   RO         2186    i.TIM_TI1_ConfigInputStage  stm32f1xx_hal_tim.o
    0x08002d44   0x08002d44   0x00000058   Code   RO         2187    i.TIM_TI1_SetConfig  stm32f1xx_hal_tim.o
    0x08002d9c   0x08002d9c   0x00000024   Code   RO         2188    i.TIM_TI2_ConfigInputStage  stm32f1xx_hal_tim.o
    0x08002dc0   0x08002dc0   0x00000036   Code   RO         2189    i.TIM_TI2_SetConfig  stm32f1xx_hal_tim.o
    0x08002df6   0x08002df6   0x00000002   PAD
    0x08002df8   0x08002df8   0x00000070   Code   RO           33    i.UARTTask          main.o
    0x08002e68   0x08002e68   0x00000010   Code   RO         3088    i.UART_DMAAbortOnError  stm32f1xx_hal_uart.o
    0x08002e78   0x08002e78   0x0000004a   Code   RO         3089    i.UART_DMAError     stm32f1xx_hal_uart.o
    0x08002ec2   0x08002ec2   0x0000005a   Code   RO         3090    i.UART_DMAReceiveCplt  stm32f1xx_hal_uart.o
    0x08002f1c   0x08002f1c   0x0000001a   Code   RO         3092    i.UART_DMARxHalfCplt  stm32f1xx_hal_uart.o
    0x08002f36   0x08002f36   0x0000002e   Code   RO         3094    i.UART_DMATransmitCplt  stm32f1xx_hal_uart.o
    0x08002f64   0x08002f64   0x0000000a   Code   RO         3096    i.UART_DMATxHalfCplt  stm32f1xx_hal_uart.o
    0x08002f6e   0x08002f6e   0x00000030   Code   RO         3098    i.UART_EndRxTransfer  stm32f1xx_hal_uart.o
    0x08002f9e   0x08002f9e   0x00000012   Code   RO         3099    i.UART_EndTxTransfer  stm32f1xx_hal_uart.o
    0x08002fb0   0x08002fb0   0x000000b6   Code   RO         3100    i.UART_Receive_IT   stm32f1xx_hal_uart.o
    0x08003066   0x08003066   0x00000002   PAD
    0x08003068   0x08003068   0x000000b8   Code   RO         3101    i.UART_SetConfig    stm32f1xx_hal_uart.o
    0x08003120   0x08003120   0x00000070   Code   RO         3102    i.UART_Start_Receive_DMA  stm32f1xx_hal_uart.o
    0x08003190   0x08003190   0x0000000c   Code   RO          436    i.USART1_IRQHandler  stm32f1xx_it.o
    0x0800319c   0x0800319c   0x0000040c   Code   RO           34    i.Uart_ThresholdTask  main.o
    0x080035a8   0x080035a8   0x00000002   Code   RO          437    i.UsageFault_Handler  stm32f1xx_it.o
    0x080035aa   0x080035aa   0x00000020   Code   RO         1154    i.__NVIC_SetPriority  stm32f1xx_hal_cortex.o
    0x080035ca   0x080035ca   0x00000002   PAD
    0x080035cc   0x080035cc   0x00000018   Code   RO           35    i.delay_us          main.o
    0x080035e4   0x080035e4   0x0000000c   Code   RO         4198    i.inHandlerMode     cmsis_os.o
    0x080035f0   0x080035f0   0x00000234   Code   RO           36    i.main              main.o
    0x08003824   0x08003824   0x0000000c   Code   RO         4200    i.makeFreeRtosPriority  cmsis_os.o
    0x08003830   0x08003830   0x0000000e   Code   RO         4202    i.osDelay           cmsis_os.o
    0x0800383e   0x0800383e   0x0000000a   Code   RO         4205    i.osKernelStart     cmsis_os.o
    0x08003848   0x08003848   0x0000000c   Code   RO         4207    i.osMailAlloc       cmsis_os.o
    0x08003854   0x08003854   0x0000005c   Code   RO         4209    i.osMailCreate      cmsis_os.o
    0x080038b0   0x080038b0   0x0000000c   Code   RO         4210    i.osMailFree        cmsis_os.o
    0x080038bc   0x080038bc   0x00000090   Code   RO         4211    i.osMailGet         cmsis_os.o
    0x0800394c   0x0800394c   0x0000005c   Code   RO         4212    i.osMailPut         cmsis_os.o
    0x080039a8   0x080039a8   0x0000006a   Code   RO         4224    i.osPoolAlloc       cmsis_os.o
    0x08003a12   0x08003a12   0x0000005e   Code   RO         4226    i.osPoolCreate      cmsis_os.o
    0x08003a70   0x08003a70   0x00000030   Code   RO         4227    i.osPoolFree        cmsis_os.o
    0x08003aa0   0x08003aa0   0x00000054   Code   RO         4239    i.osThreadCreate    cmsis_os.o
    0x08003af4   0x08003af4   0x00000070   Code   RO         3897    i.prvAddCurrentTaskToDelayedList  tasks.o
    0x08003b64   0x08003b64   0x000000d0   Code   RO         3898    i.prvAddNewTaskToReadyList  tasks.o
    0x08003c34   0x08003c34   0x00000026   Code   RO         3582    i.prvCopyDataFromQueue  queue.o
    0x08003c5a   0x08003c5a   0x0000006c   Code   RO         3583    i.prvCopyDataToQueue  queue.o
    0x08003cc6   0x08003cc6   0x00000034   Code   RO         3899    i.prvDeleteTCB      tasks.o
    0x08003cfa   0x08003cfa   0x00000002   PAD
    0x08003cfc   0x08003cfc   0x0000004c   Code   RO         4567    i.prvHeapInit       heap_4.o
    0x08003d48   0x08003d48   0x00000060   Code   RO         3900    i.prvIdleTask       tasks.o
    0x08003da8   0x08003da8   0x00000016   Code   RO         3585    i.prvInitialiseNewQueue  queue.o
    0x08003dbe   0x08003dbe   0x0000008e   Code   RO         3901    i.prvInitialiseNewTask  tasks.o
    0x08003e4c   0x08003e4c   0x0000004c   Code   RO         4568    i.prvInsertBlockIntoFreeList  heap_4.o
    0x08003e98   0x08003e98   0x0000001c   Code   RO         3586    i.prvIsQueueEmpty   queue.o
    0x08003eb4   0x08003eb4   0x00000020   Code   RO         3902    i.prvResetNextTaskUnblockTime  tasks.o
    0x08003ed4   0x08003ed4   0x00000028   Code   RO         4630    i.prvTaskExitError  port.o
    0x08003efc   0x08003efc   0x00000034   Code   RO         3903    i.prvTaskIsTaskSuspended  tasks.o
    0x08003f30   0x08003f30   0x0000006a   Code   RO         3587    i.prvUnlockQueue    queue.o
    0x08003f9a   0x08003f9a   0x00000002   PAD
    0x08003f9c   0x08003f9c   0x000000d8   Code   RO         4569    i.pvPortMalloc      heap_4.o
    0x08004074   0x08004074   0x00000024   Code   RO         4631    i.pxPortInitialiseStack  port.o
    0x08004098   0x08004098   0x00000026   Code   RO         3542    i.uxListRemove      list.o
    0x080040be   0x080040be   0x00000002   PAD
    0x080040c0   0x080040c0   0x00000014   Code   RO          390    i.vApplicationGetIdleTaskMemory  freertos.o
    0x080040d4   0x080040d4   0x00000016   Code   RO         3543    i.vListInitialise   list.o
    0x080040ea   0x080040ea   0x00000006   Code   RO         3544    i.vListInitialiseItem  list.o
    0x080040f0   0x080040f0   0x00000030   Code   RO         3545    i.vListInsert       list.o
    0x08004120   0x08004120   0x00000018   Code   RO         3546    i.vListInsertEnd    list.o
    0x08004138   0x08004138   0x00000040   Code   RO         4633    i.vPortEnterCritical  port.o
    0x08004178   0x08004178   0x00000028   Code   RO         4634    i.vPortExitCritical  port.o
    0x080041a0   0x080041a0   0x0000005c   Code   RO         4570    i.vPortFree         heap_4.o
    0x080041fc   0x080041fc   0x00000024   Code   RO         4635    i.vPortSetupTimerInterrupt  port.o
    0x08004220   0x08004220   0x00000054   Code   RO         4636    i.vPortValidateInterruptPriority  port.o
    0x08004274   0x08004274   0x0000004c   Code   RO         3910    i.vTaskDelay        tasks.o
    0x080042c0   0x080042c0   0x00000010   Code   RO         3913    i.vTaskInternalSetTimeOutState  tasks.o
    0x080042d0   0x080042d0   0x0000000c   Code   RO         3914    i.vTaskMissedYield  tasks.o
    0x080042dc   0x080042dc   0x00000030   Code   RO         3916    i.vTaskPlaceOnEventList  tasks.o
    0x0800430c   0x0800430c   0x0000006c   Code   RO         3923    i.vTaskStartScheduler  tasks.o
    0x08004378   0x08004378   0x000000bc   Code   RO         3924    i.vTaskSuspend      tasks.o
    0x08004434   0x08004434   0x00000010   Code   RO         3925    i.vTaskSuspendAll   tasks.o
    0x08004444   0x08004444   0x0000005c   Code   RO         3926    i.vTaskSwitchContext  tasks.o
    0x080044a0   0x080044a0   0x000000a8   Code   RO         4637    i.xPortStartScheduler  port.o
    0x08004548   0x08004548   0x00000048   Code   RO         3596    i.xQueueGenericCreate  queue.o
    0x08004590   0x08004590   0x00000088   Code   RO         3598    i.xQueueGenericReset  queue.o
    0x08004618   0x08004618   0x00000160   Code   RO         3599    i.xQueueGenericSend  queue.o
    0x08004778   0x08004778   0x000000bc   Code   RO         3600    i.xQueueGenericSendFromISR  queue.o
    0x08004834   0x08004834   0x00000138   Code   RO         3606    i.xQueueReceive     queue.o
    0x0800496c   0x0800496c   0x0000009a   Code   RO         3607    i.xQueueReceiveFromISR  queue.o
    0x08004a06   0x08004a06   0x00000002   PAD
    0x08004a08   0x08004a08   0x00000074   Code   RO         3927    i.xTaskCheckForTimeOut  tasks.o
    0x08004a7c   0x08004a7c   0x0000005a   Code   RO         3928    i.xTaskCreate       tasks.o
    0x08004ad6   0x08004ad6   0x00000056   Code   RO         3929    i.xTaskCreateStatic  tasks.o
    0x08004b2c   0x08004b2c   0x0000001c   Code   RO         3933    i.xTaskGetSchedulerState  tasks.o
    0x08004b48   0x08004b48   0x0000000c   Code   RO         3934    i.xTaskGetTickCount  tasks.o
    0x08004b54   0x08004b54   0x000000c8   Code   RO         3936    i.xTaskIncrementTick  tasks.o
    0x08004c1c   0x08004c1c   0x00000098   Code   RO         3939    i.xTaskPriorityDisinherit  tasks.o
    0x08004cb4   0x08004cb4   0x00000074   Code   RO         3941    i.xTaskRemoveFromEventList  tasks.o
    0x08004d28   0x08004d28   0x000000c4   Code   RO         3942    i.xTaskResumeAll    tasks.o
    0x08004dec   0x08004dec   0x00000088   Code   RO         3943    i.xTaskResumeFromISR  tasks.o
    0x08004e74   0x08004e74   0x00000010   Code   RO         4871    x$fpl$dcheck1       fz_ws.l(dcheck1.o)
    0x08004e84   0x08004e84   0x0000005a   Code   RO         4839    x$fpl$dfixu         fz_ws.l(dfixu.o)
    0x08004ede   0x08004ede   0x00000026   Code   RO         4843    x$fpl$dfltu         fz_ws.l(dflt_clz.o)
    0x08004f04   0x08004f04   0x00000154   Code   RO         4849    x$fpl$dmul          fz_ws.l(dmul.o)
    0x08005058   0x08005058   0x0000009c   Code   RO         4873    x$fpl$dnaninf       fz_ws.l(dnaninf.o)
    0x080050f4   0x080050f4   0x0000000c   Code   RO         4875    x$fpl$dretinf       fz_ws.l(dretinf.o)
    0x08005100   0x08005100   0x0000003e   Code   RO         4851    x$fpl$ffixu         fz_ws.l(ffixu.o)
    0x0800513e   0x0800513e   0x00000002   PAD
    0x08005140   0x08005140   0x00000026   Code   RO         4855    x$fpl$ffltu         fz_ws.l(fflt_clz.o)
    0x08005166   0x08005166   0x0000008c   Code   RO         4877    x$fpl$fnaninf       fz_ws.l(fnaninf.o)
    0x080051f2   0x080051f2   0x00000064   Code   RO         4897    x$fpl$retnan        fz_ws.l(retnan.o)
    0x08005256   0x08005256   0x0000005c   Code   RO         4861    x$fpl$scalbn        fz_ws.l(scalbn.o)
    0x080052b2   0x080052b2   0x00000030   Code   RO         4909    x$fpl$trapveneer    fz_ws.l(trapv.o)
    0x080052e2   0x080052e2   0x00000000   Code   RO         4879    x$fpl$usenofp       fz_ws.l(usenofp.o)
    0x080052e2   0x080052e2   0x00000002   PAD
    0x080052e4   0x080052e4   0x000000e8   Data   RO           43    .constdata          main.o
    0x080053cc   0x080053cc   0x00000010   Data   RO         3405    .constdata          system_stm32f1xx.o
    0x080053dc   0x080053dc   0x00000008   Data   RO         3406    .constdata          system_stm32f1xx.o
    0x080053e4   0x080053e4   0x00000064   Data   RO           44    .conststring        main.o
    0x08005448   0x08005448   0x00000020   Data   RO         5038    Region$$Table       anon$$obj.o


    Execution Region RW_IRAM1 (Exec base: 0x20000000, Load base: 0x08005468, Size: 0x000034b0, Max: 0x00005000, ABSOLUTE)

    Exec Addr    Load Addr    Size         Type   Attr      Idx    E Section Name        Object

    0x20000000   0x08005468   0x00000084   Data   RW           46    .data               main.o
    0x20000084   0x080054ec   0x0000000c   Data   RW          691    .data               stm32f1xx_hal.o
    0x20000090   0x080054f8   0x00000004   Data   RW         3407    .data               system_stm32f1xx.o
    0x20000094   0x080054fc   0x0000003c   Data   RW         3945    .data               tasks.o
    0x200000d0   0x08005538   0x00000018   Data   RW         4575    .data               heap_4.o
    0x200000e8   0x08005550   0x0000000c   Data   RW         4638    .data               port.o
    0x200000f4        -       0x0000018c   Zero   RW           40    .bss                main.o
    0x20000280        -       0x00000044   Zero   RW           42    .bss                main.o
    0x200002c4        -       0x00000254   Zero   RW          391    .bss                freertos.o
    0x20000518        -       0x00000048   Zero   RW          594    .bss                stm32f1xx_hal_timebase_tim.o
    0x20000560        -       0x000000f0   Zero   RW         3944    .bss                tasks.o
    0x20000650        -       0x00002800   Zero   RW         4574    .bss                heap_4.o
    0x20002e50        -       0x00000060   Zero   RW         4912    .bss                c_w.l(libspace.o)
    0x20002eb0        -       0x00000200   Zero   RW            2    HEAP                startup_stm32f103xb.o
    0x200030b0        -       0x00000400   Zero   RW            1    STACK               startup_stm32f103xb.o


==============================================================================

Image component sizes


      Code (inc. data)   RO Data    RW Data    ZI Data      Debug   Object Name

       386          0          0          0          0       5566   clcd_i2c.o
       732          8          0          0          0      32975   cmsis_os.o
         0          0          0          0          0      18268   event_groups.o
        20          4          0          0        596       1284   freertos.o
       460         24          0         24      10240       7351   heap_4.o
       138          0          0          0          0       3498   list.o
      3686        538        332        132        464     488547   main.o
       662         70          0         12          0      11357   port.o
      1516         14          0          0          0      14077   queue.o
        64         26        236          0       1536        828   startup_stm32f103xb.o
       100         18          0         12          0       5362   stm32f1xx_hal.o
       158         14          0          0          0      28274   stm32f1xx_hal_cortex.o
       808         36          0          0          0       5106   stm32f1xx_hal_dma.o
       500         34          0          0          0       3583   stm32f1xx_hal_gpio.o
      1300         32          0          0          0       9073   stm32f1xx_hal_i2c.o
       536         62          0          0          0       3242   stm32f1xx_hal_msp.o
      1336        110          0          0          0       5933   stm32f1xx_hal_rcc.o
      1846         64          0          0          0      16253   stm32f1xx_hal_tim.o
       108         12          0          0          0       2437   stm32f1xx_hal_tim_ex.o
       152         20          0          0         72       1527   stm32f1xx_hal_timebase_tim.o
      1640         38          0          0          0      14403   stm32f1xx_hal_uart.o
       108         48          0          0          0       6347   stm32f1xx_it.o
         0          0          0          0          0        392   stream_buffer.o
         2          0         24          4          0       1167   system_stm32f1xx.o
      2382        180          0         60        240      25274   tasks.o

    ----------------------------------------------------------------------
     18678       1352        624        244      13148     712124   Object Totals
         0          0         32          0          0          0   (incl. Generated)
        38          0          0          0          0          0   (incl. Padding)

    ----------------------------------------------------------------------

      Code (inc. data)   RO Data    RW Data    ZI Data      Debug   Library Member Name

         8          0          0          0          0         68   __main.o
       104          0          0          0          0         84   __printf.o
         0          0          0          0          0          0   __rtentry.o
        12          0          0          0          0          0   __rtentry2.o
         6          0          0          0          0          0   __rtentry4.o
        52          8          0          0          0          0   __scatter.o
        26          0          0          0          0          0   __scatter_copy.o
        28          0          0          0          0          0   __scatter_zi.o
        48          6          0          0          0         96   _printf_char_common.o
         6          0          0          0          0          0   _printf_d.o
       120         16          0          0          0         92   _printf_dec.o
       178          0          0          0          0         88   _printf_intcommon.o
         0          0          0          0          0          0   _printf_percent.o
         4          0          0          0          0          0   _printf_percent_end.o
        10          0          0          0          0         68   _sputc.o
        18          0          0          0          0         80   exit.o
         6          0          0          0          0        152   heapauxi.o
         0          0          0          0          0          0   indicate_semi.o
         2          0          0          0          0          0   libinit.o
         2          0          0          0          0          0   libinit2.o
         2          0          0          0          0          0   libshutdown.o
         2          0          0          0          0          0   libshutdown2.o
         8          4          0          0         96         68   libspace.o
        40          6          0          0          0         84   noretval__2sprintf.o
        68          0          0          0          0         68   rt_memclr.o
        78          0          0          0          0         80   rt_memclr_w.o
       138          0          0          0          0         68   rt_memcpy_v6.o
       100          0          0          0          0         80   rt_memcpy_w.o
         2          0          0          0          0          0   rtexit.o
        10          0          0          0          0          0   rtexit2.o
        12          4          0          0          0         68   sys_exit.o
        74          0          0          0          0         80   sys_stackheap_outer.o
         2          0          0          0          0         68   use_no_semi.o
        16          4          0          0          0         68   dcheck1.o
        90          4          0          0          0         92   dfixu.o
        38          0          0          0          0         68   dflt_clz.o
       340         12          0          0          0        104   dmul.o
       156          4          0          0          0         92   dnaninf.o
        12          0          0          0          0         68   dretinf.o
        62          4          0          0          0         84   ffixu.o
        38          0          0          0          0         68   fflt_clz.o
       140          4          0          0          0         84   fnaninf.o
       100          0          0          0          0         68   retnan.o
        92          0          0          0          0         68   scalbn.o
        48          0          0          0          0         68   trapv.o
         0          0          0          0          0          0   usenofp.o

    ----------------------------------------------------------------------
      2306         76          0          0         96       2324   Library Totals
         8          0          0          0          0          0   (incl. Padding)

    ----------------------------------------------------------------------

      Code (inc. data)   RO Data    RW Data    ZI Data      Debug   Library Name

      1166         44          0          0         96       1392   c_w.l
      1132         32          0          0          0        932   fz_ws.l

    ----------------------------------------------------------------------
      2306         76          0          0         96       2324   Library Totals

    ----------------------------------------------------------------------

==============================================================================


      Code (inc. data)   RO Data    RW Data    ZI Data      Debug   

     20984       1428        624        244      13244     703420   Grand Totals
     20984       1428        624        244      13244     703420   ELF Image Totals
     20984       1428        624        244          0          0   ROM Totals

==============================================================================

    Total RO  Size (Code + RO Data)                21608 (  21.10kB)
    Total RW  Size (RW Data + ZI Data)             13488 (  13.17kB)
    Total ROM Size (Code + RO Data + RW Data)      21852 (  21.34kB)

==============================================================================

