<html>
<body>
<pre>
<h1>µVision Build Log</h1>
<h2>Tool Versions:</h2>
IDE-Version: µVision V5.28.0.0
Copyright (C) 2019 ARM Ltd and ARM Germany GmbH. All rights reserved.
License Information: Khanh Dinh, Teoth3004, LIC=D0DAR-KPC9Y-VEUHA-19MLR-MD3AF-4YKID
 
Tool Versions:
Toolchain:       MDK-ARM Plus  Version: 5.28.0.0
Toolchain Path:  E:\Keilc V5\ARM\ARMCC\Bin
C Compiler:      Armcc.exe V5.06 update 6 (build 750)
Assembler:       Armasm.exe V5.06 update 6 (build 750)
Linker/Locator:  ArmLink.exe V5.06 update 6 (build 750)
Library Manager: ArmAr.exe V5.06 update 6 (build 750)
Hex Converter:   FromElf.exe V5.06 update 6 (build 750)
CPU DLL:         SARMCM3.DLL V5.28.0.0
Dialog DLL:      DCM.DLL V1.17.3.0
Target DLL:      STLink\ST-LINKIII-KEIL_SWO.dll V3.0.6.0
Dialog DLL:      TCM.DLL V1.36.2.0
 
<h2>Project:</h2>
F:\Desktop\Thiet_ke_he_thong_nhung\1-Multi\ES_Design_7\MDK-ARM\ES_Design.uvprojx
Project File Date:  03/10/2023

<h2>Output:</h2>
*** Using Compiler 'V5.06 update 6 (build 750)', folder: 'E:\Keilc V5\ARM\ARMCC\Bin'
Build target 'ES_Design'
compiling main.c...
../Core/Src/main.c(671): warning:  #188-D: enumerated type mixed with another type
  	HAL_GPIO_WritePin (DHT11_GPIO_Port, DHT11_Pin, 0);   // pull the pin low
../Core/Src/main.c(673): warning:  #188-D: enumerated type mixed with another type
      HAL_GPIO_WritePin(DHT11_GPIO_Port, DHT11_Pin, 1);   // pull the pin high
../Core/Src/main.c(686): warning:  #68-D: integer conversion resulted in a change of sign
  		else Response = -1; // 255
../Core/Src/main.c(1165): warning:  #177-D: variable "time_now"  was declared but never referenced
    uint32_t time_now = 0;
../Core/Src/main.c(1166): warning:  #177-D: variable "time_pre"  was declared but never referenced
    uint32_t time_pre = 0;
../Core/Src/main.c(1303): warning:  #177-D: variable "time_now"  was declared but never referenced
    uint32_t time_now = 0;
../Core/Src/main.c(1304): warning:  #177-D: variable "time_pre"  was declared but never referenced
    uint32_t time_pre = 0;
../Core/Src/main.c(1383): warning:  #550-D: variable "Frequency_Humi"  was set but never used
    uint32_t Frequency_Humi = 2000;
../Core/Src/main.c(1384): warning:  #550-D: variable "Frequency_Dist"  was set but never used
    uint32_t Frequency_Dist = 3000;
../Core/Src/main.c(1386): warning:  #550-D: variable "Threshold_Temp"  was set but never used
    uint32_t Threshold_Temp = 100;
../Core/Src/main.c(1387): warning:  #550-D: variable "Threshold_Humi"  was set but never used
    uint32_t Threshold_Humi = 100;
../Core/Src/main.c(1388): warning:  #550-D: variable "Threshold_Dist"  was set but never used
    uint32_t Threshold_Dist = 100;
../Core/Src/main.c(1401): warning:  #177-D: variable "time_humi"  was declared but never referenced
    uint32_t time_humi = 0;
../Core/Src/main.c(1402): warning:  #177-D: variable "time_distance"  was declared but never referenced
    uint32_t time_distance = 0;
../Core/Src/main.c: 14 warnings, 0 errors
linking...
Program Size: Code=19336 RO-data=712 RW-data=300 ZI-data=13588  
FromELF: creating hex file...
"ES_Design\ES_Design.axf" - 0 Error(s), 14 Warning(s).

<h2>Software Packages used:</h2>

Package Vendor: ARM
                http://www.keil.com/pack/ARM.CMSIS.5.9.0.pack
                ARM.CMSIS.5.9.0
                CMSIS (Common Microcontroller Software Interface Standard)
   * Component: CORE Version: 5.6.0

Package Vendor: Keil
                http://www.keil.com/pack/Keil.STM32F1xx_DFP.2.4.0.pack
                Keil.STM32F1xx_DFP.2.4.0
                STMicroelectronics STM32F1 Series Device Support, Drivers and Examples

<h2>Collection of Component include folders:</h2>
  .\RTE\_ES_Design
  E:\Keilc V5\ARM\CMSIS\5.9.0\CMSIS\Core\Include
  E:\Keilc V5\Keil\STM32F1xx_DFP\2.4.0\Device\Include

<h2>Collection of Component Files used:</h2>

   * Component: ARM::CMSIS:CORE:5.6.0
      Include file:  CMSIS\Core\Include\tz_context.h
Build Time Elapsed:  00:00:04
</pre>
</body>
</html>
