../Core/Src/main.c:232:6:HAL_GPIO_EXTI_Callback	16	static
../Core/Src/main.c:273:6:delay_us	16	static
../Core/Src/main.c:279:6:HAL_TIM_IC_CaptureCallback	16	static
../Core/Src/main.c:319:6:Read_HCSR04_Sensor	8	static
../Core/Src/main.c:327:6:LCD_Display	24	static
../Core/Src/main.c:336:6:DHT11_UART_Transmit	32	static
../Core/Src/main.c:349:6:Temp_UART_Transmit	16	static
../Core/Src/main.c:362:6:Humi_UART_Transmit	16	static
../Core/Src/main.c:373:6:Humi_HCSR04_UART_Transmit	16	static
../Core/Src/main.c:384:6:Temp_HCSR04_UART_Transmit	16	static
../Core/Src/main.c:395:6:HCSR04_UART_Transmit	16	static
../Core/Src/main.c:407:6:DHT11_HCSR04_UART_Transmit	40	static
../Core/Src/main.c:418:6:processRecCmd	24	static
../Core/Src/main.c:509:6:HAL_UARTEx_RxEventCallback	24	static
../Core/Src/main.c:523:6:HAL_TIM_PeriodElapsedCallback	16	static
../Core/Src/main.c:605:6:Set_Pin_Output	32	static
../Core/Src/main.c:614:6:Set_Pin_Input	32	static
../Core/Src/main.c:623:6:DHT11_Start	8	static
../Core/Src/main.c:633:9:DHT11_Check_Response	16	static
../Core/Src/main.c:651:9:DHT11_Read	16	static
../Core/Src/main.c:670:6:Read_DHT11_Sensor	8	static
../Core/Src/main.c:694:5:main	32	static
../Core/Src/main.c:896:6:SystemClock_Config	72	static
../Core/Src/main.c:936:13:MX_TIM1_Init	48	static
../Core/Src/main.c:995:13:MX_TIM4_Init	32	static
../Core/Src/main.c:1040:13:MX_USART1_UART_Init	8	static
../Core/Src/main.c:1071:13:MX_DMA_Init	16	static
../Core/Src/main.c:1092:13:MX_GPIO_Init	40	static
../Core/Src/main.c:1155:6:Error_Handler	4	static
